<?xml version="1.0" encoding="UTF-8"?>
<testsuites>
  <testsuite name="/Users/brian/Developer/packages/assert/phpunit.xml.dist" tests="835" assertions="1494" errors="0" failures="0" skipped="0" time="4.049305">
    <testsuite name="default" tests="835" assertions="1494" errors="0" failures="0" skipped="0" time="4.049305">
      <testsuite name="Tests\Unit\AssertionCodesUniqueTest" file="tests/Unit/AssertionCodesUniqueTest.php" tests="1" assertions="1" errors="0" failures="0" skipped="0" time="0.060550">
        <testcase name="`Edge Cases` → assertion codes are unique across all constants" file="tests/Unit/AssertionCodesUniqueTest.php::`Edge Cases` → assertion codes are unique across all constants" class="Tests\Unit\AssertionCodesUniqueTest" classname="Tests.Unit.AssertionCodesUniqueTest" assertions="1" time="0.060550"/>
      </testsuite>
      <testsuite name="Tests\Unit\Assertions\AssertTest" file="tests/Unit/Assertions/AssertTest.php" tests="582" assertions="1087" errors="0" failures="0" skipped="0" time="2.632392">
        <testcase name="`Numeric Assertions` → `Happy Paths` → accepts valid positive integer values" file="tests/Unit/Assertions/AssertTest.php::`Numeric Assertions` → `Happy Paths` → accepts valid positive integer values" class="Tests\Unit\Assertions\AssertTest" classname="Tests.Unit.Assertions.AssertTest" assertions="3" time="0.011778"/>
        <testcase name="`Numeric Assertions` → `Happy Paths` → accepts valid natural number values" file="tests/Unit/Assertions/AssertTest.php::`Numeric Assertions` → `Happy Paths` → accepts valid natural number values" class="Tests\Unit\Assertions\AssertTest" classname="Tests.Unit.Assertions.AssertTest" assertions="4" time="0.001543"/>
        <testcase name="`Numeric Assertions` → `Sad Paths` → rejects zero in positive integer validation" file="tests/Unit/Assertions/AssertTest.php::`Numeric Assertions` → `Sad Paths` → rejects zero in positive integer validation" class="Tests\Unit\Assertions\AssertTest" classname="Tests.Unit.Assertions.AssertTest" assertions="2" time="0.001945"/>
        <testcase name="`Numeric Assertions` → `Sad Paths` → rejects negative integers in positive integer validation" file="tests/Unit/Assertions/AssertTest.php::`Numeric Assertions` → `Sad Paths` → rejects negative integers in positive integer validation" class="Tests\Unit\Assertions\AssertTest" classname="Tests.Unit.Assertions.AssertTest" assertions="2" time="0.001311"/>
        <testcase name="`Numeric Assertions` → `Sad Paths` → rejects float values in positive integer validation" file="tests/Unit/Assertions/AssertTest.php::`Numeric Assertions` → `Sad Paths` → rejects float values in positive integer validation" class="Tests\Unit\Assertions\AssertTest" classname="Tests.Unit.Assertions.AssertTest" assertions="2" time="0.001101"/>
        <testcase name="`Numeric Assertions` → `Sad Paths` → rejects string values in positive integer validation" file="tests/Unit/Assertions/AssertTest.php::`Numeric Assertions` → `Sad Paths` → rejects string values in positive integer validation" class="Tests\Unit\Assertions\AssertTest" classname="Tests.Unit.Assertions.AssertTest" assertions="2" time="0.001105"/>
        <testcase name="`Numeric Assertions` → `Sad Paths` → rejects null in positive integer validation" file="tests/Unit/Assertions/AssertTest.php::`Numeric Assertions` → `Sad Paths` → rejects null in positive integer validation" class="Tests\Unit\Assertions\AssertTest" classname="Tests.Unit.Assertions.AssertTest" assertions="2" time="0.001178"/>
        <testcase name="`Numeric Assertions` → `Sad Paths` → rejects object in positive integer validation" file="tests/Unit/Assertions/AssertTest.php::`Numeric Assertions` → `Sad Paths` → rejects object in positive integer validation" class="Tests\Unit\Assertions\AssertTest" classname="Tests.Unit.Assertions.AssertTest" assertions="2" time="0.001076"/>
        <testcase name="`Numeric Assertions` → `Sad Paths` → rejects negative integers in natural number validation" file="tests/Unit/Assertions/AssertTest.php::`Numeric Assertions` → `Sad Paths` → rejects negative integers in natural number validation" class="Tests\Unit\Assertions\AssertTest" classname="Tests.Unit.Assertions.AssertTest" assertions="2" time="0.001107"/>
        <testcase name="`Numeric Assertions` → `Sad Paths` → rejects float values in natural number validation" file="tests/Unit/Assertions/AssertTest.php::`Numeric Assertions` → `Sad Paths` → rejects float values in natural number validation" class="Tests\Unit\Assertions\AssertTest" classname="Tests.Unit.Assertions.AssertTest" assertions="2" time="0.001500"/>
        <testcase name="`Numeric Assertions` → `Sad Paths` → rejects string values in natural number validation" file="tests/Unit/Assertions/AssertTest.php::`Numeric Assertions` → `Sad Paths` → rejects string values in natural number validation" class="Tests\Unit\Assertions\AssertTest" classname="Tests.Unit.Assertions.AssertTest" assertions="2" time="0.001499"/>
        <testcase name="`Numeric Assertions` → `Sad Paths` → rejects null in natural number validation" file="tests/Unit/Assertions/AssertTest.php::`Numeric Assertions` → `Sad Paths` → rejects null in natural number validation" class="Tests\Unit\Assertions\AssertTest" classname="Tests.Unit.Assertions.AssertTest" assertions="2" time="0.001518"/>
        <testcase name="`Numeric Assertions` → `Sad Paths` → rejects object in natural number validation" file="tests/Unit/Assertions/AssertTest.php::`Numeric Assertions` → `Sad Paths` → rejects object in natural number validation" class="Tests\Unit\Assertions\AssertTest" classname="Tests.Unit.Assertions.AssertTest" assertions="2" time="0.001909"/>
        <testcase name="`Type Assertions` → `Happy Paths` → accepts valid float values" file="tests/Unit/Assertions/AssertTest.php::`Type Assertions` → `Happy Paths` → accepts valid float values" class="Tests\Unit\Assertions\AssertTest" classname="Tests.Unit.Assertions.AssertTest" assertions="3" time="0.001911"/>
        <testcase name="`Type Assertions` → `Happy Paths` → accepts valid integer values" file="tests/Unit/Assertions/AssertTest.php::`Type Assertions` → `Happy Paths` → accepts valid integer values" class="Tests\Unit\Assertions\AssertTest" classname="Tests.Unit.Assertions.AssertTest" assertions="2" time="0.001734"/>
        <testsuite name="`Type Assertions` → `Happy Paths` → accepts valid integerish va" tests="13" assertions="13" errors="0" failures="0" skipped="0" time="0.023232">
          <testcase name="`Type Assertions` → `Happy Paths` → accepts valid integerish values with data set &quot;(10)&quot;" file="tests/Unit/Assertions/AssertTest.php::`Type Assertions` → `Happy Paths` → accepts valid integerish values with data set &quot;(10)&quot;" class="Tests\Unit\Assertions\AssertTest" classname="Tests.Unit.Assertions.AssertTest" assertions="1" time="0.001711"/>
          <testcase name="`Type Assertions` → `Happy Paths` → accepts valid integerish values with data set &quot;('10')&quot;" file="tests/Unit/Assertions/AssertTest.php::`Type Assertions` → `Happy Paths` → accepts valid integerish values with data set &quot;('10')&quot;" class="Tests\Unit\Assertions\AssertTest" classname="Tests.Unit.Assertions.AssertTest" assertions="1" time="0.001931"/>
          <testcase name="`Type Assertions` → `Happy Paths` → accepts valid integerish values with data set &quot;(-10)&quot;" file="tests/Unit/Assertions/AssertTest.php::`Type Assertions` → `Happy Paths` → accepts valid integerish values with data set &quot;(-10)&quot;" class="Tests\Unit\Assertions\AssertTest" classname="Tests.Unit.Assertions.AssertTest" assertions="1" time="0.001759"/>
          <testcase name="`Type Assertions` → `Happy Paths` → accepts valid integerish values with data set &quot;('-10')&quot;" file="tests/Unit/Assertions/AssertTest.php::`Type Assertions` → `Happy Paths` → accepts valid integerish values with data set &quot;('-10')&quot;" class="Tests\Unit\Assertions\AssertTest" classname="Tests.Unit.Assertions.AssertTest" assertions="1" time="0.001615"/>
          <testcase name="`Type Assertions` → `Happy Paths` → accepts valid integerish values with data set &quot;(83) #1&quot;" file="tests/Unit/Assertions/AssertTest.php::`Type Assertions` → `Happy Paths` → accepts valid integerish values with data set &quot;(83) #1&quot;" class="Tests\Unit\Assertions\AssertTest" classname="Tests.Unit.Assertions.AssertTest" assertions="1" time="0.001603"/>
          <testcase name="`Type Assertions` → `Happy Paths` → accepts valid integerish values with data set &quot;('0123')&quot;" file="tests/Unit/Assertions/AssertTest.php::`Type Assertions` → `Happy Paths` → accepts valid integerish values with data set &quot;('0123')&quot;" class="Tests\Unit\Assertions\AssertTest" classname="Tests.Unit.Assertions.AssertTest" assertions="1" time="0.001842"/>
          <testcase name="`Type Assertions` → `Happy Paths` → accepts valid integerish values with data set &quot;(0) #1&quot;" file="tests/Unit/Assertions/AssertTest.php::`Type Assertions` → `Happy Paths` → accepts valid integerish values with data set &quot;(0) #1&quot;" class="Tests\Unit\Assertions\AssertTest" classname="Tests.Unit.Assertions.AssertTest" assertions="1" time="0.001810"/>
          <testcase name="`Type Assertions` → `Happy Paths` → accepts valid integerish values with data set &quot;('0')&quot;" file="tests/Unit/Assertions/AssertTest.php::`Type Assertions` → `Happy Paths` → accepts valid integerish values with data set &quot;('0')&quot;" class="Tests\Unit\Assertions\AssertTest" classname="Tests.Unit.Assertions.AssertTest" assertions="1" time="0.001862"/>
          <testcase name="`Type Assertions` → `Happy Paths` → accepts valid integerish values with data set &quot;(83) #2&quot;" file="tests/Unit/Assertions/AssertTest.php::`Type Assertions` → `Happy Paths` → accepts valid integerish values with data set &quot;(83) #2&quot;" class="Tests\Unit\Assertions\AssertTest" classname="Tests.Unit.Assertions.AssertTest" assertions="1" time="0.001944"/>
          <testcase name="`Type Assertions` → `Happy Paths` → accepts valid integerish values with data set &quot;('00123')&quot;" file="tests/Unit/Assertions/AssertTest.php::`Type Assertions` → `Happy Paths` → accepts valid integerish values with data set &quot;('00123')&quot;" class="Tests\Unit\Assertions\AssertTest" classname="Tests.Unit.Assertions.AssertTest" assertions="1" time="0.001944"/>
          <testcase name="`Type Assertions` → `Happy Paths` → accepts valid integerish values with data set &quot;(0) #2&quot;" file="tests/Unit/Assertions/AssertTest.php::`Type Assertions` → `Happy Paths` → accepts valid integerish values with data set &quot;(0) #2&quot;" class="Tests\Unit\Assertions\AssertTest" classname="Tests.Unit.Assertions.AssertTest" assertions="1" time="0.001782"/>
          <testcase name="`Type Assertions` → `Happy Paths` → accepts valid integerish values with data set &quot;('00')&quot;" file="tests/Unit/Assertions/AssertTest.php::`Type Assertions` → `Happy Paths` → accepts valid integerish values with data set &quot;('00')&quot;" class="Tests\Unit\Assertions\AssertTest" classname="Tests.Unit.Assertions.AssertTest" assertions="1" time="0.001901"/>
          <testcase name="`Type Assertions` → `Happy Paths` → accepts valid integerish values with data set &quot;('0040')&quot;" file="tests/Unit/Assertions/AssertTest.php::`Type Assertions` → `Happy Paths` → accepts valid integerish values with data set &quot;('0040')&quot;" class="Tests\Unit\Assertions\AssertTest" classname="Tests.Unit.Assertions.AssertTest" assertions="1" time="0.001528"/>
        </testsuite>
        <testcase name="`Type Assertions` → `Happy Paths` → accepts valid boolean values" file="tests/Unit/Assertions/AssertTest.php::`Type Assertions` → `Happy Paths` → accepts valid boolean values" class="Tests\Unit\Assertions\AssertTest" classname="Tests.Unit.Assertions.AssertTest" assertions="2" time="0.001625"/>
        <testcase name="`Type Assertions` → `Happy Paths` → accepts valid scalar values" file="tests/Unit/Assertions/AssertTest.php::`Type Assertions` → `Happy Paths` → accepts valid scalar values" class="Tests\Unit\Assertions\AssertTest" classname="Tests.Unit.Assertions.AssertTest" assertions="4" time="0.001720"/>
        <testcase name="`Type Assertions` → `Happy Paths` → accepts valid numeric values" file="tests/Unit/Assertions/AssertTest.php::`Type Assertions` → `Happy Paths` → accepts valid numeric values" class="Tests\Unit\Assertions\AssertTest" classname="Tests.Unit.Assertions.AssertTest" assertions="3" time="0.002231"/>
        <testcase name="`Type Assertions` → `Happy Paths` → accepts valid digit values" file="tests/Unit/Assertions/AssertTest.php::`Type Assertions` → `Happy Paths` → accepts valid digit values" class="Tests\Unit\Assertions\AssertTest" classname="Tests.Unit.Assertions.AssertTest" assertions="3" time="0.001832"/>
        <testcase name="`Type Assertions` → `Happy Paths` → accepts float values coerced to string in digit validation" file="tests/Unit/Assertions/AssertTest.php::`Type Assertions` → `Happy Paths` → accepts float values coerced to string in digit validation" class="Tests\Unit\Assertions\AssertTest" classname="Tests.Unit.Assertions.AssertTest" assertions="2" time="0.001795"/>
        <testcase name="`Type Assertions` → `Happy Paths` → accepts valid alphanumeric strings" file="tests/Unit/Assertions/AssertTest.php::`Type Assertions` → `Happy Paths` → accepts valid alphanumeric strings" class="Tests\Unit\Assertions\AssertTest" classname="Tests.Unit.Assertions.AssertTest" assertions="4" time="0.001752"/>
        <testcase name="`Type Assertions` → `Happy Paths` → accepts valid iterable values" file="tests/Unit/Assertions/AssertTest.php::`Type Assertions` → `Happy Paths` → accepts valid iterable values" class="Tests\Unit\Assertions\AssertTest" classname="Tests.Unit.Assertions.AssertTest" assertions="3" time="0.001765"/>
        <testcase name="`Type Assertions` → `Happy Paths` → accepts ArrayIterator as iterable" file="tests/Unit/Assertions/AssertTest.php::`Type Assertions` → `Happy Paths` → accepts ArrayIterator as iterable" class="Tests\Unit\Assertions\AssertTest" classname="Tests.Unit.Assertions.AssertTest" assertions="1" time="0.002163"/>
        <testcase name="`Type Assertions` → `Happy Paths` → accepts generators as iterable" file="tests/Unit/Assertions/AssertTest.php::`Type Assertions` → `Happy Paths` → accepts generators as iterable" class="Tests\Unit\Assertions\AssertTest" classname="Tests.Unit.Assertions.AssertTest" assertions="1" time="0.001922"/>
        <testcase name="`Type Assertions` → `Happy Paths` → accepts object matching one of multiple classes" file="tests/Unit/Assertions/AssertTest.php::`Type Assertions` → `Happy Paths` → accepts object matching one of multiple classes" class="Tests\Unit\Assertions\AssertTest" classname="Tests.Unit.Assertions.AssertTest" assertions="2" time="0.001911"/>
        <testcase name="`Type Assertions` → `Happy Paths` → accepts object matching any class in array" file="tests/Unit/Assertions/AssertTest.php::`Type Assertions` → `Happy Paths` → accepts object matching any class in array" class="Tests\Unit\Assertions\AssertTest" classname="Tests.Unit.Assertions.AssertTest" assertions="1" time="0.001881"/>
        <testcase name="`Type Assertions` → `Happy Paths` → accepts objects matching one of multiple classes with isAnyOf" file="tests/Unit/Assertions/AssertTest.php::`Type Assertions` → `Happy Paths` → accepts objects matching one of multiple classes with isAnyOf" class="Tests\Unit\Assertions\AssertTest" classname="Tests.Unit.Assertions.AssertTest" assertions="1" time="0.001802"/>
        <testcase name="`Type Assertions` → `Happy Paths` → accepts class strings matching one of multiple classes with isAnyOf" file="tests/Unit/Assertions/AssertTest.php::`Type Assertions` → `Happy Paths` → accepts class strings matching one of multiple classes with isAnyOf" class="Tests\Unit\Assertions\AssertTest" classname="Tests.Unit.Assertions.AssertTest" assertions="1" time="0.001830"/>
        <testcase name="`Type Assertions` → `Happy Paths` → accepts objects with inheritance using isAnyOf" file="tests/Unit/Assertions/AssertTest.php::`Type Assertions` → `Happy Paths` → accepts objects with inheritance using isAnyOf" class="Tests\Unit\Assertions\AssertTest" classname="Tests.Unit.Assertions.AssertTest" assertions="1" time="0.002372"/>
        <testcase name="`Type Assertions` → `Happy Paths` → accepts objects not matching the specified class" file="tests/Unit/Assertions/AssertTest.php::`Type Assertions` → `Happy Paths` → accepts objects not matching the specified class" class="Tests\Unit\Assertions\AssertTest" classname="Tests.Unit.Assertions.AssertTest" assertions="1" time="0.001829"/>
        <testcase name="`Type Assertions` → `Happy Paths` → accepts class strings not matching the specified class" file="tests/Unit/Assertions/AssertTest.php::`Type Assertions` → `Happy Paths` → accepts class strings not matching the specified class" class="Tests\Unit\Assertions\AssertTest" classname="Tests.Unit.Assertions.AssertTest" assertions="1" time="0.001735"/>
        <testcase name="`Type Assertions` → `Happy Paths` → accepts objects not in inheritance chain" file="tests/Unit/Assertions/AssertTest.php::`Type Assertions` → `Happy Paths` → accepts objects not in inheritance chain" class="Tests\Unit\Assertions\AssertTest" classname="Tests.Unit.Assertions.AssertTest" assertions="1" time="0.001865"/>
        <testsuite name="`Type Assertions` → `Sad Paths` → rejects invalid float va" tests="6" assertions="12" errors="0" failures="0" skipped="0" time="0.010241">
          <testcase name="`Type Assertions` → `Sad Paths` → rejects invalid float values with data set &quot;(1)&quot;" file="tests/Unit/Assertions/AssertTest.php::`Type Assertions` → `Sad Paths` → rejects invalid float values with data set &quot;(1)&quot;" class="Tests\Unit\Assertions\AssertTest" classname="Tests.Unit.Assertions.AssertTest" assertions="2" time="0.001804"/>
          <testcase name="`Type Assertions` → `Sad Paths` → rejects invalid float values with data set &quot;(false)&quot;" file="tests/Unit/Assertions/AssertTest.php::`Type Assertions` → `Sad Paths` → rejects invalid float values with data set &quot;(false)&quot;" class="Tests\Unit\Assertions\AssertTest" classname="Tests.Unit.Assertions.AssertTest" assertions="2" time="0.001980"/>
          <testcase name="`Type Assertions` → `Sad Paths` → rejects invalid float values with data set &quot;('test')&quot;" file="tests/Unit/Assertions/AssertTest.php::`Type Assertions` → `Sad Paths` → rejects invalid float values with data set &quot;('test')&quot;" class="Tests\Unit\Assertions\AssertTest" classname="Tests.Unit.Assertions.AssertTest" assertions="2" time="0.001803"/>
          <testcase name="`Type Assertions` → `Sad Paths` → rejects invalid float values with data set &quot;(null)&quot;" file="tests/Unit/Assertions/AssertTest.php::`Type Assertions` → `Sad Paths` → rejects invalid float values with data set &quot;(null)&quot;" class="Tests\Unit\Assertions\AssertTest" classname="Tests.Unit.Assertions.AssertTest" assertions="2" time="0.001538"/>
          <testcase name="`Type Assertions` → `Sad Paths` → rejects invalid float values with data set &quot;('1.23')&quot;" file="tests/Unit/Assertions/AssertTest.php::`Type Assertions` → `Sad Paths` → rejects invalid float values with data set &quot;('1.23')&quot;" class="Tests\Unit\Assertions\AssertTest" classname="Tests.Unit.Assertions.AssertTest" assertions="2" time="0.001533"/>
          <testcase name="`Type Assertions` → `Sad Paths` → rejects invalid float values with data set &quot;('10')&quot;" file="tests/Unit/Assertions/AssertTest.php::`Type Assertions` → `Sad Paths` → rejects invalid float values with data set &quot;('10')&quot;" class="Tests\Unit\Assertions\AssertTest" classname="Tests.Unit.Assertions.AssertTest" assertions="2" time="0.001583"/>
        </testsuite>
        <testsuite name="`Type Assertions` → `Sad Paths` → rejects invalid integer va" tests="7" assertions="14" errors="0" failures="0" skipped="0" time="0.012945">
          <testcase name="`Type Assertions` → `Sad Paths` → rejects invalid integer values with data set &quot;(1.23)&quot;" file="tests/Unit/Assertions/AssertTest.php::`Type Assertions` → `Sad Paths` → rejects invalid integer values with data set &quot;(1.23)&quot;" class="Tests\Unit\Assertions\AssertTest" classname="Tests.Unit.Assertions.AssertTest" assertions="2" time="0.001650"/>
          <testcase name="`Type Assertions` → `Sad Paths` → rejects invalid integer values with data set &quot;(false)&quot;" file="tests/Unit/Assertions/AssertTest.php::`Type Assertions` → `Sad Paths` → rejects invalid integer values with data set &quot;(false)&quot;" class="Tests\Unit\Assertions\AssertTest" classname="Tests.Unit.Assertions.AssertTest" assertions="2" time="0.002096"/>
          <testcase name="`Type Assertions` → `Sad Paths` → rejects invalid integer values with data set &quot;('test')&quot;" file="tests/Unit/Assertions/AssertTest.php::`Type Assertions` → `Sad Paths` → rejects invalid integer values with data set &quot;('test')&quot;" class="Tests\Unit\Assertions\AssertTest" classname="Tests.Unit.Assertions.AssertTest" assertions="2" time="0.002143"/>
          <testcase name="`Type Assertions` → `Sad Paths` → rejects invalid integer values with data set &quot;(null)&quot;" file="tests/Unit/Assertions/AssertTest.php::`Type Assertions` → `Sad Paths` → rejects invalid integer values with data set &quot;(null)&quot;" class="Tests\Unit\Assertions\AssertTest" classname="Tests.Unit.Assertions.AssertTest" assertions="2" time="0.001731"/>
          <testcase name="`Type Assertions` → `Sad Paths` → rejects invalid integer values with data set &quot;('1.23')&quot;" file="tests/Unit/Assertions/AssertTest.php::`Type Assertions` → `Sad Paths` → rejects invalid integer values with data set &quot;('1.23')&quot;" class="Tests\Unit\Assertions\AssertTest" classname="Tests.Unit.Assertions.AssertTest" assertions="2" time="0.001669"/>
          <testcase name="`Type Assertions` → `Sad Paths` → rejects invalid integer values with data set &quot;('10')&quot;" file="tests/Unit/Assertions/AssertTest.php::`Type Assertions` → `Sad Paths` → rejects invalid integer values with data set &quot;('10')&quot;" class="Tests\Unit\Assertions\AssertTest" classname="Tests.Unit.Assertions.AssertTest" assertions="2" time="0.001622"/>
          <testcase name="`Type Assertions` → `Sad Paths` → rejects invalid integer values with data set &quot;(Illuminate\Support\Carbon)&quot;" file="tests/Unit/Assertions/AssertTest.php::`Type Assertions` → `Sad Paths` → rejects invalid integer values with data set &quot;(Illuminate\Support\Carbon)&quot;" class="Tests\Unit\Assertions\AssertTest" classname="Tests.Unit.Assertions.AssertTest" assertions="2" time="0.002032"/>
        </testsuite>
        <testsuite name="`Type Assertions` → `Sad Paths` → rejects invalid integerish va" tests="24" assertions="48" errors="0" failures="0" skipped="0" time="0.048713">
          <testcase name="`Type Assertions` → `Sad Paths` → rejects invalid integerish values with data set &quot;dataset &quot;A float&quot;&quot;" file="tests/Unit/Assertions/AssertTest.php::`Type Assertions` → `Sad Paths` → rejects invalid integerish values with data set &quot;dataset &quot;A float&quot;&quot;" class="Tests\Unit\Assertions\AssertTest" classname="Tests.Unit.Assertions.AssertTest" assertions="2" time="0.001935"/>
          <testcase name="`Type Assertions` → `Sad Paths` → rejects invalid integerish values with data set &quot;dataset &quot;Boolean true&quot;&quot;" file="tests/Unit/Assertions/AssertTest.php::`Type Assertions` → `Sad Paths` → rejects invalid integerish values with data set &quot;dataset &quot;Boolean true&quot;&quot;" class="Tests\Unit\Assertions\AssertTest" classname="Tests.Unit.Assertions.AssertTest" assertions="2" time="0.001639"/>
          <testcase name="`Type Assertions` → `Sad Paths` → rejects invalid integerish values with data set &quot;dataset &quot;Boolean false&quot;&quot;" file="tests/Unit/Assertions/AssertTest.php::`Type Assertions` → `Sad Paths` → rejects invalid integerish values with data set &quot;dataset &quot;Boolean false&quot;&quot;" class="Tests\Unit\Assertions\AssertTest" classname="Tests.Unit.Assertions.AssertTest" assertions="2" time="0.001672"/>
          <testcase name="`Type Assertions` → `Sad Paths` → rejects invalid integerish values with data set &quot;dataset &quot;A text string&quot;&quot;" file="tests/Unit/Assertions/AssertTest.php::`Type Assertions` → `Sad Paths` → rejects invalid integerish values with data set &quot;dataset &quot;A text string&quot;&quot;" class="Tests\Unit\Assertions\AssertTest" classname="Tests.Unit.Assertions.AssertTest" assertions="2" time="0.001724"/>
          <testcase name="`Type Assertions` → `Sad Paths` → rejects invalid integerish values with data set &quot;dataset &quot;A null&quot;&quot;" file="tests/Unit/Assertions/AssertTest.php::`Type Assertions` → `Sad Paths` → rejects invalid integerish values with data set &quot;dataset &quot;A null&quot;&quot;" class="Tests\Unit\Assertions\AssertTest" classname="Tests.Unit.Assertions.AssertTest" assertions="2" time="0.001704"/>
          <testcase name="`Type Assertions` → `Sad Paths` → rejects invalid integerish values with data set &quot;dataset &quot;A float in a string&quot;&quot;" file="tests/Unit/Assertions/AssertTest.php::`Type Assertions` → `Sad Paths` → rejects invalid integerish values with data set &quot;dataset &quot;A float in a string&quot;&quot;" class="Tests\Unit\Assertions\AssertTest" classname="Tests.Unit.Assertions.AssertTest" assertions="2" time="0.002459"/>
          <testcase name="`Type Assertions` → `Sad Paths` → rejects invalid integerish values with data set &quot;dataset &quot;A negative float in a string&quot;&quot;" file="tests/Unit/Assertions/AssertTest.php::`Type Assertions` → `Sad Paths` → rejects invalid integerish values with data set &quot;dataset &quot;A negative float in a string&quot;&quot;" class="Tests\Unit\Assertions\AssertTest" classname="Tests.Unit.Assertions.AssertTest" assertions="2" time="0.002075"/>
          <testcase name="`Type Assertions` → `Sad Paths` → rejects invalid integerish values with data set &quot;dataset &quot;A file pointer&quot;&quot;" file="tests/Unit/Assertions/AssertTest.php::`Type Assertions` → `Sad Paths` → rejects invalid integerish values with data set &quot;dataset &quot;A file pointer&quot;&quot;" class="Tests\Unit\Assertions\AssertTest" classname="Tests.Unit.Assertions.AssertTest" assertions="2" time="0.001956"/>
          <testcase name="`Type Assertions` → `Sad Paths` → rejects invalid integerish values with data set &quot;dataset &quot;A float in a string with a leading space&quot;&quot;" file="tests/Unit/Assertions/AssertTest.php::`Type Assertions` → `Sad Paths` → rejects invalid integerish values with data set &quot;dataset &quot;A float in a string with a leading space&quot;&quot;" class="Tests\Unit\Assertions\AssertTest" classname="Tests.Unit.Assertions.AssertTest" assertions="2" time="0.001732"/>
          <testcase name="`Type Assertions` → `Sad Paths` → rejects invalid integerish values with data set &quot;dataset &quot;An integer in a string with a leading space&quot;&quot;" file="tests/Unit/Assertions/AssertTest.php::`Type Assertions` → `Sad Paths` → rejects invalid integerish values with data set &quot;dataset &quot;An integer in a string with a leading space&quot;&quot;" class="Tests\Unit\Assertions\AssertTest" classname="Tests.Unit.Assertions.AssertTest" assertions="2" time="0.001777"/>
          <testcase name="`Type Assertions` → `Sad Paths` → rejects invalid integerish values with data set &quot;dataset &quot;A negative integer in a string with a leading space&quot;&quot;" file="tests/Unit/Assertions/AssertTest.php::`Type Assertions` → `Sad Paths` → rejects invalid integerish values with data set &quot;dataset &quot;A negative integer in a string with a leading space&quot;&quot;" class="Tests\Unit\Assertions\AssertTest" classname="Tests.Unit.Assertions.AssertTest" assertions="2" time="0.002475"/>
          <testcase name="`Type Assertions` → `Sad Paths` → rejects invalid integerish values with data set &quot;dataset &quot;An integer in a string with a trailing space&quot;&quot;" file="tests/Unit/Assertions/AssertTest.php::`Type Assertions` → `Sad Paths` → rejects invalid integerish values with data set &quot;dataset &quot;An integer in a string with a trailing space&quot;&quot;" class="Tests\Unit\Assertions\AssertTest" classname="Tests.Unit.Assertions.AssertTest" assertions="2" time="0.002192"/>
          <testcase name="`Type Assertions` → `Sad Paths` → rejects invalid integerish values with data set &quot;dataset &quot;A negative integer in a string with a trailing space&quot;&quot;" file="tests/Unit/Assertions/AssertTest.php::`Type Assertions` → `Sad Paths` → rejects invalid integerish values with data set &quot;dataset &quot;A negative integer in a string with a trailing space&quot;&quot;" class="Tests\Unit\Assertions\AssertTest" classname="Tests.Unit.Assertions.AssertTest" assertions="2" time="0.001841"/>
          <testcase name="`Type Assertions` → `Sad Paths` → rejects invalid integerish values with data set &quot;dataset &quot;An array&quot;&quot;" file="tests/Unit/Assertions/AssertTest.php::`Type Assertions` → `Sad Paths` → rejects invalid integerish values with data set &quot;dataset &quot;An array&quot;&quot;" class="Tests\Unit\Assertions\AssertTest" classname="Tests.Unit.Assertions.AssertTest" assertions="2" time="0.001883"/>
          <testcase name="`Type Assertions` → `Sad Paths` → rejects invalid integerish values with data set &quot;dataset &quot;An object&quot;&quot;" file="tests/Unit/Assertions/AssertTest.php::`Type Assertions` → `Sad Paths` → rejects invalid integerish values with data set &quot;dataset &quot;An object&quot;&quot;" class="Tests\Unit\Assertions\AssertTest" classname="Tests.Unit.Assertions.AssertTest" assertions="2" time="0.002064"/>
          <testcase name="`Type Assertions` → `Sad Paths` → rejects invalid integerish values with data set &quot;dataset &quot;A float that is less than 1&quot;&quot;" file="tests/Unit/Assertions/AssertTest.php::`Type Assertions` → `Sad Paths` → rejects invalid integerish values with data set &quot;dataset &quot;A float that is less than 1&quot;&quot;" class="Tests\Unit\Assertions\AssertTest" classname="Tests.Unit.Assertions.AssertTest" assertions="2" time="0.002257"/>
          <testcase name="`Type Assertions` → `Sad Paths` → rejects invalid integerish values with data set &quot;dataset &quot;A float that is less than 0.1&quot;&quot;" file="tests/Unit/Assertions/AssertTest.php::`Type Assertions` → `Sad Paths` → rejects invalid integerish values with data set &quot;dataset &quot;A float that is less than 0.1&quot;&quot;" class="Tests\Unit\Assertions\AssertTest" classname="Tests.Unit.Assertions.AssertTest" assertions="2" time="0.002055"/>
          <testcase name="`Type Assertions` → `Sad Paths` → rejects invalid integerish values with data set &quot;dataset &quot;A float that is less than 0.01&quot;&quot;" file="tests/Unit/Assertions/AssertTest.php::`Type Assertions` → `Sad Paths` → rejects invalid integerish values with data set &quot;dataset &quot;A float that is less than 0.01&quot;&quot;" class="Tests\Unit\Assertions\AssertTest" classname="Tests.Unit.Assertions.AssertTest" assertions="2" time="0.002045"/>
          <testcase name="`Type Assertions` → `Sad Paths` → rejects invalid integerish values with data set &quot;dataset &quot;A float in a string that is less than 1&quot;&quot;" file="tests/Unit/Assertions/AssertTest.php::`Type Assertions` → `Sad Paths` → rejects invalid integerish values with data set &quot;dataset &quot;A float in a string that is less than 1&quot;&quot;" class="Tests\Unit\Assertions\AssertTest" classname="Tests.Unit.Assertions.AssertTest" assertions="2" time="0.002047"/>
          <testcase name="`Type Assertions` → `Sad Paths` → rejects invalid integerish values with data set &quot;dataset &quot;A float in a string that is less than 0.1&quot;&quot;" file="tests/Unit/Assertions/AssertTest.php::`Type Assertions` → `Sad Paths` → rejects invalid integerish values with data set &quot;dataset &quot;A float in a string that is less than 0.1&quot;&quot;" class="Tests\Unit\Assertions\AssertTest" classname="Tests.Unit.Assertions.AssertTest" assertions="2" time="0.002315"/>
          <testcase name="`Type Assertions` → `Sad Paths` → rejects invalid integerish values with data set &quot;dataset &quot;A float in a string that is less than 0.01&quot;&quot;" file="tests/Unit/Assertions/AssertTest.php::`Type Assertions` → `Sad Paths` → rejects invalid integerish values with data set &quot;dataset &quot;A float in a string that is less than 0.01&quot;&quot;" class="Tests\Unit\Assertions\AssertTest" classname="Tests.Unit.Assertions.AssertTest" assertions="2" time="0.002164"/>
          <testcase name="`Type Assertions` → `Sad Paths` → rejects invalid integerish values with data set &quot;dataset &quot;An empty string&quot;&quot;" file="tests/Unit/Assertions/AssertTest.php::`Type Assertions` → `Sad Paths` → rejects invalid integerish values with data set &quot;dataset &quot;An empty string&quot;&quot;" class="Tests\Unit\Assertions\AssertTest" classname="Tests.Unit.Assertions.AssertTest" assertions="2" time="0.002257"/>
          <testcase name="`Type Assertions` → `Sad Paths` → rejects invalid integerish values with data set &quot;dataset &quot;A single space string&quot;&quot;" file="tests/Unit/Assertions/AssertTest.php::`Type Assertions` → `Sad Paths` → rejects invalid integerish values with data set &quot;dataset &quot;A single space string&quot;&quot;" class="Tests\Unit\Assertions\AssertTest" classname="Tests.Unit.Assertions.AssertTest" assertions="2" time="0.002209"/>
          <testcase name="`Type Assertions` → `Sad Paths` → rejects invalid integerish values with data set &quot;dataset &quot;A multiple spaced string&quot;&quot;" file="tests/Unit/Assertions/AssertTest.php::`Type Assertions` → `Sad Paths` → rejects invalid integerish values with data set &quot;dataset &quot;A multiple spaced string&quot;&quot;" class="Tests\Unit\Assertions\AssertTest" classname="Tests.Unit.Assertions.AssertTest" assertions="2" time="0.002236"/>
        </testsuite>
        <testcase name="`Type Assertions` → `Sad Paths` → rejects invalid boolean values" file="tests/Unit/Assertions/AssertTest.php::`Type Assertions` → `Sad Paths` → rejects invalid boolean values" class="Tests\Unit\Assertions\AssertTest" classname="Tests.Unit.Assertions.AssertTest" assertions="2" time="0.002280"/>
        <testcase name="`Type Assertions` → `Sad Paths` → rejects invalid scalar values" file="tests/Unit/Assertions/AssertTest.php::`Type Assertions` → `Sad Paths` → rejects invalid scalar values" class="Tests\Unit\Assertions\AssertTest" classname="Tests.Unit.Assertions.AssertTest" assertions="2" time="0.002233"/>
        <testcase name="`Type Assertions` → `Sad Paths` → rejects invalid numeric values" file="tests/Unit/Assertions/AssertTest.php::`Type Assertions` → `Sad Paths` → rejects invalid numeric values" class="Tests\Unit\Assertions\AssertTest" classname="Tests.Unit.Assertions.AssertTest" assertions="2" time="0.002113"/>
        <testcase name="`Type Assertions` → `Sad Paths` → rejects invalid digit values" file="tests/Unit/Assertions/AssertTest.php::`Type Assertions` → `Sad Paths` → rejects invalid digit values" class="Tests\Unit\Assertions\AssertTest" classname="Tests.Unit.Assertions.AssertTest" assertions="2" time="0.002146"/>
        <testcase name="`Type Assertions` → `Sad Paths` → rejects float values with decimal places in digit validation" file="tests/Unit/Assertions/AssertTest.php::`Type Assertions` → `Sad Paths` → rejects float values with decimal places in digit validation" class="Tests\Unit\Assertions\AssertTest" classname="Tests.Unit.Assertions.AssertTest" assertions="2" time="0.002420"/>
        <testcase name="`Type Assertions` → `Sad Paths` → rejects object in digit validation" file="tests/Unit/Assertions/AssertTest.php::`Type Assertions` → `Sad Paths` → rejects object in digit validation" class="Tests\Unit\Assertions\AssertTest" classname="Tests.Unit.Assertions.AssertTest" assertions="2" time="0.002223"/>
        <testcase name="`Type Assertions` → `Sad Paths` → rejects array in digit validation" file="tests/Unit/Assertions/AssertTest.php::`Type Assertions` → `Sad Paths` → rejects array in digit validation" class="Tests\Unit\Assertions\AssertTest" classname="Tests.Unit.Assertions.AssertTest" assertions="2" time="0.001910"/>
        <testcase name="`Type Assertions` → `Sad Paths` → rejects resource in digit validation" file="tests/Unit/Assertions/AssertTest.php::`Type Assertions` → `Sad Paths` → rejects resource in digit validation" class="Tests\Unit\Assertions\AssertTest" classname="Tests.Unit.Assertions.AssertTest" assertions="2" time="0.001971"/>
        <testcase name="`Type Assertions` → `Sad Paths` → rejects invalid alphanumeric strings" file="tests/Unit/Assertions/AssertTest.php::`Type Assertions` → `Sad Paths` → rejects invalid alphanumeric strings" class="Tests\Unit\Assertions\AssertTest" classname="Tests.Unit.Assertions.AssertTest" assertions="2" time="0.002003"/>
        <testcase name="`Type Assertions` → `Sad Paths` → rejects non-iterable values" file="tests/Unit/Assertions/AssertTest.php::`Type Assertions` → `Sad Paths` → rejects non-iterable values" class="Tests\Unit\Assertions\AssertTest" classname="Tests.Unit.Assertions.AssertTest" assertions="2" time="0.002049"/>
        <testcase name="`Type Assertions` → `Sad Paths` → rejects objects as iterable" file="tests/Unit/Assertions/AssertTest.php::`Type Assertions` → `Sad Paths` → rejects objects as iterable" class="Tests\Unit\Assertions\AssertTest" classname="Tests.Unit.Assertions.AssertTest" assertions="2" time="0.002384"/>
        <testcase name="`Type Assertions` → `Sad Paths` → rejects primitives as iterable" file="tests/Unit/Assertions/AssertTest.php::`Type Assertions` → `Sad Paths` → rejects primitives as iterable" class="Tests\Unit\Assertions\AssertTest" classname="Tests.Unit.Assertions.AssertTest" assertions="2" time="0.002389"/>
        <testcase name="`Type Assertions` → `Sad Paths` → rejects object not matching any of multiple classes" file="tests/Unit/Assertions/AssertTest.php::`Type Assertions` → `Sad Paths` → rejects object not matching any of multiple classes" class="Tests\Unit\Assertions\AssertTest" classname="Tests.Unit.Assertions.AssertTest" assertions="2" time="0.002149"/>
        <testcase name="`Type Assertions` → `Sad Paths` → rejects string value in isInstanceOfAny" file="tests/Unit/Assertions/AssertTest.php::`Type Assertions` → `Sad Paths` → rejects string value in isInstanceOfAny" class="Tests\Unit\Assertions\AssertTest" classname="Tests.Unit.Assertions.AssertTest" assertions="2" time="0.002131"/>
        <testcase name="`Type Assertions` → `Sad Paths` → rejects primitive value in isInstanceOfAny" file="tests/Unit/Assertions/AssertTest.php::`Type Assertions` → `Sad Paths` → rejects primitive value in isInstanceOfAny" class="Tests\Unit\Assertions\AssertTest" classname="Tests.Unit.Assertions.AssertTest" assertions="2" time="0.002226"/>
        <testcase name="`Type Assertions` → `Sad Paths` → rejects object not matching any class with isAnyOf" file="tests/Unit/Assertions/AssertTest.php::`Type Assertions` → `Sad Paths` → rejects object not matching any class with isAnyOf" class="Tests\Unit\Assertions\AssertTest" classname="Tests.Unit.Assertions.AssertTest" assertions="2" time="0.002195"/>
        <testcase name="`Type Assertions` → `Sad Paths` → rejects class string not matching any class with isAnyOf" file="tests/Unit/Assertions/AssertTest.php::`Type Assertions` → `Sad Paths` → rejects class string not matching any class with isAnyOf" class="Tests\Unit\Assertions\AssertTest" classname="Tests.Unit.Assertions.AssertTest" assertions="2" time="0.002187"/>
        <testcase name="`Type Assertions` → `Sad Paths` → rejects primitive value in isAnyOf" file="tests/Unit/Assertions/AssertTest.php::`Type Assertions` → `Sad Paths` → rejects primitive value in isAnyOf" class="Tests\Unit\Assertions\AssertTest" classname="Tests.Unit.Assertions.AssertTest" assertions="2" time="0.002193"/>
        <testcase name="`Type Assertions` → `Sad Paths` → rejects object matching the specified class with isNotA" file="tests/Unit/Assertions/AssertTest.php::`Type Assertions` → `Sad Paths` → rejects object matching the specified class with isNotA" class="Tests\Unit\Assertions\AssertTest" classname="Tests.Unit.Assertions.AssertTest" assertions="2" time="0.002231"/>
        <testcase name="`Type Assertions` → `Sad Paths` → rejects class string matching the specified class with isNotA" file="tests/Unit/Assertions/AssertTest.php::`Type Assertions` → `Sad Paths` → rejects class string matching the specified class with isNotA" class="Tests\Unit\Assertions\AssertTest" classname="Tests.Unit.Assertions.AssertTest" assertions="2" time="0.002212"/>
        <testcase name="`Type Assertions` → `Sad Paths` → rejects object in inheritance chain with isNotA" file="tests/Unit/Assertions/AssertTest.php::`Type Assertions` → `Sad Paths` → rejects object in inheritance chain with isNotA" class="Tests\Unit\Assertions\AssertTest" classname="Tests.Unit.Assertions.AssertTest" assertions="2" time="0.003945"/>
        <testcase name="`Type Assertions` → `Sad Paths` → rejects class string in inheritance chain with isNotA" file="tests/Unit/Assertions/AssertTest.php::`Type Assertions` → `Sad Paths` → rejects class string in inheritance chain with isNotA" class="Tests\Unit\Assertions\AssertTest" classname="Tests.Unit.Assertions.AssertTest" assertions="2" time="0.002643"/>
        <testcase name="`Empty and Null Assertions` → `Happy Paths` → accepts non-empty values" file="tests/Unit/Assertions/AssertTest.php::`Empty and Null Assertions` → `Happy Paths` → accepts non-empty values" class="Tests\Unit\Assertions\AssertTest" classname="Tests.Unit.Assertions.AssertTest" assertions="4" time="0.002615"/>
        <testcase name="`Empty and Null Assertions` → `Happy Paths` → accepts empty values" file="tests/Unit/Assertions/AssertTest.php::`Empty and Null Assertions` → `Happy Paths` → accepts empty values" class="Tests\Unit\Assertions\AssertTest" classname="Tests.Unit.Assertions.AssertTest" assertions="4" time="0.002648"/>
        <testcase name="`Empty and Null Assertions` → `Happy Paths` → accepts null values" file="tests/Unit/Assertions/AssertTest.php::`Empty and Null Assertions` → `Happy Paths` → accepts null values" class="Tests\Unit\Assertions\AssertTest" classname="Tests.Unit.Assertions.AssertTest" assertions="1" time="0.002633"/>
        <testcase name="`Empty and Null Assertions` → `Happy Paths` → accepts not null values" file="tests/Unit/Assertions/AssertTest.php::`Empty and Null Assertions` → `Happy Paths` → accepts not null values" class="Tests\Unit\Assertions\AssertTest" classname="Tests.Unit.Assertions.AssertTest" assertions="5" time="0.002337"/>
        <testcase name="`Empty and Null Assertions` → `Happy Paths` → accepts not blank values" file="tests/Unit/Assertions/AssertTest.php::`Empty and Null Assertions` → `Happy Paths` → accepts not blank values" class="Tests\Unit\Assertions\AssertTest" classname="Tests.Unit.Assertions.AssertTest" assertions="1" time="0.002290"/>
        <testsuite name="`Empty and Null Assertions` → `Sad Paths` → rejects empty values when not empty expe" tests="5" assertions="10" errors="0" failures="0" skipped="0" time="0.012102">
          <testcase name="`Empty and Null Assertions` → `Sad Paths` → rejects empty values when not empty expected with data set &quot;('')&quot;" file="tests/Unit/Assertions/AssertTest.php::`Empty and Null Assertions` → `Sad Paths` → rejects empty values when not empty expected with data set &quot;('')&quot;" class="Tests\Unit\Assertions\AssertTest" classname="Tests.Unit.Assertions.AssertTest" assertions="2" time="0.002410"/>
          <testcase name="`Empty and Null Assertions` → `Sad Paths` → rejects empty values when not empty expected with data set &quot;(false)&quot;" file="tests/Unit/Assertions/AssertTest.php::`Empty and Null Assertions` → `Sad Paths` → rejects empty values when not empty expected with data set &quot;(false)&quot;" class="Tests\Unit\Assertions\AssertTest" classname="Tests.Unit.Assertions.AssertTest" assertions="2" time="0.002416"/>
          <testcase name="`Empty and Null Assertions` → `Sad Paths` → rejects empty values when not empty expected with data set &quot;(0)&quot;" file="tests/Unit/Assertions/AssertTest.php::`Empty and Null Assertions` → `Sad Paths` → rejects empty values when not empty expected with data set &quot;(0)&quot;" class="Tests\Unit\Assertions\AssertTest" classname="Tests.Unit.Assertions.AssertTest" assertions="2" time="0.002449"/>
          <testcase name="`Empty and Null Assertions` → `Sad Paths` → rejects empty values when not empty expected with data set &quot;(null)&quot;" file="tests/Unit/Assertions/AssertTest.php::`Empty and Null Assertions` → `Sad Paths` → rejects empty values when not empty expected with data set &quot;(null)&quot;" class="Tests\Unit\Assertions\AssertTest" classname="Tests.Unit.Assertions.AssertTest" assertions="2" time="0.002433"/>
          <testcase name="`Empty and Null Assertions` → `Sad Paths` → rejects empty values when not empty expected with data set &quot;([])&quot;" file="tests/Unit/Assertions/AssertTest.php::`Empty and Null Assertions` → `Sad Paths` → rejects empty values when not empty expected with data set &quot;([])&quot;" class="Tests\Unit\Assertions\AssertTest" classname="Tests.Unit.Assertions.AssertTest" assertions="2" time="0.002393"/>
        </testsuite>
        <testsuite name="`Empty and Null Assertions` → `Sad Paths` → rejects non-empty values when empty expe" tests="5" assertions="10" errors="0" failures="0" skipped="0" time="0.012219">
          <testcase name="`Empty and Null Assertions` → `Sad Paths` → rejects non-empty values when empty expected with data set &quot;('foo')&quot;" file="tests/Unit/Assertions/AssertTest.php::`Empty and Null Assertions` → `Sad Paths` → rejects non-empty values when empty expected with data set &quot;('foo')&quot;" class="Tests\Unit\Assertions\AssertTest" classname="Tests.Unit.Assertions.AssertTest" assertions="2" time="0.002439"/>
          <testcase name="`Empty and Null Assertions` → `Sad Paths` → rejects non-empty values when empty expected with data set &quot;(true)&quot;" file="tests/Unit/Assertions/AssertTest.php::`Empty and Null Assertions` → `Sad Paths` → rejects non-empty values when empty expected with data set &quot;(true)&quot;" class="Tests\Unit\Assertions\AssertTest" classname="Tests.Unit.Assertions.AssertTest" assertions="2" time="0.002384"/>
          <testcase name="`Empty and Null Assertions` → `Sad Paths` → rejects non-empty values when empty expected with data set &quot;(12)&quot;" file="tests/Unit/Assertions/AssertTest.php::`Empty and Null Assertions` → `Sad Paths` → rejects non-empty values when empty expected with data set &quot;(12)&quot;" class="Tests\Unit\Assertions\AssertTest" classname="Tests.Unit.Assertions.AssertTest" assertions="2" time="0.002377"/>
          <testcase name="`Empty and Null Assertions` → `Sad Paths` → rejects non-empty values when empty expected with data set &quot;(['foo'])&quot;" file="tests/Unit/Assertions/AssertTest.php::`Empty and Null Assertions` → `Sad Paths` → rejects non-empty values when empty expected with data set &quot;(['foo'])&quot;" class="Tests\Unit\Assertions\AssertTest" classname="Tests.Unit.Assertions.AssertTest" assertions="2" time="0.002468"/>
          <testcase name="`Empty and Null Assertions` → `Sad Paths` → rejects non-empty values when empty expected with data set &quot;(stdClass Object ())&quot;" file="tests/Unit/Assertions/AssertTest.php::`Empty and Null Assertions` → `Sad Paths` → rejects non-empty values when empty expected with data set &quot;(stdClass Object ())&quot;" class="Tests\Unit\Assertions\AssertTest" classname="Tests.Unit.Assertions.AssertTest" assertions="2" time="0.002551"/>
        </testsuite>
        <testsuite name="`Empty and Null Assertions` → `Sad Paths` → rejects non-null values when null expe" tests="6" assertions="12" errors="0" failures="0" skipped="0" time="0.014718">
          <testcase name="`Empty and Null Assertions` → `Sad Paths` → rejects non-null values when null expected with data set &quot;('foo')&quot;" file="tests/Unit/Assertions/AssertTest.php::`Empty and Null Assertions` → `Sad Paths` → rejects non-null values when null expected with data set &quot;('foo')&quot;" class="Tests\Unit\Assertions\AssertTest" classname="Tests.Unit.Assertions.AssertTest" assertions="2" time="0.002410"/>
          <testcase name="`Empty and Null Assertions` → `Sad Paths` → rejects non-null values when null expected with data set &quot;('')&quot;" file="tests/Unit/Assertions/AssertTest.php::`Empty and Null Assertions` → `Sad Paths` → rejects non-null values when null expected with data set &quot;('')&quot;" class="Tests\Unit\Assertions\AssertTest" classname="Tests.Unit.Assertions.AssertTest" assertions="2" time="0.002412"/>
          <testcase name="`Empty and Null Assertions` → `Sad Paths` → rejects non-null values when null expected with data set &quot;(false)&quot;" file="tests/Unit/Assertions/AssertTest.php::`Empty and Null Assertions` → `Sad Paths` → rejects non-null values when null expected with data set &quot;(false)&quot;" class="Tests\Unit\Assertions\AssertTest" classname="Tests.Unit.Assertions.AssertTest" assertions="2" time="0.002485"/>
          <testcase name="`Empty and Null Assertions` → `Sad Paths` → rejects non-null values when null expected with data set &quot;(12)&quot;" file="tests/Unit/Assertions/AssertTest.php::`Empty and Null Assertions` → `Sad Paths` → rejects non-null values when null expected with data set &quot;(12)&quot;" class="Tests\Unit\Assertions\AssertTest" classname="Tests.Unit.Assertions.AssertTest" assertions="2" time="0.002461"/>
          <testcase name="`Empty and Null Assertions` → `Sad Paths` → rejects non-null values when null expected with data set &quot;(0)&quot;" file="tests/Unit/Assertions/AssertTest.php::`Empty and Null Assertions` → `Sad Paths` → rejects non-null values when null expected with data set &quot;(0)&quot;" class="Tests\Unit\Assertions\AssertTest" classname="Tests.Unit.Assertions.AssertTest" assertions="2" time="0.002447"/>
          <testcase name="`Empty and Null Assertions` → `Sad Paths` → rejects non-null values when null expected with data set &quot;([])&quot;" file="tests/Unit/Assertions/AssertTest.php::`Empty and Null Assertions` → `Sad Paths` → rejects non-null values when null expected with data set &quot;([])&quot;" class="Tests\Unit\Assertions\AssertTest" classname="Tests.Unit.Assertions.AssertTest" assertions="2" time="0.002502"/>
        </testsuite>
        <testcase name="`Empty and Null Assertions` → `Sad Paths` → rejects null values when not null expected" file="tests/Unit/Assertions/AssertTest.php::`Empty and Null Assertions` → `Sad Paths` → rejects null values when not null expected" class="Tests\Unit\Assertions\AssertTest" classname="Tests.Unit.Assertions.AssertTest" assertions="2" time="0.002657"/>
        <testsuite name="`Empty and Null Assertions` → `Sad Paths` → rejects blank values when not blank expe" tests="8" assertions="16" errors="0" failures="0" skipped="0" time="0.020957">
          <testcase name="`Empty and Null Assertions` → `Sad Paths` → rejects blank values when not blank expected with data set &quot;('') #1&quot;" file="tests/Unit/Assertions/AssertTest.php::`Empty and Null Assertions` → `Sad Paths` → rejects blank values when not blank expected with data set &quot;('') #1&quot;" class="Tests\Unit\Assertions\AssertTest" classname="Tests.Unit.Assertions.AssertTest" assertions="2" time="0.002698"/>
          <testcase name="`Empty and Null Assertions` → `Sad Paths` → rejects blank values when not blank expected with data set &quot;(' ')&quot;" file="tests/Unit/Assertions/AssertTest.php::`Empty and Null Assertions` → `Sad Paths` → rejects blank values when not blank expected with data set &quot;(' ')&quot;" class="Tests\Unit\Assertions\AssertTest" classname="Tests.Unit.Assertions.AssertTest" assertions="2" time="0.002597"/>
          <testcase name="`Empty and Null Assertions` → `Sad Paths` → rejects blank values when not blank expected with data set &quot;('&#9;')&quot;" file="tests/Unit/Assertions/AssertTest.php::`Empty and Null Assertions` → `Sad Paths` → rejects blank values when not blank expected with data set &quot;('&#9;')&quot;" class="Tests\Unit\Assertions\AssertTest" classname="Tests.Unit.Assertions.AssertTest" assertions="2" time="0.002549"/>
          <testcase name="`Empty and Null Assertions` → `Sad Paths` → rejects blank values when not blank expected with data set &quot;('') #2&quot;" file="tests/Unit/Assertions/AssertTest.php::`Empty and Null Assertions` → `Sad Paths` → rejects blank values when not blank expected with data set &quot;('') #2&quot;" class="Tests\Unit\Assertions\AssertTest" classname="Tests.Unit.Assertions.AssertTest" assertions="2" time="0.002543"/>
          <testcase name="`Empty and Null Assertions` → `Sad Paths` → rejects blank values when not blank expected with data set &quot;('\r')&quot;" file="tests/Unit/Assertions/AssertTest.php::`Empty and Null Assertions` → `Sad Paths` → rejects blank values when not blank expected with data set &quot;('\r')&quot;" class="Tests\Unit\Assertions\AssertTest" classname="Tests.Unit.Assertions.AssertTest" assertions="2" time="0.002583"/>
          <testcase name="`Empty and Null Assertions` → `Sad Paths` → rejects blank values when not blank expected with data set &quot;(false)&quot;" file="tests/Unit/Assertions/AssertTest.php::`Empty and Null Assertions` → `Sad Paths` → rejects blank values when not blank expected with data set &quot;(false)&quot;" class="Tests\Unit\Assertions\AssertTest" classname="Tests.Unit.Assertions.AssertTest" assertions="2" time="0.002582"/>
          <testcase name="`Empty and Null Assertions` → `Sad Paths` → rejects blank values when not blank expected with data set &quot;(null)&quot;" file="tests/Unit/Assertions/AssertTest.php::`Empty and Null Assertions` → `Sad Paths` → rejects blank values when not blank expected with data set &quot;(null)&quot;" class="Tests\Unit\Assertions\AssertTest" classname="Tests.Unit.Assertions.AssertTest" assertions="2" time="0.002650"/>
          <testcase name="`Empty and Null Assertions` → `Sad Paths` → rejects blank values when not blank expected with data set &quot;([])&quot;" file="tests/Unit/Assertions/AssertTest.php::`Empty and Null Assertions` → `Sad Paths` → rejects blank values when not blank expected with data set &quot;([])&quot;" class="Tests\Unit\Assertions\AssertTest" classname="Tests.Unit.Assertions.AssertTest" assertions="2" time="0.002756"/>
        </testsuite>
        <testcase name="`String Assertions` → `Happy Paths` → accepts valid strings" file="tests/Unit/Assertions/AssertTest.php::`String Assertions` → `Happy Paths` → accepts valid strings" class="Tests\Unit\Assertions\AssertTest" classname="Tests.Unit.Assertions.AssertTest" assertions="2" time="0.002710"/>
        <testcase name="`String Assertions` → `Happy Paths` → matches valid regex patterns" file="tests/Unit/Assertions/AssertTest.php::`String Assertions` → `Happy Paths` → matches valid regex patterns" class="Tests\Unit\Assertions\AssertTest" classname="Tests.Unit.Assertions.AssertTest" assertions="1" time="0.002626"/>
        <testcase name="`String Assertions` → `Happy Paths` → accepts strings not matching regex" file="tests/Unit/Assertions/AssertTest.php::`String Assertions` → `Happy Paths` → accepts strings not matching regex" class="Tests\Unit\Assertions\AssertTest" classname="Tests.Unit.Assertions.AssertTest" assertions="1" time="0.002746"/>
        <testcase name="`String Assertions` → `Happy Paths` → validates minimum string length" file="tests/Unit/Assertions/AssertTest.php::`String Assertions` → `Happy Paths` → validates minimum string length" class="Tests\Unit\Assertions\AssertTest" classname="Tests.Unit.Assertions.AssertTest" assertions="5" time="0.002881"/>
        <testcase name="`String Assertions` → `Happy Paths` → validates maximum string length" file="tests/Unit/Assertions/AssertTest.php::`String Assertions` → `Happy Paths` → validates maximum string length" class="Tests\Unit\Assertions\AssertTest" classname="Tests.Unit.Assertions.AssertTest" assertions="4" time="0.002599"/>
        <testcase name="`String Assertions` → `Happy Paths` → validates string length between bounds" file="tests/Unit/Assertions/AssertTest.php::`String Assertions` → `Happy Paths` → validates string length between bounds" class="Tests\Unit\Assertions\AssertTest" classname="Tests.Unit.Assertions.AssertTest" assertions="2" time="0.002604"/>
        <testcase name="`String Assertions` → `Happy Paths` → validates string starts with prefix" file="tests/Unit/Assertions/AssertTest.php::`String Assertions` → `Happy Paths` → validates string starts with prefix" class="Tests\Unit\Assertions\AssertTest" classname="Tests.Unit.Assertions.AssertTest" assertions="4" time="0.002616"/>
        <testcase name="`String Assertions` → `Happy Paths` → validates string ends with suffix" file="tests/Unit/Assertions/AssertTest.php::`String Assertions` → `Happy Paths` → validates string ends with suffix" class="Tests\Unit\Assertions\AssertTest" classname="Tests.Unit.Assertions.AssertTest" assertions="4" time="0.002765"/>
        <testcase name="`String Assertions` → `Happy Paths` → validates string contains substring" file="tests/Unit/Assertions/AssertTest.php::`String Assertions` → `Happy Paths` → validates string contains substring" class="Tests\Unit\Assertions\AssertTest" classname="Tests.Unit.Assertions.AssertTest" assertions="2" time="0.002745"/>
        <testcase name="`String Assertions` → `Happy Paths` → validates string does not contain substring" file="tests/Unit/Assertions/AssertTest.php::`String Assertions` → `Happy Paths` → validates string does not contain substring" class="Tests\Unit\Assertions\AssertTest" classname="Tests.Unit.Assertions.AssertTest" assertions="2" time="0.002770"/>
        <testcase name="`String Assertions` → `Happy Paths` → validates exact string length" file="tests/Unit/Assertions/AssertTest.php::`String Assertions` → `Happy Paths` → validates exact string length" class="Tests\Unit\Assertions\AssertTest" classname="Tests.Unit.Assertions.AssertTest" assertions="2" time="0.002878"/>
        <testsuite name="`String Assertions` → `Happy Paths` → validates exact string length for utf8 charac" tests="2" assertions="2" errors="0" failures="0" skipped="0" time="0.006271">
          <testcase name="`String Assertions` → `Happy Paths` → validates exact string length for utf8 characters with data set &quot;('址', 1)&quot;" file="tests/Unit/Assertions/AssertTest.php::`String Assertions` → `Happy Paths` → validates exact string length for utf8 characters with data set &quot;('址', 1)&quot;" class="Tests\Unit\Assertions\AssertTest" classname="Tests.Unit.Assertions.AssertTest" assertions="1" time="0.003115"/>
          <testcase name="`String Assertions` → `Happy Paths` → validates exact string length for utf8 characters with data set &quot;('ل', 1)&quot;" file="tests/Unit/Assertions/AssertTest.php::`String Assertions` → `Happy Paths` → validates exact string length for utf8 characters with data set &quot;('ل', 1)&quot;" class="Tests\Unit\Assertions\AssertTest" classname="Tests.Unit.Assertions.AssertTest" assertions="1" time="0.003156"/>
        </testsuite>
        <testcase name="`String Assertions` → `Happy Paths` → validates exact string length for given encoding" file="tests/Unit/Assertions/AssertTest.php::`String Assertions` → `Happy Paths` → validates exact string length for given encoding" class="Tests\Unit\Assertions\AssertTest" classname="Tests.Unit.Assertions.AssertTest" assertions="1" time="0.002936"/>
        <testcase name="`String Assertions` → `Happy Paths` → accepts non-empty strings" file="tests/Unit/Assertions/AssertTest.php::`String Assertions` → `Happy Paths` → accepts non-empty strings" class="Tests\Unit\Assertions\AssertTest" classname="Tests.Unit.Assertions.AssertTest" assertions="4" time="0.003034"/>
        <testcase name="`String Assertions` → `Happy Paths` → accepts strings starting with a letter" file="tests/Unit/Assertions/AssertTest.php::`String Assertions` → `Happy Paths` → accepts strings starting with a letter" class="Tests\Unit\Assertions\AssertTest" classname="Tests.Unit.Assertions.AssertTest" assertions="4" time="0.002836"/>
        <testcase name="`String Assertions` → `Happy Paths` → accepts strings with Unicode letters only" file="tests/Unit/Assertions/AssertTest.php::`String Assertions` → `Happy Paths` → accepts strings with Unicode letters only" class="Tests\Unit\Assertions\AssertTest" classname="Tests.Unit.Assertions.AssertTest" assertions="5" time="0.002887"/>
        <testcase name="`String Assertions` → `Happy Paths` → accepts strings with letters only" file="tests/Unit/Assertions/AssertTest.php::`String Assertions` → `Happy Paths` → accepts strings with letters only" class="Tests\Unit\Assertions\AssertTest" classname="Tests.Unit.Assertions.AssertTest" assertions="4" time="0.002813"/>
        <testcase name="`String Assertions` → `Happy Paths` → accepts strings with digits only" file="tests/Unit/Assertions/AssertTest.php::`String Assertions` → `Happy Paths` → accepts strings with digits only" class="Tests\Unit\Assertions\AssertTest" classname="Tests.Unit.Assertions.AssertTest" assertions="4" time="0.002812"/>
        <testcase name="`String Assertions` → `Happy Paths` → accepts lowercase strings" file="tests/Unit/Assertions/AssertTest.php::`String Assertions` → `Happy Paths` → accepts lowercase strings" class="Tests\Unit\Assertions\AssertTest" classname="Tests.Unit.Assertions.AssertTest" assertions="4" time="0.002800"/>
        <testcase name="`String Assertions` → `Happy Paths` → accepts uppercase strings" file="tests/Unit/Assertions/AssertTest.php::`String Assertions` → `Happy Paths` → accepts uppercase strings" class="Tests\Unit\Assertions\AssertTest" classname="Tests.Unit.Assertions.AssertTest" assertions="4" time="0.002864"/>
        <testcase name="`String Assertions` → `Happy Paths` → validates lengthBetween with different ranges" file="tests/Unit/Assertions/AssertTest.php::`String Assertions` → `Happy Paths` → validates lengthBetween with different ranges" class="Tests\Unit\Assertions\AssertTest" classname="Tests.Unit.Assertions.AssertTest" assertions="4" time="0.002854"/>
        <testcase name="`String Assertions` → `Happy Paths` → accepts non-whitespace-only strings" file="tests/Unit/Assertions/AssertTest.php::`String Assertions` → `Happy Paths` → accepts non-whitespace-only strings" class="Tests\Unit\Assertions\AssertTest" classname="Tests.Unit.Assertions.AssertTest" assertions="4" time="0.002853"/>
        <testsuite name="`String Assertions` → `Sad Paths` → rejects invalid string t" tests="6" assertions="12" errors="0" failures="0" skipped="0" time="0.017674">
          <testcase name="`String Assertions` → `Sad Paths` → rejects invalid string types with data set &quot;(1.23)&quot;" file="tests/Unit/Assertions/AssertTest.php::`String Assertions` → `Sad Paths` → rejects invalid string types with data set &quot;(1.23)&quot;" class="Tests\Unit\Assertions\AssertTest" classname="Tests.Unit.Assertions.AssertTest" assertions="2" time="0.002958"/>
          <testcase name="`String Assertions` → `Sad Paths` → rejects invalid string types with data set &quot;(false)&quot;" file="tests/Unit/Assertions/AssertTest.php::`String Assertions` → `Sad Paths` → rejects invalid string types with data set &quot;(false)&quot;" class="Tests\Unit\Assertions\AssertTest" classname="Tests.Unit.Assertions.AssertTest" assertions="2" time="0.002900"/>
          <testcase name="`String Assertions` → `Sad Paths` → rejects invalid string types with data set &quot;(ArrayObject Object ())&quot;" file="tests/Unit/Assertions/AssertTest.php::`String Assertions` → `Sad Paths` → rejects invalid string types with data set &quot;(ArrayObject Object ())&quot;" class="Tests\Unit\Assertions\AssertTest" classname="Tests.Unit.Assertions.AssertTest" assertions="2" time="0.002976"/>
          <testcase name="`String Assertions` → `Sad Paths` → rejects invalid string types with data set &quot;(null)&quot;" file="tests/Unit/Assertions/AssertTest.php::`String Assertions` → `Sad Paths` → rejects invalid string types with data set &quot;(null)&quot;" class="Tests\Unit\Assertions\AssertTest" classname="Tests.Unit.Assertions.AssertTest" assertions="2" time="0.002963"/>
          <testcase name="`String Assertions` → `Sad Paths` → rejects invalid string types with data set &quot;(10)&quot;" file="tests/Unit/Assertions/AssertTest.php::`String Assertions` → `Sad Paths` → rejects invalid string types with data set &quot;(10)&quot;" class="Tests\Unit\Assertions\AssertTest" classname="Tests.Unit.Assertions.AssertTest" assertions="2" time="0.002901"/>
          <testcase name="`String Assertions` → `Sad Paths` → rejects invalid string types with data set &quot;(true)&quot;" file="tests/Unit/Assertions/AssertTest.php::`String Assertions` → `Sad Paths` → rejects invalid string types with data set &quot;(true)&quot;" class="Tests\Unit\Assertions\AssertTest" classname="Tests.Unit.Assertions.AssertTest" assertions="2" time="0.002976"/>
        </testsuite>
        <testcase name="`String Assertions` → `Sad Paths` → rejects invalid regex patterns" file="tests/Unit/Assertions/AssertTest.php::`String Assertions` → `Sad Paths` → rejects invalid regex patterns" class="Tests\Unit\Assertions\AssertTest" classname="Tests.Unit.Assertions.AssertTest" assertions="2" time="0.002909"/>
        <testcase name="`String Assertions` → `Sad Paths` → rejects non-string values in regex validation" file="tests/Unit/Assertions/AssertTest.php::`String Assertions` → `Sad Paths` → rejects non-string values in regex validation" class="Tests\Unit\Assertions\AssertTest" classname="Tests.Unit.Assertions.AssertTest" assertions="2" time="0.003011"/>
        <testcase name="`String Assertions` → `Sad Paths` → rejects strings matching regex when not expected" file="tests/Unit/Assertions/AssertTest.php::`String Assertions` → `Sad Paths` → rejects strings matching regex when not expected" class="Tests\Unit\Assertions\AssertTest" classname="Tests.Unit.Assertions.AssertTest" assertions="2" time="0.002997"/>
        <testcase name="`String Assertions` → `Sad Paths` → rejects strings shorter than minimum length" file="tests/Unit/Assertions/AssertTest.php::`String Assertions` → `Sad Paths` → rejects strings shorter than minimum length" class="Tests\Unit\Assertions\AssertTest" classname="Tests.Unit.Assertions.AssertTest" assertions="2" time="0.002909"/>
        <testcase name="`String Assertions` → `Sad Paths` → rejects strings longer than maximum length" file="tests/Unit/Assertions/AssertTest.php::`String Assertions` → `Sad Paths` → rejects strings longer than maximum length" class="Tests\Unit\Assertions\AssertTest" classname="Tests.Unit.Assertions.AssertTest" assertions="2" time="0.003021"/>
        <testcase name="`String Assertions` → `Sad Paths` → rejects strings shorter than minimum betweenLength bound" file="tests/Unit/Assertions/AssertTest.php::`String Assertions` → `Sad Paths` → rejects strings shorter than minimum betweenLength bound" class="Tests\Unit\Assertions\AssertTest" classname="Tests.Unit.Assertions.AssertTest" assertions="2" time="0.002962"/>
        <testcase name="`String Assertions` → `Sad Paths` → rejects strings longer than maximum betweenLength bound" file="tests/Unit/Assertions/AssertTest.php::`String Assertions` → `Sad Paths` → rejects strings longer than maximum betweenLength bound" class="Tests\Unit\Assertions\AssertTest" classname="Tests.Unit.Assertions.AssertTest" assertions="2" time="0.002962"/>
        <testcase name="`String Assertions` → `Sad Paths` → rejects strings not starting with expected prefix" file="tests/Unit/Assertions/AssertTest.php::`String Assertions` → `Sad Paths` → rejects strings not starting with expected prefix" class="Tests\Unit\Assertions\AssertTest" classname="Tests.Unit.Assertions.AssertTest" assertions="2" time="0.003040"/>
        <testcase name="`String Assertions` → `Sad Paths` → rejects strings not ending with expected suffix" file="tests/Unit/Assertions/AssertTest.php::`String Assertions` → `Sad Paths` → rejects strings not ending with expected suffix" class="Tests\Unit\Assertions\AssertTest" classname="Tests.Unit.Assertions.AssertTest" assertions="2" time="0.003092"/>
        <testcase name="`String Assertions` → `Sad Paths` → rejects strings not containing expected substring" file="tests/Unit/Assertions/AssertTest.php::`String Assertions` → `Sad Paths` → rejects strings not containing expected substring" class="Tests\Unit\Assertions\AssertTest" classname="Tests.Unit.Assertions.AssertTest" assertions="2" time="0.003152"/>
        <testcase name="`String Assertions` → `Sad Paths` → rejects strings containing unexpected substring" file="tests/Unit/Assertions/AssertTest.php::`String Assertions` → `Sad Paths` → rejects strings containing unexpected substring" class="Tests\Unit\Assertions\AssertTest" classname="Tests.Unit.Assertions.AssertTest" assertions="2" time="0.003111"/>
        <testcase name="`String Assertions` → `Sad Paths` → rejects strings with incorrect length" file="tests/Unit/Assertions/AssertTest.php::`String Assertions` → `Sad Paths` → rejects strings with incorrect length" class="Tests\Unit\Assertions\AssertTest" classname="Tests.Unit.Assertions.AssertTest" assertions="2" time="0.003027"/>
        <testcase name="`String Assertions` → `Sad Paths` → rejects empty strings in stringNotEmpty" file="tests/Unit/Assertions/AssertTest.php::`String Assertions` → `Sad Paths` → rejects empty strings in stringNotEmpty" class="Tests\Unit\Assertions\AssertTest" classname="Tests.Unit.Assertions.AssertTest" assertions="2" time="0.003089"/>
        <testcase name="`String Assertions` → `Sad Paths` → rejects strings not starting with a letter" file="tests/Unit/Assertions/AssertTest.php::`String Assertions` → `Sad Paths` → rejects strings not starting with a letter" class="Tests\Unit\Assertions\AssertTest" classname="Tests.Unit.Assertions.AssertTest" assertions="2" time="0.003073"/>
        <testcase name="`String Assertions` → `Sad Paths` → rejects empty strings in startsWithLetter" file="tests/Unit/Assertions/AssertTest.php::`String Assertions` → `Sad Paths` → rejects empty strings in startsWithLetter" class="Tests\Unit\Assertions\AssertTest" classname="Tests.Unit.Assertions.AssertTest" assertions="2" time="0.003156"/>
        <testcase name="`String Assertions` → `Sad Paths` → rejects strings with special characters in startsWithLetter" file="tests/Unit/Assertions/AssertTest.php::`String Assertions` → `Sad Paths` → rejects strings with special characters in startsWithLetter" class="Tests\Unit\Assertions\AssertTest" classname="Tests.Unit.Assertions.AssertTest" assertions="2" time="0.003168"/>
        <testcase name="`String Assertions` → `Sad Paths` → rejects strings with numbers in unicodeLetters" file="tests/Unit/Assertions/AssertTest.php::`String Assertions` → `Sad Paths` → rejects strings with numbers in unicodeLetters" class="Tests\Unit\Assertions\AssertTest" classname="Tests.Unit.Assertions.AssertTest" assertions="2" time="0.003131"/>
        <testcase name="`String Assertions` → `Sad Paths` → rejects strings with spaces in unicodeLetters" file="tests/Unit/Assertions/AssertTest.php::`String Assertions` → `Sad Paths` → rejects strings with spaces in unicodeLetters" class="Tests\Unit\Assertions\AssertTest" classname="Tests.Unit.Assertions.AssertTest" assertions="2" time="0.003075"/>
        <testcase name="`String Assertions` → `Sad Paths` → rejects empty strings in unicodeLetters" file="tests/Unit/Assertions/AssertTest.php::`String Assertions` → `Sad Paths` → rejects empty strings in unicodeLetters" class="Tests\Unit\Assertions\AssertTest" classname="Tests.Unit.Assertions.AssertTest" assertions="2" time="0.003106"/>
        <testcase name="`String Assertions` → `Sad Paths` → rejects strings with numbers in alpha" file="tests/Unit/Assertions/AssertTest.php::`String Assertions` → `Sad Paths` → rejects strings with numbers in alpha" class="Tests\Unit\Assertions\AssertTest" classname="Tests.Unit.Assertions.AssertTest" assertions="2" time="0.003281"/>
        <testcase name="`String Assertions` → `Sad Paths` → rejects strings with spaces in alpha" file="tests/Unit/Assertions/AssertTest.php::`String Assertions` → `Sad Paths` → rejects strings with spaces in alpha" class="Tests\Unit\Assertions\AssertTest" classname="Tests.Unit.Assertions.AssertTest" assertions="2" time="0.003134"/>
        <testcase name="`String Assertions` → `Sad Paths` → rejects empty strings in alpha" file="tests/Unit/Assertions/AssertTest.php::`String Assertions` → `Sad Paths` → rejects empty strings in alpha" class="Tests\Unit\Assertions\AssertTest" classname="Tests.Unit.Assertions.AssertTest" assertions="2" time="0.003200"/>
        <testcase name="`String Assertions` → `Sad Paths` → rejects strings with letters in digits" file="tests/Unit/Assertions/AssertTest.php::`String Assertions` → `Sad Paths` → rejects strings with letters in digits" class="Tests\Unit\Assertions\AssertTest" classname="Tests.Unit.Assertions.AssertTest" assertions="2" time="0.003209"/>
        <testcase name="`String Assertions` → `Sad Paths` → rejects empty strings in digits" file="tests/Unit/Assertions/AssertTest.php::`String Assertions` → `Sad Paths` → rejects empty strings in digits" class="Tests\Unit\Assertions\AssertTest" classname="Tests.Unit.Assertions.AssertTest" assertions="2" time="0.003197"/>
        <testcase name="`String Assertions` → `Sad Paths` → rejects uppercase characters in lower" file="tests/Unit/Assertions/AssertTest.php::`String Assertions` → `Sad Paths` → rejects uppercase characters in lower" class="Tests\Unit\Assertions\AssertTest" classname="Tests.Unit.Assertions.AssertTest" assertions="2" time="0.003232"/>
        <testcase name="`String Assertions` → `Sad Paths` → rejects mixed case in lower" file="tests/Unit/Assertions/AssertTest.php::`String Assertions` → `Sad Paths` → rejects mixed case in lower" class="Tests\Unit\Assertions\AssertTest" classname="Tests.Unit.Assertions.AssertTest" assertions="2" time="0.003273"/>
        <testcase name="`String Assertions` → `Sad Paths` → rejects lowercase characters in upper" file="tests/Unit/Assertions/AssertTest.php::`String Assertions` → `Sad Paths` → rejects lowercase characters in upper" class="Tests\Unit\Assertions\AssertTest" classname="Tests.Unit.Assertions.AssertTest" assertions="2" time="0.003370"/>
        <testcase name="`String Assertions` → `Sad Paths` → rejects mixed case in upper" file="tests/Unit/Assertions/AssertTest.php::`String Assertions` → `Sad Paths` → rejects mixed case in upper" class="Tests\Unit\Assertions\AssertTest" classname="Tests.Unit.Assertions.AssertTest" assertions="2" time="0.003285"/>
        <testcase name="`String Assertions` → `Sad Paths` → rejects strings shorter than minimum in lengthBetween" file="tests/Unit/Assertions/AssertTest.php::`String Assertions` → `Sad Paths` → rejects strings shorter than minimum in lengthBetween" class="Tests\Unit\Assertions\AssertTest" classname="Tests.Unit.Assertions.AssertTest" assertions="2" time="0.003278"/>
        <testcase name="`String Assertions` → `Sad Paths` → rejects strings longer than maximum in lengthBetween" file="tests/Unit/Assertions/AssertTest.php::`String Assertions` → `Sad Paths` → rejects strings longer than maximum in lengthBetween" class="Tests\Unit\Assertions\AssertTest" classname="Tests.Unit.Assertions.AssertTest" assertions="2" time="0.003316"/>
        <testcase name="`String Assertions` → `Sad Paths` → rejects whitespace-only strings" file="tests/Unit/Assertions/AssertTest.php::`String Assertions` → `Sad Paths` → rejects whitespace-only strings" class="Tests\Unit\Assertions\AssertTest" classname="Tests.Unit.Assertions.AssertTest" assertions="2" time="0.003360"/>
        <testcase name="`String Assertions` → `Sad Paths` → rejects empty strings in notWhitespaceOnly" file="tests/Unit/Assertions/AssertTest.php::`String Assertions` → `Sad Paths` → rejects empty strings in notWhitespaceOnly" class="Tests\Unit\Assertions\AssertTest" classname="Tests.Unit.Assertions.AssertTest" assertions="2" time="0.003396"/>
        <testcase name="`String Assertions` → `Sad Paths` → rejects tab-only strings in notWhitespaceOnly" file="tests/Unit/Assertions/AssertTest.php::`String Assertions` → `Sad Paths` → rejects tab-only strings in notWhitespaceOnly" class="Tests\Unit\Assertions\AssertTest" classname="Tests.Unit.Assertions.AssertTest" assertions="2" time="0.003368"/>
        <testcase name="`String Assertions` → `Sad Paths` → rejects newline-only strings in notWhitespaceOnly" file="tests/Unit/Assertions/AssertTest.php::`String Assertions` → `Sad Paths` → rejects newline-only strings in notWhitespaceOnly" class="Tests\Unit\Assertions\AssertTest" classname="Tests.Unit.Assertions.AssertTest" assertions="2" time="0.003349"/>
        <testcase name="`String Assertions` → `Edge Cases` → rejects startsWith with wrong encoding" file="tests/Unit/Assertions/AssertTest.php::`String Assertions` → `Edge Cases` → rejects startsWith with wrong encoding" class="Tests\Unit\Assertions\AssertTest" classname="Tests.Unit.Assertions.AssertTest" assertions="2" time="0.003392"/>
        <testcase name="`String Assertions` → `Edge Cases` → rejects endsWith with wrong encoding" file="tests/Unit/Assertions/AssertTest.php::`String Assertions` → `Edge Cases` → rejects endsWith with wrong encoding" class="Tests\Unit\Assertions\AssertTest" classname="Tests.Unit.Assertions.AssertTest" assertions="2" time="0.003510"/>
        <testcase name="`String Assertions` → `Edge Cases` → rejects length validation with wrong encoding" file="tests/Unit/Assertions/AssertTest.php::`String Assertions` → `Edge Cases` → rejects length validation with wrong encoding" class="Tests\Unit\Assertions\AssertTest" classname="Tests.Unit.Assertions.AssertTest" assertions="2" time="0.003342"/>
        <testcase name="`Array Assertions` → `Happy Paths` → accepts valid arrays" file="tests/Unit/Assertions/AssertTest.php::`Array Assertions` → `Happy Paths` → accepts valid arrays" class="Tests\Unit\Assertions\AssertTest" classname="Tests.Unit.Assertions.AssertTest" assertions="3" time="0.003359"/>
        <testcase name="`Array Assertions` → `Happy Paths` → validates key exists in array" file="tests/Unit/Assertions/AssertTest.php::`Array Assertions` → `Happy Paths` → validates key exists in array" class="Tests\Unit\Assertions\AssertTest" classname="Tests.Unit.Assertions.AssertTest" assertions="1" time="0.003348"/>
        <testcase name="`Array Assertions` → `Happy Paths` → validates key does not exist in array" file="tests/Unit/Assertions/AssertTest.php::`Array Assertions` → `Happy Paths` → validates key does not exist in array" class="Tests\Unit\Assertions\AssertTest" classname="Tests.Unit.Assertions.AssertTest" assertions="1" time="0.003451"/>
        <testsuite name="`Array Assertions` → `Happy Paths` → validates unique array va" tests="6" assertions="6" errors="0" failures="0" skipped="0" time="0.021110">
          <testcase name="`Array Assertions` → `Happy Paths` → validates unique array values with data set &quot;([0, '0'])&quot;" file="tests/Unit/Assertions/AssertTest.php::`Array Assertions` → `Happy Paths` → validates unique array values with data set &quot;([0, '0'])&quot;" class="Tests\Unit\Assertions\AssertTest" classname="Tests.Unit.Assertions.AssertTest" assertions="1" time="0.003476"/>
          <testcase name="`Array Assertions` → `Happy Paths` → validates unique array values with data set &quot;([true, 'true', false, …])&quot;" file="tests/Unit/Assertions/AssertTest.php::`Array Assertions` → `Happy Paths` → validates unique array values with data set &quot;([true, 'true', false, …])&quot;" class="Tests\Unit\Assertions\AssertTest" classname="Tests.Unit.Assertions.AssertTest" assertions="1" time="0.003465"/>
          <testcase name="`Array Assertions` → `Happy Paths` → validates unique array values with data set &quot;(['foo', 'Foo', 'FOO'])&quot;" file="tests/Unit/Assertions/AssertTest.php::`Array Assertions` → `Happy Paths` → validates unique array values with data set &quot;(['foo', 'Foo', 'FOO'])&quot;" class="Tests\Unit\Assertions\AssertTest" classname="Tests.Unit.Assertions.AssertTest" assertions="1" time="0.003397"/>
          <testcase name="`Array Assertions` → `Happy Paths` → validates unique array values with data set &quot;(['foo', stdClass Object ()])&quot;" file="tests/Unit/Assertions/AssertTest.php::`Array Assertions` → `Happy Paths` → validates unique array values with data set &quot;(['foo', stdClass Object ()])&quot;" class="Tests\Unit\Assertions\AssertTest" classname="Tests.Unit.Assertions.AssertTest" assertions="1" time="0.003462"/>
          <testcase name="`Array Assertions` → `Happy Paths` → validates unique array values with data set &quot;([stdClass Object (), stdClass Object ()]) #1&quot;" file="tests/Unit/Assertions/AssertTest.php::`Array Assertions` → `Happy Paths` → validates unique array values with data set &quot;([stdClass Object (), stdClass Object ()]) #1&quot;" class="Tests\Unit\Assertions\AssertTest" classname="Tests.Unit.Assertions.AssertTest" assertions="1" time="0.003743"/>
          <testcase name="`Array Assertions` → `Happy Paths` → validates unique array values with data set &quot;([stdClass Object (), stdClass Object ()]) #2&quot;" file="tests/Unit/Assertions/AssertTest.php::`Array Assertions` → `Happy Paths` → validates unique array values with data set &quot;([stdClass Object (), stdClass Object ()]) #2&quot;" class="Tests\Unit\Assertions\AssertTest" classname="Tests.Unit.Assertions.AssertTest" assertions="1" time="0.003567"/>
        </testsuite>
        <testcase name="`Array Assertions` → `Happy Paths` → validates value in array choices" file="tests/Unit/Assertions/AssertTest.php::`Array Assertions` → `Happy Paths` → validates value in array choices" class="Tests\Unit\Assertions\AssertTest" classname="Tests.Unit.Assertions.AssertTest" assertions="1" time="0.003515"/>
        <testcase name="`Array Assertions` → `Happy Paths` → validates value in array" file="tests/Unit/Assertions/AssertTest.php::`Array Assertions` → `Happy Paths` → validates value in array" class="Tests\Unit\Assertions\AssertTest" classname="Tests.Unit.Assertions.AssertTest" assertions="1" time="0.003473"/>
        <testcase name="`Array Assertions` → `Happy Paths` → validates value is one of choices (oneOf alias)" file="tests/Unit/Assertions/AssertTest.php::`Array Assertions` → `Happy Paths` → validates value is one of choices (oneOf alias)" class="Tests\Unit\Assertions\AssertTest" classname="Tests.Unit.Assertions.AssertTest" assertions="2" time="0.003651"/>
        <testcase name="`Array Assertions` → `Happy Paths` → validates value not in array" file="tests/Unit/Assertions/AssertTest.php::`Array Assertions` → `Happy Paths` → validates value not in array" class="Tests\Unit\Assertions\AssertTest" classname="Tests.Unit.Assertions.AssertTest" assertions="2" time="0.004940"/>
        <testcase name="`Array Assertions` → `Happy Paths` → validates array count" file="tests/Unit/Assertions/AssertTest.php::`Array Assertions` → `Happy Paths` → validates array count" class="Tests\Unit\Assertions\AssertTest" classname="Tests.Unit.Assertions.AssertTest" assertions="4" time="0.003731"/>
        <testcase name="`Array Assertions` → `Happy Paths` → validates array count with intl resource bundle" file="tests/Unit/Assertions/AssertTest.php::`Array Assertions` → `Happy Paths` → validates array count with intl resource bundle" class="Tests\Unit\Assertions\AssertTest" classname="Tests.Unit.Assertions.AssertTest" assertions="1" time="0.003797"/>
        <testcase name="`Array Assertions` → `Happy Paths` → validates minimum array count" file="tests/Unit/Assertions/AssertTest.php::`Array Assertions` → `Happy Paths` → validates minimum array count" class="Tests\Unit\Assertions\AssertTest" classname="Tests.Unit.Assertions.AssertTest" assertions="4" time="0.003603"/>
        <testcase name="`Array Assertions` → `Happy Paths` → validates minimum array count with intl resource bundle" file="tests/Unit/Assertions/AssertTest.php::`Array Assertions` → `Happy Paths` → validates minimum array count with intl resource bundle" class="Tests\Unit\Assertions\AssertTest" classname="Tests.Unit.Assertions.AssertTest" assertions="1" time="0.003573"/>
        <testcase name="`Array Assertions` → `Happy Paths` → validates maximum array count" file="tests/Unit/Assertions/AssertTest.php::`Array Assertions` → `Happy Paths` → validates maximum array count" class="Tests\Unit\Assertions\AssertTest" classname="Tests.Unit.Assertions.AssertTest" assertions="4" time="0.003759"/>
        <testcase name="`Array Assertions` → `Happy Paths` → validates maximum array count with intl resource bundle" file="tests/Unit/Assertions/AssertTest.php::`Array Assertions` → `Happy Paths` → validates maximum array count with intl resource bundle" class="Tests\Unit\Assertions\AssertTest" classname="Tests.Unit.Assertions.AssertTest" assertions="1" time="0.003689"/>
        <testcase name="`Array Assertions` → `Happy Paths` → validates non-empty choices exist in array" file="tests/Unit/Assertions/AssertTest.php::`Array Assertions` → `Happy Paths` → validates non-empty choices exist in array" class="Tests\Unit\Assertions\AssertTest" classname="Tests.Unit.Assertions.AssertTest" assertions="1" time="0.003578"/>
        <testcase name="`Array Assertions` → `Happy Paths` → validates not empty key exists" file="tests/Unit/Assertions/AssertTest.php::`Array Assertions` → `Happy Paths` → validates not empty key exists" class="Tests\Unit\Assertions\AssertTest" classname="Tests.Unit.Assertions.AssertTest" assertions="1" time="0.003601"/>
        <testcase name="`Array Assertions` → `Happy Paths` → validates array subset equality" file="tests/Unit/Assertions/AssertTest.php::`Array Assertions` → `Happy Paths` → validates array subset equality" class="Tests\Unit\Assertions\AssertTest" classname="Tests.Unit.Assertions.AssertTest" assertions="1" time="0.003610"/>
        <testcase name="`Array Assertions` → `Happy Paths` → validates list arrays" file="tests/Unit/Assertions/AssertTest.php::`Array Assertions` → `Happy Paths` → validates list arrays" class="Tests\Unit\Assertions\AssertTest" classname="Tests.Unit.Assertions.AssertTest" assertions="4" time="0.003774"/>
        <testcase name="`Array Assertions` → `Happy Paths` → validates non-empty list arrays" file="tests/Unit/Assertions/AssertTest.php::`Array Assertions` → `Happy Paths` → validates non-empty list arrays" class="Tests\Unit\Assertions\AssertTest" classname="Tests.Unit.Assertions.AssertTest" assertions="3" time="0.003732"/>
        <testcase name="`Array Assertions` → `Happy Paths` → validates map arrays" file="tests/Unit/Assertions/AssertTest.php::`Array Assertions` → `Happy Paths` → validates map arrays" class="Tests\Unit\Assertions\AssertTest" classname="Tests.Unit.Assertions.AssertTest" assertions="4" time="0.003551"/>
        <testcase name="`Array Assertions` → `Happy Paths` → validates non-empty map arrays" file="tests/Unit/Assertions/AssertTest.php::`Array Assertions` → `Happy Paths` → validates non-empty map arrays" class="Tests\Unit\Assertions\AssertTest" classname="Tests.Unit.Assertions.AssertTest" assertions="2" time="0.003653"/>
        <testcase name="`Array Assertions` → `Happy Paths` → validates array count between bounds" file="tests/Unit/Assertions/AssertTest.php::`Array Assertions` → `Happy Paths` → validates array count between bounds" class="Tests\Unit\Assertions\AssertTest" classname="Tests.Unit.Assertions.AssertTest" assertions="5" time="0.003611"/>
        <testcase name="`Array Assertions` → `Happy Paths` → validates valid array keys" file="tests/Unit/Assertions/AssertTest.php::`Array Assertions` → `Happy Paths` → validates valid array keys" class="Tests\Unit\Assertions\AssertTest" classname="Tests.Unit.Assertions.AssertTest" assertions="6" time="0.003686"/>
        <testsuite name="`Array Assertions` → `Sad Paths` → rejects invalid array t" tests="7" assertions="14" errors="0" failures="0" skipped="0" time="0.026170">
          <testcase name="`Array Assertions` → `Sad Paths` → rejects invalid array types with data set &quot;(null)&quot;" file="tests/Unit/Assertions/AssertTest.php::`Array Assertions` → `Sad Paths` → rejects invalid array types with data set &quot;(null)&quot;" class="Tests\Unit\Assertions\AssertTest" classname="Tests.Unit.Assertions.AssertTest" assertions="2" time="0.003782"/>
          <testcase name="`Array Assertions` → `Sad Paths` → rejects invalid array types with data set &quot;(false)&quot;" file="tests/Unit/Assertions/AssertTest.php::`Array Assertions` → `Sad Paths` → rejects invalid array types with data set &quot;(false)&quot;" class="Tests\Unit\Assertions\AssertTest" classname="Tests.Unit.Assertions.AssertTest" assertions="2" time="0.003652"/>
          <testcase name="`Array Assertions` → `Sad Paths` → rejects invalid array types with data set &quot;('test')&quot;" file="tests/Unit/Assertions/AssertTest.php::`Array Assertions` → `Sad Paths` → rejects invalid array types with data set &quot;('test')&quot;" class="Tests\Unit\Assertions\AssertTest" classname="Tests.Unit.Assertions.AssertTest" assertions="2" time="0.003679"/>
          <testcase name="`Array Assertions` → `Sad Paths` → rejects invalid array types with data set &quot;(1)&quot;" file="tests/Unit/Assertions/AssertTest.php::`Array Assertions` → `Sad Paths` → rejects invalid array types with data set &quot;(1)&quot;" class="Tests\Unit\Assertions\AssertTest" classname="Tests.Unit.Assertions.AssertTest" assertions="2" time="0.003741"/>
          <testcase name="`Array Assertions` → `Sad Paths` → rejects invalid array types with data set &quot;(1.23)&quot;" file="tests/Unit/Assertions/AssertTest.php::`Array Assertions` → `Sad Paths` → rejects invalid array types with data set &quot;(1.23)&quot;" class="Tests\Unit\Assertions\AssertTest" classname="Tests.Unit.Assertions.AssertTest" assertions="2" time="0.003707"/>
          <testcase name="`Array Assertions` → `Sad Paths` → rejects invalid array types with data set &quot;(stdClass Object ())&quot;" file="tests/Unit/Assertions/AssertTest.php::`Array Assertions` → `Sad Paths` → rejects invalid array types with data set &quot;(stdClass Object ())&quot;" class="Tests\Unit\Assertions\AssertTest" classname="Tests.Unit.Assertions.AssertTest" assertions="2" time="0.003749"/>
          <testcase name="`Array Assertions` → `Sad Paths` → rejects invalid array types with data set &quot;(resource(716) of type (stream))&quot;" file="tests/Unit/Assertions/AssertTest.php::`Array Assertions` → `Sad Paths` → rejects invalid array types with data set &quot;(resource(716) of type (stream))&quot;" class="Tests\Unit\Assertions\AssertTest" classname="Tests.Unit.Assertions.AssertTest" assertions="2" time="0.003860"/>
        </testsuite>
        <testcase name="`Array Assertions` → `Sad Paths` → rejects missing key in array" file="tests/Unit/Assertions/AssertTest.php::`Array Assertions` → `Sad Paths` → rejects missing key in array" class="Tests\Unit\Assertions\AssertTest" classname="Tests.Unit.Assertions.AssertTest" assertions="2" time="0.003719"/>
        <testcase name="`Array Assertions` → `Sad Paths` → rejects existing key when not expected" file="tests/Unit/Assertions/AssertTest.php::`Array Assertions` → `Sad Paths` → rejects existing key when not expected" class="Tests\Unit\Assertions\AssertTest" classname="Tests.Unit.Assertions.AssertTest" assertions="2" time="0.003719"/>
        <testsuite name="`Array Assertions` → `Sad Paths` → rejects non-unique array va" tests="6" assertions="12" errors="0" failures="0" skipped="0" time="0.023010">
          <testcase name="`Array Assertions` → `Sad Paths` → rejects non-unique array values with data set &quot;(['bar', 'bar'])&quot;" file="tests/Unit/Assertions/AssertTest.php::`Array Assertions` → `Sad Paths` → rejects non-unique array values with data set &quot;(['bar', 'bar'])&quot;" class="Tests\Unit\Assertions\AssertTest" classname="Tests.Unit.Assertions.AssertTest" assertions="2" time="0.003766"/>
          <testcase name="`Array Assertions` → `Sad Paths` → rejects non-unique array values with data set &quot;([stdClass Object (), stdClass Object ()]) #1&quot;" file="tests/Unit/Assertions/AssertTest.php::`Array Assertions` → `Sad Paths` → rejects non-unique array values with data set &quot;([stdClass Object (), stdClass Object ()]) #1&quot;" class="Tests\Unit\Assertions\AssertTest" classname="Tests.Unit.Assertions.AssertTest" assertions="2" time="0.003936"/>
          <testcase name="`Array Assertions` → `Sad Paths` → rejects non-unique array values with data set &quot;([stdClass Object (), stdClass Object ()]) #2&quot;" file="tests/Unit/Assertions/AssertTest.php::`Array Assertions` → `Sad Paths` → rejects non-unique array values with data set &quot;([stdClass Object (), stdClass Object ()]) #2&quot;" class="Tests\Unit\Assertions\AssertTest" classname="Tests.Unit.Assertions.AssertTest" assertions="2" time="0.003827"/>
          <testcase name="`Array Assertions` → `Sad Paths` → rejects non-unique array values with data set &quot;([true, true])&quot;" file="tests/Unit/Assertions/AssertTest.php::`Array Assertions` → `Sad Paths` → rejects non-unique array values with data set &quot;([true, true])&quot;" class="Tests\Unit\Assertions\AssertTest" classname="Tests.Unit.Assertions.AssertTest" assertions="2" time="0.003992"/>
          <testcase name="`Array Assertions` → `Sad Paths` → rejects non-unique array values with data set &quot;([null, null])&quot;" file="tests/Unit/Assertions/AssertTest.php::`Array Assertions` → `Sad Paths` → rejects non-unique array values with data set &quot;([null, null])&quot;" class="Tests\Unit\Assertions\AssertTest" classname="Tests.Unit.Assertions.AssertTest" assertions="2" time="0.003799"/>
          <testcase name="`Array Assertions` → `Sad Paths` → rejects non-unique array values with data set &quot;([1, stdClass Object (), true, …])&quot;" file="tests/Unit/Assertions/AssertTest.php::`Array Assertions` → `Sad Paths` → rejects non-unique array values with data set &quot;([1, stdClass Object (), true, …])&quot;" class="Tests\Unit\Assertions\AssertTest" classname="Tests.Unit.Assertions.AssertTest" assertions="2" time="0.003691"/>
        </testsuite>
        <testcase name="`Array Assertions` → `Sad Paths` → rejects value not in choices" file="tests/Unit/Assertions/AssertTest.php::`Array Assertions` → `Sad Paths` → rejects value not in choices" class="Tests\Unit\Assertions\AssertTest" classname="Tests.Unit.Assertions.AssertTest" assertions="2" time="0.003785"/>
        <testcase name="`Array Assertions` → `Sad Paths` → rejects value not in array" file="tests/Unit/Assertions/AssertTest.php::`Array Assertions` → `Sad Paths` → rejects value not in array" class="Tests\Unit\Assertions\AssertTest" classname="Tests.Unit.Assertions.AssertTest" assertions="2" time="0.003735"/>
        <testcase name="`Array Assertions` → `Sad Paths` → rejects value found in array when not expected" file="tests/Unit/Assertions/AssertTest.php::`Array Assertions` → `Sad Paths` → rejects value found in array when not expected" class="Tests\Unit\Assertions\AssertTest" classname="Tests.Unit.Assertions.AssertTest" assertions="2" time="0.003839"/>
        <testsuite name="`Array Assertions` → `Sad Paths` → rejects incorrect array c" tests="4" assertions="12" errors="0" failures="0" skipped="0" time="0.015691">
          <testcase name="`Array Assertions` → `Sad Paths` → rejects incorrect array count with data set &quot;(['Hi', 'There'], 3)&quot;" file="tests/Unit/Assertions/AssertTest.php::`Array Assertions` → `Sad Paths` → rejects incorrect array count with data set &quot;(['Hi', 'There'], 3)&quot;" class="Tests\Unit\Assertions\AssertTest" classname="Tests.Unit.Assertions.AssertTest" assertions="3" time="0.004012"/>
          <testcase name="`Array Assertions` → `Sad Paths` → rejects incorrect array count with data set &quot;(Tests\Fixtures\OneCountable Object (), 2)&quot;" file="tests/Unit/Assertions/AssertTest.php::`Array Assertions` → `Sad Paths` → rejects incorrect array count with data set &quot;(Tests\Fixtures\OneCountable Object (), 2)&quot;" class="Tests\Unit\Assertions\AssertTest" classname="Tests.Unit.Assertions.AssertTest" assertions="3" time="0.003828"/>
          <testcase name="`Array Assertions` → `Sad Paths` → rejects incorrect array count with data set &quot;(Tests\Fixtures\OneCountable Object (), 0)&quot;" file="tests/Unit/Assertions/AssertTest.php::`Array Assertions` → `Sad Paths` → rejects incorrect array count with data set &quot;(Tests\Fixtures\OneCountable Object (), 0)&quot;" class="Tests\Unit\Assertions\AssertTest" classname="Tests.Unit.Assertions.AssertTest" assertions="3" time="0.004008"/>
          <testcase name="`Array Assertions` → `Sad Paths` → rejects incorrect array count with data set &quot;([], 2)&quot;" file="tests/Unit/Assertions/AssertTest.php::`Array Assertions` → `Sad Paths` → rejects incorrect array count with data set &quot;([], 2)&quot;" class="Tests\Unit\Assertions\AssertTest" classname="Tests.Unit.Assertions.AssertTest" assertions="3" time="0.003843"/>
        </testsuite>
        <testsuite name="`Array Assertions` → `Sad Paths` → rejects array count below min" tests="4" assertions="12" errors="0" failures="0" skipped="0" time="0.015718">
          <testcase name="`Array Assertions` → `Sad Paths` → rejects array count below minimum with data set &quot;dataset &quot;2 elements while at least 3 expected&quot;&quot;" file="tests/Unit/Assertions/AssertTest.php::`Array Assertions` → `Sad Paths` → rejects array count below minimum with data set &quot;dataset &quot;2 elements while at least 3 expected&quot;&quot;" class="Tests\Unit\Assertions\AssertTest" classname="Tests.Unit.Assertions.AssertTest" assertions="3" time="0.003939"/>
          <testcase name="`Array Assertions` → `Sad Paths` → rejects array count below minimum with data set &quot;dataset &quot;1 countable while at least 2 expected&quot;&quot;" file="tests/Unit/Assertions/AssertTest.php::`Array Assertions` → `Sad Paths` → rejects array count below minimum with data set &quot;dataset &quot;1 countable while at least 2 expected&quot;&quot;" class="Tests\Unit\Assertions\AssertTest" classname="Tests.Unit.Assertions.AssertTest" assertions="3" time="0.003908"/>
          <testcase name="`Array Assertions` → `Sad Paths` → rejects array count below minimum with data set &quot;dataset &quot;2 countable while at least 3 expected&quot;&quot;" file="tests/Unit/Assertions/AssertTest.php::`Array Assertions` → `Sad Paths` → rejects array count below minimum with data set &quot;dataset &quot;2 countable while at least 3 expected&quot;&quot;" class="Tests\Unit\Assertions\AssertTest" classname="Tests.Unit.Assertions.AssertTest" assertions="3" time="0.003884"/>
          <testcase name="`Array Assertions` → `Sad Paths` → rejects array count below minimum with data set &quot;dataset &quot;6 countable while at least 7 expected&quot;&quot;" file="tests/Unit/Assertions/AssertTest.php::`Array Assertions` → `Sad Paths` → rejects array count below minimum with data set &quot;dataset &quot;6 countable while at least 7 expected&quot;&quot;" class="Tests\Unit\Assertions\AssertTest" classname="Tests.Unit.Assertions.AssertTest" assertions="3" time="0.003987"/>
        </testsuite>
        <testsuite name="`Array Assertions` → `Sad Paths` → rejects array count above max" tests="4" assertions="12" errors="0" failures="0" skipped="0" time="0.015794">
          <testcase name="`Array Assertions` → `Sad Paths` → rejects array count above maximum with data set &quot;dataset &quot;2 elements while at most 1 expected&quot;&quot;" file="tests/Unit/Assertions/AssertTest.php::`Array Assertions` → `Sad Paths` → rejects array count above maximum with data set &quot;dataset &quot;2 elements while at most 1 expected&quot;&quot;" class="Tests\Unit\Assertions\AssertTest" classname="Tests.Unit.Assertions.AssertTest" assertions="3" time="0.003935"/>
          <testcase name="`Array Assertions` → `Sad Paths` → rejects array count above maximum with data set &quot;dataset &quot;1 countable while at most 0 expected&quot;&quot;" file="tests/Unit/Assertions/AssertTest.php::`Array Assertions` → `Sad Paths` → rejects array count above maximum with data set &quot;dataset &quot;1 countable while at most 0 expected&quot;&quot;" class="Tests\Unit\Assertions\AssertTest" classname="Tests.Unit.Assertions.AssertTest" assertions="3" time="0.003887"/>
          <testcase name="`Array Assertions` → `Sad Paths` → rejects array count above maximum with data set &quot;dataset &quot;2 countable while at most 1 expected&quot;&quot;" file="tests/Unit/Assertions/AssertTest.php::`Array Assertions` → `Sad Paths` → rejects array count above maximum with data set &quot;dataset &quot;2 countable while at most 1 expected&quot;&quot;" class="Tests\Unit\Assertions\AssertTest" classname="Tests.Unit.Assertions.AssertTest" assertions="3" time="0.003982"/>
          <testcase name="`Array Assertions` → `Sad Paths` → rejects array count above maximum with data set &quot;dataset &quot;6 countable while at most 5 expected&quot;&quot;" file="tests/Unit/Assertions/AssertTest.php::`Array Assertions` → `Sad Paths` → rejects array count above maximum with data set &quot;dataset &quot;6 countable while at most 5 expected&quot;&quot;" class="Tests\Unit\Assertions\AssertTest" classname="Tests.Unit.Assertions.AssertTest" assertions="3" time="0.003991"/>
        </testsuite>
        <testsuite name="`Array Assertions` → `Sad Paths` → rejects empty choice va" tests="2" assertions="4" errors="0" failures="0" skipped="0" time="0.007933">
          <testcase name="`Array Assertions` → `Sad Paths` → rejects empty choice values with data set &quot;dataset &quot;empty values&quot;&quot;" file="tests/Unit/Assertions/AssertTest.php::`Array Assertions` → `Sad Paths` → rejects empty choice values with data set &quot;dataset &quot;empty values&quot;&quot;" class="Tests\Unit\Assertions\AssertTest" classname="Tests.Unit.Assertions.AssertTest" assertions="2" time="0.003967"/>
          <testcase name="`Array Assertions` → `Sad Paths` → rejects empty choice values with data set &quot;dataset &quot;empty recodes in $values&quot;&quot;" file="tests/Unit/Assertions/AssertTest.php::`Array Assertions` → `Sad Paths` → rejects empty choice values with data set &quot;dataset &quot;empty recodes in $values&quot;&quot;" class="Tests\Unit\Assertions\AssertTest" classname="Tests.Unit.Assertions.AssertTest" assertions="2" time="0.003967"/>
        </testsuite>
        <testcase name="`Array Assertions` → `Sad Paths` → rejects invalid choice keys" file="tests/Unit/Assertions/AssertTest.php::`Array Assertions` → `Sad Paths` → rejects invalid choice keys" class="Tests\Unit\Assertions\AssertTest" classname="Tests.Unit.Assertions.AssertTest" assertions="2" time="0.004150"/>
        <testcase name="`Array Assertions` → `Sad Paths` → rejects empty key value when not empty expected" file="tests/Unit/Assertions/AssertTest.php::`Array Assertions` → `Sad Paths` → rejects empty key value when not empty expected" class="Tests\Unit\Assertions\AssertTest" classname="Tests.Unit.Assertions.AssertTest" assertions="2" time="0.004091"/>
        <testcase name="`Array Assertions` → `Sad Paths` → rejects missing key when not empty expected" file="tests/Unit/Assertions/AssertTest.php::`Array Assertions` → `Sad Paths` → rejects missing key when not empty expected" class="Tests\Unit\Assertions\AssertTest" classname="Tests.Unit.Assertions.AssertTest" assertions="2" time="0.004047"/>
        <testsuite name="`Array Assertions` → `Sad Paths` → rejects invalid array types for subset compar" tests="2" assertions="4" errors="0" failures="0" skipped="0" time="0.008265">
          <testcase name="`Array Assertions` → `Sad Paths` → rejects invalid array types for subset comparison with data set &quot;dataset &quot;firstArgumentNotArray&quot;&quot;" file="tests/Unit/Assertions/AssertTest.php::`Array Assertions` → `Sad Paths` → rejects invalid array types for subset comparison with data set &quot;dataset &quot;firstArgumentNotArray&quot;&quot;" class="Tests\Unit\Assertions\AssertTest" classname="Tests.Unit.Assertions.AssertTest" assertions="2" time="0.004171"/>
          <testcase name="`Array Assertions` → `Sad Paths` → rejects invalid array types for subset comparison with data set &quot;dataset &quot;secondArgumentNotArray&quot;&quot;" file="tests/Unit/Assertions/AssertTest.php::`Array Assertions` → `Sad Paths` → rejects invalid array types for subset comparison with data set &quot;dataset &quot;secondArgumentNotArray&quot;&quot;" class="Tests\Unit\Assertions\AssertTest" classname="Tests.Unit.Assertions.AssertTest" assertions="2" time="0.004095"/>
        </testsuite>
        <testsuite name="`Array Assertions` → `Sad Paths` → rejects mismatching array sub" tests="2" assertions="4" errors="0" failures="0" skipped="0" time="0.008312">
          <testcase name="`Array Assertions` → `Sad Paths` → rejects mismatching array subsets with data set &quot;dataset &quot;firstArgumentNotArray&quot;&quot;" file="tests/Unit/Assertions/AssertTest.php::`Array Assertions` → `Sad Paths` → rejects mismatching array subsets with data set &quot;dataset &quot;firstArgumentNotArray&quot;&quot;" class="Tests\Unit\Assertions\AssertTest" classname="Tests.Unit.Assertions.AssertTest" assertions="2" time="0.004155"/>
          <testcase name="`Array Assertions` → `Sad Paths` → rejects mismatching array subsets with data set &quot;dataset &quot;secondArgumentNotArray&quot;&quot;" file="tests/Unit/Assertions/AssertTest.php::`Array Assertions` → `Sad Paths` → rejects mismatching array subsets with data set &quot;dataset &quot;secondArgumentNotArray&quot;&quot;" class="Tests\Unit\Assertions\AssertTest" classname="Tests.Unit.Assertions.AssertTest" assertions="2" time="0.004156"/>
        </testsuite>
        <testcase name="`Array Assertions` → `Sad Paths` → rejects associative arrays as lists" file="tests/Unit/Assertions/AssertTest.php::`Array Assertions` → `Sad Paths` → rejects associative arrays as lists" class="Tests\Unit\Assertions\AssertTest" classname="Tests.Unit.Assertions.AssertTest" assertions="2" time="0.004094"/>
        <testcase name="`Array Assertions` → `Sad Paths` → rejects associative arrays as lists with custom message" file="tests/Unit/Assertions/AssertTest.php::`Array Assertions` → `Sad Paths` → rejects associative arrays as lists with custom message" class="Tests\Unit\Assertions\AssertTest" classname="Tests.Unit.Assertions.AssertTest" assertions="2" time="0.004294"/>
        <testcase name="`Array Assertions` → `Sad Paths` → rejects arrays with non-sequential keys as lists" file="tests/Unit/Assertions/AssertTest.php::`Array Assertions` → `Sad Paths` → rejects arrays with non-sequential keys as lists" class="Tests\Unit\Assertions\AssertTest" classname="Tests.Unit.Assertions.AssertTest" assertions="2" time="0.004173"/>
        <testcase name="`Array Assertions` → `Sad Paths` → rejects associative arrays with sequential keys as lists" file="tests/Unit/Assertions/AssertTest.php::`Array Assertions` → `Sad Paths` → rejects associative arrays with sequential keys as lists" class="Tests\Unit\Assertions\AssertTest" classname="Tests.Unit.Assertions.AssertTest" assertions="2" time="0.004205"/>
        <testcase name="`Array Assertions` → `Sad Paths` → rejects non-array values as lists" file="tests/Unit/Assertions/AssertTest.php::`Array Assertions` → `Sad Paths` → rejects non-array values as lists" class="Tests\Unit\Assertions\AssertTest" classname="Tests.Unit.Assertions.AssertTest" assertions="2" time="0.004158"/>
        <testcase name="`Array Assertions` → `Sad Paths` → rejects empty arrays as non-empty lists" file="tests/Unit/Assertions/AssertTest.php::`Array Assertions` → `Sad Paths` → rejects empty arrays as non-empty lists" class="Tests\Unit\Assertions\AssertTest" classname="Tests.Unit.Assertions.AssertTest" assertions="2" time="0.004187"/>
        <testcase name="`Array Assertions` → `Sad Paths` → rejects associative arrays as non-empty lists" file="tests/Unit/Assertions/AssertTest.php::`Array Assertions` → `Sad Paths` → rejects associative arrays as non-empty lists" class="Tests\Unit\Assertions\AssertTest" classname="Tests.Unit.Assertions.AssertTest" assertions="2" time="0.004130"/>
        <testcase name="`Array Assertions` → `Sad Paths` → rejects lists with integer keys as maps" file="tests/Unit/Assertions/AssertTest.php::`Array Assertions` → `Sad Paths` → rejects lists with integer keys as maps" class="Tests\Unit\Assertions\AssertTest" classname="Tests.Unit.Assertions.AssertTest" assertions="2" time="0.004222"/>
        <testcase name="`Array Assertions` → `Sad Paths` → rejects mixed key types as maps" file="tests/Unit/Assertions/AssertTest.php::`Array Assertions` → `Sad Paths` → rejects mixed key types as maps" class="Tests\Unit\Assertions\AssertTest" classname="Tests.Unit.Assertions.AssertTest" assertions="2" time="0.004318"/>
        <testcase name="`Array Assertions` → `Sad Paths` → rejects non-array values as maps" file="tests/Unit/Assertions/AssertTest.php::`Array Assertions` → `Sad Paths` → rejects non-array values as maps" class="Tests\Unit\Assertions\AssertTest" classname="Tests.Unit.Assertions.AssertTest" assertions="2" time="0.004280"/>
        <testcase name="`Array Assertions` → `Sad Paths` → rejects empty arrays as non-empty maps" file="tests/Unit/Assertions/AssertTest.php::`Array Assertions` → `Sad Paths` → rejects empty arrays as non-empty maps" class="Tests\Unit\Assertions\AssertTest" classname="Tests.Unit.Assertions.AssertTest" assertions="2" time="0.004165"/>
        <testcase name="`Array Assertions` → `Sad Paths` → rejects lists as non-empty maps" file="tests/Unit/Assertions/AssertTest.php::`Array Assertions` → `Sad Paths` → rejects lists as non-empty maps" class="Tests\Unit\Assertions\AssertTest" classname="Tests.Unit.Assertions.AssertTest" assertions="2" time="0.004203"/>
        <testcase name="`Array Assertions` → `Sad Paths` → rejects count below minimum in countBetween" file="tests/Unit/Assertions/AssertTest.php::`Array Assertions` → `Sad Paths` → rejects count below minimum in countBetween" class="Tests\Unit\Assertions\AssertTest" classname="Tests.Unit.Assertions.AssertTest" assertions="2" time="0.004258"/>
        <testcase name="`Array Assertions` → `Sad Paths` → rejects count above maximum in countBetween" file="tests/Unit/Assertions/AssertTest.php::`Array Assertions` → `Sad Paths` → rejects count above maximum in countBetween" class="Tests\Unit\Assertions\AssertTest" classname="Tests.Unit.Assertions.AssertTest" assertions="2" time="0.004344"/>
        <testcase name="`Array Assertions` → `Sad Paths` → rejects float values as array keys" file="tests/Unit/Assertions/AssertTest.php::`Array Assertions` → `Sad Paths` → rejects float values as array keys" class="Tests\Unit\Assertions\AssertTest" classname="Tests.Unit.Assertions.AssertTest" assertions="2" time="0.004238"/>
        <testcase name="`Array Assertions` → `Sad Paths` → rejects boolean values as array keys" file="tests/Unit/Assertions/AssertTest.php::`Array Assertions` → `Sad Paths` → rejects boolean values as array keys" class="Tests\Unit\Assertions\AssertTest" classname="Tests.Unit.Assertions.AssertTest" assertions="2" time="0.004278"/>
        <testcase name="`Array Assertions` → `Sad Paths` → rejects null values as array keys" file="tests/Unit/Assertions/AssertTest.php::`Array Assertions` → `Sad Paths` → rejects null values as array keys" class="Tests\Unit\Assertions\AssertTest" classname="Tests.Unit.Assertions.AssertTest" assertions="2" time="0.004298"/>
        <testcase name="`Array Assertions` → `Sad Paths` → rejects array values as array keys" file="tests/Unit/Assertions/AssertTest.php::`Array Assertions` → `Sad Paths` → rejects array values as array keys" class="Tests\Unit\Assertions\AssertTest" classname="Tests.Unit.Assertions.AssertTest" assertions="2" time="0.004356"/>
        <testcase name="`Array Assertions` → `Sad Paths` → rejects object values as array keys" file="tests/Unit/Assertions/AssertTest.php::`Array Assertions` → `Sad Paths` → rejects object values as array keys" class="Tests\Unit\Assertions\AssertTest" classname="Tests.Unit.Assertions.AssertTest" assertions="2" time="0.004303"/>
        <testcase name="`Comparison Assertions` → `Happy Paths` → validates identical values with same" file="tests/Unit/Assertions/AssertTest.php::`Comparison Assertions` → `Happy Paths` → validates identical values with same" class="Tests\Unit\Assertions\AssertTest" classname="Tests.Unit.Assertions.AssertTest" assertions="3" time="0.004407"/>
        <testcase name="`Comparison Assertions` → `Happy Paths` → validates equal values with eq" file="tests/Unit/Assertions/AssertTest.php::`Comparison Assertions` → `Happy Paths` → validates equal values with eq" class="Tests\Unit\Assertions\AssertTest" classname="Tests.Unit.Assertions.AssertTest" assertions="3" time="0.004331"/>
        <testcase name="`Comparison Assertions` → `Happy Paths` → validates not equal values" file="tests/Unit/Assertions/AssertTest.php::`Comparison Assertions` → `Happy Paths` → validates not equal values" class="Tests\Unit\Assertions\AssertTest" classname="Tests.Unit.Assertions.AssertTest" assertions="2" time="0.004409"/>
        <testcase name="`Comparison Assertions` → `Happy Paths` → validates not same values" file="tests/Unit/Assertions/AssertTest.php::`Comparison Assertions` → `Happy Paths` → validates not same values" class="Tests\Unit\Assertions\AssertTest" classname="Tests.Unit.Assertions.AssertTest" assertions="2" time="0.004370"/>
        <testcase name="`Comparison Assertions` → `Happy Paths` → validates minimum value" file="tests/Unit/Assertions/AssertTest.php::`Comparison Assertions` → `Happy Paths` → validates minimum value" class="Tests\Unit\Assertions\AssertTest" classname="Tests.Unit.Assertions.AssertTest" assertions="3" time="0.004383"/>
        <testcase name="`Comparison Assertions` → `Happy Paths` → validates maximum value" file="tests/Unit/Assertions/AssertTest.php::`Comparison Assertions` → `Happy Paths` → validates maximum value" class="Tests\Unit\Assertions\AssertTest" classname="Tests.Unit.Assertions.AssertTest" assertions="3" time="0.004362"/>
        <testcase name="`Comparison Assertions` → `Happy Paths` → validates value in range" file="tests/Unit/Assertions/AssertTest.php::`Comparison Assertions` → `Happy Paths` → validates value in range" class="Tests\Unit\Assertions\AssertTest" classname="Tests.Unit.Assertions.AssertTest" assertions="4" time="0.004415"/>
        <testcase name="`Comparison Assertions` → `Happy Paths` → validates less than comparison" file="tests/Unit/Assertions/AssertTest.php::`Comparison Assertions` → `Happy Paths` → validates less than comparison" class="Tests\Unit\Assertions\AssertTest" classname="Tests.Unit.Assertions.AssertTest" assertions="4" time="0.004405"/>
        <testcase name="`Comparison Assertions` → `Happy Paths` → validates less or equal than comparison" file="tests/Unit/Assertions/AssertTest.php::`Comparison Assertions` → `Happy Paths` → validates less or equal than comparison" class="Tests\Unit\Assertions\AssertTest" classname="Tests.Unit.Assertions.AssertTest" assertions="7" time="0.004404"/>
        <testcase name="`Comparison Assertions` → `Happy Paths` → validates greater than comparison" file="tests/Unit/Assertions/AssertTest.php::`Comparison Assertions` → `Happy Paths` → validates greater than comparison" class="Tests\Unit\Assertions\AssertTest" classname="Tests.Unit.Assertions.AssertTest" assertions="4" time="0.004403"/>
        <testcase name="`Comparison Assertions` → `Happy Paths` → validates greater or equal than comparison" file="tests/Unit/Assertions/AssertTest.php::`Comparison Assertions` → `Happy Paths` → validates greater or equal than comparison" class="Tests\Unit\Assertions\AssertTest" classname="Tests.Unit.Assertions.AssertTest" assertions="7" time="0.004550"/>
        <testsuite name="`Comparison Assertions` → `Happy Paths` → validates value between bounds inclusi" tests="6" assertions="6" errors="0" failures="0" skipped="0" time="0.026955">
          <testcase name="`Comparison Assertions` → `Happy Paths` → validates value between bounds inclusively with data set &quot;(2, 1, 3)&quot;" file="tests/Unit/Assertions/AssertTest.php::`Comparison Assertions` → `Happy Paths` → validates value between bounds inclusively with data set &quot;(2, 1, 3)&quot;" class="Tests\Unit\Assertions\AssertTest" classname="Tests.Unit.Assertions.AssertTest" assertions="1" time="0.004505"/>
          <testcase name="`Comparison Assertions` → `Happy Paths` → validates value between bounds inclusively with data set &quot;(1, 1, 1)&quot;" file="tests/Unit/Assertions/AssertTest.php::`Comparison Assertions` → `Happy Paths` → validates value between bounds inclusively with data set &quot;(1, 1, 1)&quot;" class="Tests\Unit\Assertions\AssertTest" classname="Tests.Unit.Assertions.AssertTest" assertions="1" time="0.004462"/>
          <testcase name="`Comparison Assertions` → `Happy Paths` → validates value between bounds inclusively with data set &quot;('bbb', 'aaa', 'ccc')&quot;" file="tests/Unit/Assertions/AssertTest.php::`Comparison Assertions` → `Happy Paths` → validates value between bounds inclusively with data set &quot;('bbb', 'aaa', 'ccc')&quot;" class="Tests\Unit\Assertions\AssertTest" classname="Tests.Unit.Assertions.AssertTest" assertions="1" time="0.004464"/>
          <testcase name="`Comparison Assertions` → `Happy Paths` → validates value between bounds inclusively with data set &quot;('aaa', 'aaa', 'aaa')&quot;" file="tests/Unit/Assertions/AssertTest.php::`Comparison Assertions` → `Happy Paths` → validates value between bounds inclusively with data set &quot;('aaa', 'aaa', 'aaa')&quot;" class="Tests\Unit\Assertions\AssertTest" classname="Tests.Unit.Assertions.AssertTest" assertions="1" time="0.004532"/>
          <testcase name="`Comparison Assertions` → `Happy Paths` → validates value between bounds inclusively with data set &quot;(Illuminate\Support\Carbon, Illuminate\Support\Carbon, Illuminate\Support\Carbon) #1&quot;" file="tests/Unit/Assertions/AssertTest.php::`Comparison Assertions` → `Happy Paths` → validates value between bounds inclusively with data set &quot;(Illuminate\Support\Carbon, Illuminate\Support\Carbon, Illuminate\Support\Carbon) #1&quot;" class="Tests\Unit\Assertions\AssertTest" classname="Tests.Unit.Assertions.AssertTest" assertions="1" time="0.004535"/>
          <testcase name="`Comparison Assertions` → `Happy Paths` → validates value between bounds inclusively with data set &quot;(Illuminate\Support\Carbon, Illuminate\Support\Carbon, Illuminate\Support\Carbon) #2&quot;" file="tests/Unit/Assertions/AssertTest.php::`Comparison Assertions` → `Happy Paths` → validates value between bounds inclusively with data set &quot;(Illuminate\Support\Carbon, Illuminate\Support\Carbon, Illuminate\Support\Carbon) #2&quot;" class="Tests\Unit\Assertions\AssertTest" classname="Tests.Unit.Assertions.AssertTest" assertions="1" time="0.004456"/>
        </testsuite>
        <testsuite name="`Comparison Assertions` → `Happy Paths` → validates value between bounds exclusi" tests="3" assertions="3" errors="0" failures="0" skipped="0" time="0.013659">
          <testcase name="`Comparison Assertions` → `Happy Paths` → validates value between bounds exclusively with data set &quot;(2, 1, 3)&quot;" file="tests/Unit/Assertions/AssertTest.php::`Comparison Assertions` → `Happy Paths` → validates value between bounds exclusively with data set &quot;(2, 1, 3)&quot;" class="Tests\Unit\Assertions\AssertTest" classname="Tests.Unit.Assertions.AssertTest" assertions="1" time="0.004485"/>
          <testcase name="`Comparison Assertions` → `Happy Paths` → validates value between bounds exclusively with data set &quot;('bbb', 'aaa', 'ccc')&quot;" file="tests/Unit/Assertions/AssertTest.php::`Comparison Assertions` → `Happy Paths` → validates value between bounds exclusively with data set &quot;('bbb', 'aaa', 'ccc')&quot;" class="Tests\Unit\Assertions\AssertTest" classname="Tests.Unit.Assertions.AssertTest" assertions="1" time="0.004557"/>
          <testcase name="`Comparison Assertions` → `Happy Paths` → validates value between bounds exclusively with data set &quot;(Illuminate\Support\Carbon, Illuminate\Support\Carbon, Illuminate\Support\Carbon)&quot;" file="tests/Unit/Assertions/AssertTest.php::`Comparison Assertions` → `Happy Paths` → validates value between bounds exclusively with data set &quot;(Illuminate\Support\Carbon, Illuminate\Support\Carbon, Illuminate\Support\Carbon)&quot;" class="Tests\Unit\Assertions\AssertTest" classname="Tests.Unit.Assertions.AssertTest" assertions="1" time="0.004618"/>
        </testsuite>
        <testcase name="`Comparison Assertions` → `Happy Paths` → validates true values" file="tests/Unit/Assertions/AssertTest.php::`Comparison Assertions` → `Happy Paths` → validates true values" class="Tests\Unit\Assertions\AssertTest" classname="Tests.Unit.Assertions.AssertTest" assertions="1" time="0.004625"/>
        <testcase name="`Comparison Assertions` → `Happy Paths` → validates false values" file="tests/Unit/Assertions/AssertTest.php::`Comparison Assertions` → `Happy Paths` → validates false values" class="Tests\Unit\Assertions\AssertTest" classname="Tests.Unit.Assertions.AssertTest" assertions="1" time="0.004530"/>
        <testcase name="`Comparison Assertions` → `Happy Paths` → validates not false values" file="tests/Unit/Assertions/AssertTest.php::`Comparison Assertions` → `Happy Paths` → validates not false values" class="Tests\Unit\Assertions\AssertTest" classname="Tests.Unit.Assertions.AssertTest" assertions="7" time="0.004572"/>
        <testcase name="`Comparison Assertions` → `Sad Paths` → rejects different objects as same" file="tests/Unit/Assertions/AssertTest.php::`Comparison Assertions` → `Sad Paths` → rejects different objects as same" class="Tests\Unit\Assertions\AssertTest" classname="Tests.Unit.Assertions.AssertTest" assertions="2" time="0.004621"/>
        <testcase name="`Comparison Assertions` → `Sad Paths` → rejects non-equal values" file="tests/Unit/Assertions/AssertTest.php::`Comparison Assertions` → `Sad Paths` → rejects non-equal values" class="Tests\Unit\Assertions\AssertTest" classname="Tests.Unit.Assertions.AssertTest" assertions="2" time="0.004632"/>
        <testcase name="`Comparison Assertions` → `Sad Paths` → rejects equal values when not equal expected" file="tests/Unit/Assertions/AssertTest.php::`Comparison Assertions` → `Sad Paths` → rejects equal values when not equal expected" class="Tests\Unit\Assertions\AssertTest" classname="Tests.Unit.Assertions.AssertTest" assertions="2" time="0.004592"/>
        <testcase name="`Comparison Assertions` → `Sad Paths` → rejects identical values when not same expected" file="tests/Unit/Assertions/AssertTest.php::`Comparison Assertions` → `Sad Paths` → rejects identical values when not same expected" class="Tests\Unit\Assertions\AssertTest" classname="Tests.Unit.Assertions.AssertTest" assertions="2" time="0.004669"/>
        <testsuite name="`Comparison Assertions` → `Sad Paths` → rejects values below min" tests="2" assertions="6" errors="0" failures="0" skipped="0" time="0.010520">
          <testcase name="`Comparison Assertions` → `Sad Paths` → rejects values below minimum with data set &quot;(0, 1)&quot;" file="tests/Unit/Assertions/AssertTest.php::`Comparison Assertions` → `Sad Paths` → rejects values below minimum with data set &quot;(0, 1)&quot;" class="Tests\Unit\Assertions\AssertTest" classname="Tests.Unit.Assertions.AssertTest" assertions="3" time="0.004698"/>
          <testcase name="`Comparison Assertions` → `Sad Paths` → rejects values below minimum with data set &quot;(0.5, 2.5)&quot;" file="tests/Unit/Assertions/AssertTest.php::`Comparison Assertions` → `Sad Paths` → rejects values below minimum with data set &quot;(0.5, 2.5)&quot;" class="Tests\Unit\Assertions\AssertTest" classname="Tests.Unit.Assertions.AssertTest" assertions="3" time="0.005822"/>
        </testsuite>
        <testsuite name="`Comparison Assertions` → `Sad Paths` → rejects values above max" tests="2" assertions="6" errors="0" failures="0" skipped="0" time="0.009321">
          <testcase name="`Comparison Assertions` → `Sad Paths` → rejects values above maximum with data set &quot;(2, 1)&quot;" file="tests/Unit/Assertions/AssertTest.php::`Comparison Assertions` → `Sad Paths` → rejects values above maximum with data set &quot;(2, 1)&quot;" class="Tests\Unit\Assertions\AssertTest" classname="Tests.Unit.Assertions.AssertTest" assertions="3" time="0.004720"/>
          <testcase name="`Comparison Assertions` → `Sad Paths` → rejects values above maximum with data set &quot;(2.5, 0.5)&quot;" file="tests/Unit/Assertions/AssertTest.php::`Comparison Assertions` → `Sad Paths` → rejects values above maximum with data set &quot;(2.5, 0.5)&quot;" class="Tests\Unit\Assertions\AssertTest" classname="Tests.Unit.Assertions.AssertTest" assertions="3" time="0.004601"/>
        </testsuite>
        <testcase name="`Comparison Assertions` → `Sad Paths` → rejects values outside range" file="tests/Unit/Assertions/AssertTest.php::`Comparison Assertions` → `Sad Paths` → rejects values outside range" class="Tests\Unit\Assertions\AssertTest" classname="Tests.Unit.Assertions.AssertTest" assertions="2" time="0.004681"/>
        <testsuite name="`Comparison Assertions` → `Sad Paths` → rejects values not less than l" tests="6" assertions="12" errors="0" failures="0" skipped="0" time="0.028241">
          <testcase name="`Comparison Assertions` → `Sad Paths` → rejects values not less than limit with data set &quot;(2, 1)&quot;" file="tests/Unit/Assertions/AssertTest.php::`Comparison Assertions` → `Sad Paths` → rejects values not less than limit with data set &quot;(2, 1)&quot;" class="Tests\Unit\Assertions\AssertTest" classname="Tests.Unit.Assertions.AssertTest" assertions="2" time="0.004622"/>
          <testcase name="`Comparison Assertions` → `Sad Paths` → rejects values not less than limit with data set &quot;(2, 2)&quot;" file="tests/Unit/Assertions/AssertTest.php::`Comparison Assertions` → `Sad Paths` → rejects values not less than limit with data set &quot;(2, 2)&quot;" class="Tests\Unit\Assertions\AssertTest" classname="Tests.Unit.Assertions.AssertTest" assertions="2" time="0.004643"/>
          <testcase name="`Comparison Assertions` → `Sad Paths` → rejects values not less than limit with data set &quot;('aaa', 'aaa')&quot;" file="tests/Unit/Assertions/AssertTest.php::`Comparison Assertions` → `Sad Paths` → rejects values not less than limit with data set &quot;('aaa', 'aaa')&quot;" class="Tests\Unit\Assertions\AssertTest" classname="Tests.Unit.Assertions.AssertTest" assertions="2" time="0.004632"/>
          <testcase name="`Comparison Assertions` → `Sad Paths` → rejects values not less than limit with data set &quot;('aaaa', 'aaa')&quot;" file="tests/Unit/Assertions/AssertTest.php::`Comparison Assertions` → `Sad Paths` → rejects values not less than limit with data set &quot;('aaaa', 'aaa')&quot;" class="Tests\Unit\Assertions\AssertTest" classname="Tests.Unit.Assertions.AssertTest" assertions="2" time="0.004927"/>
          <testcase name="`Comparison Assertions` → `Sad Paths` → rejects values not less than limit with data set &quot;(Illuminate\Support\Carbon, Illuminate\Support\Carbon) #1&quot;" file="tests/Unit/Assertions/AssertTest.php::`Comparison Assertions` → `Sad Paths` → rejects values not less than limit with data set &quot;(Illuminate\Support\Carbon, Illuminate\Support\Carbon) #1&quot;" class="Tests\Unit\Assertions\AssertTest" classname="Tests.Unit.Assertions.AssertTest" assertions="2" time="0.004727"/>
          <testcase name="`Comparison Assertions` → `Sad Paths` → rejects values not less than limit with data set &quot;(Illuminate\Support\Carbon, Illuminate\Support\Carbon) #2&quot;" file="tests/Unit/Assertions/AssertTest.php::`Comparison Assertions` → `Sad Paths` → rejects values not less than limit with data set &quot;(Illuminate\Support\Carbon, Illuminate\Support\Carbon) #2&quot;" class="Tests\Unit\Assertions\AssertTest" classname="Tests.Unit.Assertions.AssertTest" assertions="2" time="0.004689"/>
        </testsuite>
        <testsuite name="`Comparison Assertions` → `Sad Paths` → rejects values not less or equal than l" tests="3" assertions="6" errors="0" failures="0" skipped="0" time="0.014643">
          <testcase name="`Comparison Assertions` → `Sad Paths` → rejects values not less or equal than limit with data set &quot;(2, 1)&quot;" file="tests/Unit/Assertions/AssertTest.php::`Comparison Assertions` → `Sad Paths` → rejects values not less or equal than limit with data set &quot;(2, 1)&quot;" class="Tests\Unit\Assertions\AssertTest" classname="Tests.Unit.Assertions.AssertTest" assertions="2" time="0.004749"/>
          <testcase name="`Comparison Assertions` → `Sad Paths` → rejects values not less or equal than limit with data set &quot;('aaaa', 'aaa')&quot;" file="tests/Unit/Assertions/AssertTest.php::`Comparison Assertions` → `Sad Paths` → rejects values not less or equal than limit with data set &quot;('aaaa', 'aaa')&quot;" class="Tests\Unit\Assertions\AssertTest" classname="Tests.Unit.Assertions.AssertTest" assertions="2" time="0.004918"/>
          <testcase name="`Comparison Assertions` → `Sad Paths` → rejects values not less or equal than limit with data set &quot;(Illuminate\Support\Carbon, Illuminate\Support\Carbon)&quot;" file="tests/Unit/Assertions/AssertTest.php::`Comparison Assertions` → `Sad Paths` → rejects values not less or equal than limit with data set &quot;(Illuminate\Support\Carbon, Illuminate\Support\Carbon)&quot;" class="Tests\Unit\Assertions\AssertTest" classname="Tests.Unit.Assertions.AssertTest" assertions="2" time="0.004977"/>
        </testsuite>
        <testsuite name="`Comparison Assertions` → `Sad Paths` → rejects values not greater than l" tests="6" assertions="12" errors="0" failures="0" skipped="0" time="0.029177">
          <testcase name="`Comparison Assertions` → `Sad Paths` → rejects values not greater than limit with data set &quot;(1, 2)&quot;" file="tests/Unit/Assertions/AssertTest.php::`Comparison Assertions` → `Sad Paths` → rejects values not greater than limit with data set &quot;(1, 2)&quot;" class="Tests\Unit\Assertions\AssertTest" classname="Tests.Unit.Assertions.AssertTest" assertions="2" time="0.004780"/>
          <testcase name="`Comparison Assertions` → `Sad Paths` → rejects values not greater than limit with data set &quot;(2, 2)&quot;" file="tests/Unit/Assertions/AssertTest.php::`Comparison Assertions` → `Sad Paths` → rejects values not greater than limit with data set &quot;(2, 2)&quot;" class="Tests\Unit\Assertions\AssertTest" classname="Tests.Unit.Assertions.AssertTest" assertions="2" time="0.004862"/>
          <testcase name="`Comparison Assertions` → `Sad Paths` → rejects values not greater than limit with data set &quot;('aaa', 'aaa')&quot;" file="tests/Unit/Assertions/AssertTest.php::`Comparison Assertions` → `Sad Paths` → rejects values not greater than limit with data set &quot;('aaa', 'aaa')&quot;" class="Tests\Unit\Assertions\AssertTest" classname="Tests.Unit.Assertions.AssertTest" assertions="2" time="0.004869"/>
          <testcase name="`Comparison Assertions` → `Sad Paths` → rejects values not greater than limit with data set &quot;('aaa', 'aaaa')&quot;" file="tests/Unit/Assertions/AssertTest.php::`Comparison Assertions` → `Sad Paths` → rejects values not greater than limit with data set &quot;('aaa', 'aaaa')&quot;" class="Tests\Unit\Assertions\AssertTest" classname="Tests.Unit.Assertions.AssertTest" assertions="2" time="0.004856"/>
          <testcase name="`Comparison Assertions` → `Sad Paths` → rejects values not greater than limit with data set &quot;(Illuminate\Support\Carbon, Illuminate\Support\Carbon) #1&quot;" file="tests/Unit/Assertions/AssertTest.php::`Comparison Assertions` → `Sad Paths` → rejects values not greater than limit with data set &quot;(Illuminate\Support\Carbon, Illuminate\Support\Carbon) #1&quot;" class="Tests\Unit\Assertions\AssertTest" classname="Tests.Unit.Assertions.AssertTest" assertions="2" time="0.004882"/>
          <testcase name="`Comparison Assertions` → `Sad Paths` → rejects values not greater than limit with data set &quot;(Illuminate\Support\Carbon, Illuminate\Support\Carbon) #2&quot;" file="tests/Unit/Assertions/AssertTest.php::`Comparison Assertions` → `Sad Paths` → rejects values not greater than limit with data set &quot;(Illuminate\Support\Carbon, Illuminate\Support\Carbon) #2&quot;" class="Tests\Unit\Assertions\AssertTest" classname="Tests.Unit.Assertions.AssertTest" assertions="2" time="0.004926"/>
        </testsuite>
        <testsuite name="`Comparison Assertions` → `Sad Paths` → rejects values not greater or equal than l" tests="3" assertions="6" errors="0" failures="0" skipped="0" time="0.014631">
          <testcase name="`Comparison Assertions` → `Sad Paths` → rejects values not greater or equal than limit with data set &quot;(1, 2)&quot;" file="tests/Unit/Assertions/AssertTest.php::`Comparison Assertions` → `Sad Paths` → rejects values not greater or equal than limit with data set &quot;(1, 2)&quot;" class="Tests\Unit\Assertions\AssertTest" classname="Tests.Unit.Assertions.AssertTest" assertions="2" time="0.004931"/>
          <testcase name="`Comparison Assertions` → `Sad Paths` → rejects values not greater or equal than limit with data set &quot;('aaa', 'aaaa')&quot;" file="tests/Unit/Assertions/AssertTest.php::`Comparison Assertions` → `Sad Paths` → rejects values not greater or equal than limit with data set &quot;('aaa', 'aaaa')&quot;" class="Tests\Unit\Assertions\AssertTest" classname="Tests.Unit.Assertions.AssertTest" assertions="2" time="0.004804"/>
          <testcase name="`Comparison Assertions` → `Sad Paths` → rejects values not greater or equal than limit with data set &quot;(Illuminate\Support\Carbon, Illuminate\Support\Carbon)&quot;" file="tests/Unit/Assertions/AssertTest.php::`Comparison Assertions` → `Sad Paths` → rejects values not greater or equal than limit with data set &quot;(Illuminate\Support\Carbon, Illuminate\Support\Carbon)&quot;" class="Tests\Unit\Assertions\AssertTest" classname="Tests.Unit.Assertions.AssertTest" assertions="2" time="0.004896"/>
        </testsuite>
        <testsuite name="`Comparison Assertions` → `Sad Paths` → rejects values outside inclusive bo" tests="6" assertions="12" errors="0" failures="0" skipped="0" time="0.029734">
          <testcase name="`Comparison Assertions` → `Sad Paths` → rejects values outside inclusive bounds with data set &quot;(1, 2, 3)&quot;" file="tests/Unit/Assertions/AssertTest.php::`Comparison Assertions` → `Sad Paths` → rejects values outside inclusive bounds with data set &quot;(1, 2, 3)&quot;" class="Tests\Unit\Assertions\AssertTest" classname="Tests.Unit.Assertions.AssertTest" assertions="2" time="0.005033"/>
          <testcase name="`Comparison Assertions` → `Sad Paths` → rejects values outside inclusive bounds with data set &quot;(3, 1, 2)&quot;" file="tests/Unit/Assertions/AssertTest.php::`Comparison Assertions` → `Sad Paths` → rejects values outside inclusive bounds with data set &quot;(3, 1, 2)&quot;" class="Tests\Unit\Assertions\AssertTest" classname="Tests.Unit.Assertions.AssertTest" assertions="2" time="0.004913"/>
          <testcase name="`Comparison Assertions` → `Sad Paths` → rejects values outside inclusive bounds with data set &quot;('aaa', 'bbb', 'ccc')&quot;" file="tests/Unit/Assertions/AssertTest.php::`Comparison Assertions` → `Sad Paths` → rejects values outside inclusive bounds with data set &quot;('aaa', 'bbb', 'ccc')&quot;" class="Tests\Unit\Assertions\AssertTest" classname="Tests.Unit.Assertions.AssertTest" assertions="2" time="0.004891"/>
          <testcase name="`Comparison Assertions` → `Sad Paths` → rejects values outside inclusive bounds with data set &quot;('ddd', 'bbb', 'ccc')&quot;" file="tests/Unit/Assertions/AssertTest.php::`Comparison Assertions` → `Sad Paths` → rejects values outside inclusive bounds with data set &quot;('ddd', 'bbb', 'ccc')&quot;" class="Tests\Unit\Assertions\AssertTest" classname="Tests.Unit.Assertions.AssertTest" assertions="2" time="0.005065"/>
          <testcase name="`Comparison Assertions` → `Sad Paths` → rejects values outside inclusive bounds with data set &quot;(Illuminate\Support\Carbon, Illuminate\Support\Carbon, Illuminate\Support\Carbon) #1&quot;" file="tests/Unit/Assertions/AssertTest.php::`Comparison Assertions` → `Sad Paths` → rejects values outside inclusive bounds with data set &quot;(Illuminate\Support\Carbon, Illuminate\Support\Carbon, Illuminate\Support\Carbon) #1&quot;" class="Tests\Unit\Assertions\AssertTest" classname="Tests.Unit.Assertions.AssertTest" assertions="2" time="0.004896"/>
          <testcase name="`Comparison Assertions` → `Sad Paths` → rejects values outside inclusive bounds with data set &quot;(Illuminate\Support\Carbon, Illuminate\Support\Carbon, Illuminate\Support\Carbon) #2&quot;" file="tests/Unit/Assertions/AssertTest.php::`Comparison Assertions` → `Sad Paths` → rejects values outside inclusive bounds with data set &quot;(Illuminate\Support\Carbon, Illuminate\Support\Carbon, Illuminate\Support\Carbon) #2&quot;" class="Tests\Unit\Assertions\AssertTest" classname="Tests.Unit.Assertions.AssertTest" assertions="2" time="0.004937"/>
        </testsuite>
        <testsuite name="`Comparison Assertions` → `Sad Paths` → rejects values outside exclusive bo" tests="6" assertions="12" errors="0" failures="0" skipped="0" time="0.029934">
          <testcase name="`Comparison Assertions` → `Sad Paths` → rejects values outside exclusive bounds with data set &quot;(1, 1, 2)&quot;" file="tests/Unit/Assertions/AssertTest.php::`Comparison Assertions` → `Sad Paths` → rejects values outside exclusive bounds with data set &quot;(1, 1, 2)&quot;" class="Tests\Unit\Assertions\AssertTest" classname="Tests.Unit.Assertions.AssertTest" assertions="2" time="0.004954"/>
          <testcase name="`Comparison Assertions` → `Sad Paths` → rejects values outside exclusive bounds with data set &quot;(2, 1, 2)&quot;" file="tests/Unit/Assertions/AssertTest.php::`Comparison Assertions` → `Sad Paths` → rejects values outside exclusive bounds with data set &quot;(2, 1, 2)&quot;" class="Tests\Unit\Assertions\AssertTest" classname="Tests.Unit.Assertions.AssertTest" assertions="2" time="0.005050"/>
          <testcase name="`Comparison Assertions` → `Sad Paths` → rejects values outside exclusive bounds with data set &quot;('aaa', 'aaa', 'bbb')&quot;" file="tests/Unit/Assertions/AssertTest.php::`Comparison Assertions` → `Sad Paths` → rejects values outside exclusive bounds with data set &quot;('aaa', 'aaa', 'bbb')&quot;" class="Tests\Unit\Assertions\AssertTest" classname="Tests.Unit.Assertions.AssertTest" assertions="2" time="0.004947"/>
          <testcase name="`Comparison Assertions` → `Sad Paths` → rejects values outside exclusive bounds with data set &quot;('bbb', 'aaa', 'bbb')&quot;" file="tests/Unit/Assertions/AssertTest.php::`Comparison Assertions` → `Sad Paths` → rejects values outside exclusive bounds with data set &quot;('bbb', 'aaa', 'bbb')&quot;" class="Tests\Unit\Assertions\AssertTest" classname="Tests.Unit.Assertions.AssertTest" assertions="2" time="0.004949"/>
          <testcase name="`Comparison Assertions` → `Sad Paths` → rejects values outside exclusive bounds with data set &quot;(Illuminate\Support\Carbon, Illuminate\Support\Carbon, Illuminate\Support\Carbon) #1&quot;" file="tests/Unit/Assertions/AssertTest.php::`Comparison Assertions` → `Sad Paths` → rejects values outside exclusive bounds with data set &quot;(Illuminate\Support\Carbon, Illuminate\Support\Carbon, Illuminate\Support\Carbon) #1&quot;" class="Tests\Unit\Assertions\AssertTest" classname="Tests.Unit.Assertions.AssertTest" assertions="2" time="0.004972"/>
          <testcase name="`Comparison Assertions` → `Sad Paths` → rejects values outside exclusive bounds with data set &quot;(Illuminate\Support\Carbon, Illuminate\Support\Carbon, Illuminate\Support\Carbon) #2&quot;" file="tests/Unit/Assertions/AssertTest.php::`Comparison Assertions` → `Sad Paths` → rejects values outside exclusive bounds with data set &quot;(Illuminate\Support\Carbon, Illuminate\Support\Carbon, Illuminate\Support\Carbon) #2&quot;" class="Tests\Unit\Assertions\AssertTest" classname="Tests.Unit.Assertions.AssertTest" assertions="2" time="0.005061"/>
        </testsuite>
        <testcase name="`Comparison Assertions` → `Sad Paths` → rejects non-true values" file="tests/Unit/Assertions/AssertTest.php::`Comparison Assertions` → `Sad Paths` → rejects non-true values" class="Tests\Unit\Assertions\AssertTest" classname="Tests.Unit.Assertions.AssertTest" assertions="2" time="0.005058"/>
        <testcase name="`Comparison Assertions` → `Sad Paths` → rejects non-false values" file="tests/Unit/Assertions/AssertTest.php::`Comparison Assertions` → `Sad Paths` → rejects non-false values" class="Tests\Unit\Assertions\AssertTest" classname="Tests.Unit.Assertions.AssertTest" assertions="2" time="0.005043"/>
        <testcase name="`Comparison Assertions` → `Sad Paths` → rejects false value when not false expected" file="tests/Unit/Assertions/AssertTest.php::`Comparison Assertions` → `Sad Paths` → rejects false value when not false expected" class="Tests\Unit\Assertions\AssertTest" classname="Tests.Unit.Assertions.AssertTest" assertions="2" time="0.005175"/>
        <testcase name="`Validation Assertions` → `Happy Paths` → validates email addresses" file="tests/Unit/Assertions/AssertTest.php::`Validation Assertions` → `Happy Paths` → validates email addresses" class="Tests\Unit\Assertions\AssertTest" classname="Tests.Unit.Assertions.AssertTest" assertions="1" time="0.005259"/>
        <testsuite name="`Validation Assertions` → `Happy Paths` → validates url for" tests="68" assertions="68" errors="0" failures="0" skipped="0" time="0.374575">
          <testcase name="`Validation Assertions` → `Happy Paths` → validates url formats with data set &quot;('http://a.pl')&quot;" file="tests/Unit/Assertions/AssertTest.php::`Validation Assertions` → `Happy Paths` → validates url formats with data set &quot;('http://a.pl')&quot;" class="Tests\Unit\Assertions\AssertTest" classname="Tests.Unit.Assertions.AssertTest" assertions="1" time="0.005267"/>
          <testcase name="`Validation Assertions` → `Happy Paths` → validates url formats with data set &quot;('http://www.google.com')&quot;" file="tests/Unit/Assertions/AssertTest.php::`Validation Assertions` → `Happy Paths` → validates url formats with data set &quot;('http://www.google.com')&quot;" class="Tests\Unit\Assertions\AssertTest" classname="Tests.Unit.Assertions.AssertTest" assertions="1" time="0.005160"/>
          <testcase name="`Validation Assertions` → `Happy Paths` → validates url formats with data set &quot;('http://www.google.com.')&quot;" file="tests/Unit/Assertions/AssertTest.php::`Validation Assertions` → `Happy Paths` → validates url formats with data set &quot;('http://www.google.com.')&quot;" class="Tests\Unit\Assertions\AssertTest" classname="Tests.Unit.Assertions.AssertTest" assertions="1" time="0.005249"/>
          <testcase name="`Validation Assertions` → `Happy Paths` → validates url formats with data set &quot;('http://www.google.museum')&quot;" file="tests/Unit/Assertions/AssertTest.php::`Validation Assertions` → `Happy Paths` → validates url formats with data set &quot;('http://www.google.museum')&quot;" class="Tests\Unit\Assertions\AssertTest" classname="Tests.Unit.Assertions.AssertTest" assertions="1" time="0.005114"/>
          <testcase name="`Validation Assertions` → `Happy Paths` → validates url formats with data set &quot;('https://google.com/')&quot;" file="tests/Unit/Assertions/AssertTest.php::`Validation Assertions` → `Happy Paths` → validates url formats with data set &quot;('https://google.com/')&quot;" class="Tests\Unit\Assertions\AssertTest" classname="Tests.Unit.Assertions.AssertTest" assertions="1" time="0.005087"/>
          <testcase name="`Validation Assertions` → `Happy Paths` → validates url formats with data set &quot;('https://google.com:80/')&quot;" file="tests/Unit/Assertions/AssertTest.php::`Validation Assertions` → `Happy Paths` → validates url formats with data set &quot;('https://google.com:80/')&quot;" class="Tests\Unit\Assertions\AssertTest" classname="Tests.Unit.Assertions.AssertTest" assertions="1" time="0.005219"/>
          <testcase name="`Validation Assertions` → `Happy Paths` → validates url formats with data set &quot;('http://www.example.coop/')&quot;" file="tests/Unit/Assertions/AssertTest.php::`Validation Assertions` → `Happy Paths` → validates url formats with data set &quot;('http://www.example.coop/')&quot;" class="Tests\Unit\Assertions\AssertTest" classname="Tests.Unit.Assertions.AssertTest" assertions="1" time="0.005168"/>
          <testcase name="`Validation Assertions` → `Happy Paths` → validates url formats with data set &quot;('http://www.test-example.com/')&quot;" file="tests/Unit/Assertions/AssertTest.php::`Validation Assertions` → `Happy Paths` → validates url formats with data set &quot;('http://www.test-example.com/')&quot;" class="Tests\Unit\Assertions\AssertTest" classname="Tests.Unit.Assertions.AssertTest" assertions="1" time="0.005178"/>
          <testcase name="`Validation Assertions` → `Happy Paths` → validates url formats with data set &quot;('http://www.symfony.com/')&quot;" file="tests/Unit/Assertions/AssertTest.php::`Validation Assertions` → `Happy Paths` → validates url formats with data set &quot;('http://www.symfony.com/')&quot;" class="Tests\Unit\Assertions\AssertTest" classname="Tests.Unit.Assertions.AssertTest" assertions="1" time="0.005142"/>
          <testcase name="`Validation Assertions` → `Happy Paths` → validates url formats with data set &quot;('http://symfony.fake/blog/')&quot;" file="tests/Unit/Assertions/AssertTest.php::`Validation Assertions` → `Happy Paths` → validates url formats with data set &quot;('http://symfony.fake/blog/')&quot;" class="Tests\Unit\Assertions\AssertTest" classname="Tests.Unit.Assertions.AssertTest" assertions="1" time="0.005389"/>
          <testcase name="`Validation Assertions` → `Happy Paths` → validates url formats with data set &quot;('http://symfony.com/?')&quot;" file="tests/Unit/Assertions/AssertTest.php::`Validation Assertions` → `Happy Paths` → validates url formats with data set &quot;('http://symfony.com/?')&quot;" class="Tests\Unit\Assertions\AssertTest" classname="Tests.Unit.Assertions.AssertTest" assertions="1" time="0.005188"/>
          <testcase name="`Validation Assertions` → `Happy Paths` → validates url formats with data set &quot;('http://symfony.com/search?typ…idator')&quot;" file="tests/Unit/Assertions/AssertTest.php::`Validation Assertions` → `Happy Paths` → validates url formats with data set &quot;('http://symfony.com/search?typ…idator')&quot;" class="Tests\Unit\Assertions\AssertTest" classname="Tests.Unit.Assertions.AssertTest" assertions="1" time="0.005185"/>
          <testcase name="`Validation Assertions` → `Happy Paths` → validates url formats with data set &quot;('http://symfony.com/#')&quot;" file="tests/Unit/Assertions/AssertTest.php::`Validation Assertions` → `Happy Paths` → validates url formats with data set &quot;('http://symfony.com/#')&quot;" class="Tests\Unit\Assertions\AssertTest" classname="Tests.Unit.Assertions.AssertTest" assertions="1" time="0.005290"/>
          <testcase name="`Validation Assertions` → `Happy Paths` → validates url formats with data set &quot;('http://symfony.com/#?')&quot;" file="tests/Unit/Assertions/AssertTest.php::`Validation Assertions` → `Happy Paths` → validates url formats with data set &quot;('http://symfony.com/#?')&quot;" class="Tests\Unit\Assertions\AssertTest" classname="Tests.Unit.Assertions.AssertTest" assertions="1" time="0.005268"/>
          <testcase name="`Validation Assertions` → `Happy Paths` → validates url formats with data set &quot;('http://www.symfony.com/doc/cu…raints')&quot;" file="tests/Unit/Assertions/AssertTest.php::`Validation Assertions` → `Happy Paths` → validates url formats with data set &quot;('http://www.symfony.com/doc/cu…raints')&quot;" class="Tests\Unit\Assertions\AssertTest" classname="Tests.Unit.Assertions.AssertTest" assertions="1" time="0.004984"/>
          <testcase name="`Validation Assertions` → `Happy Paths` → validates url formats with data set &quot;('http://very.long.domain.name.com/')&quot;" file="tests/Unit/Assertions/AssertTest.php::`Validation Assertions` → `Happy Paths` → validates url formats with data set &quot;('http://very.long.domain.name.com/')&quot;" class="Tests\Unit\Assertions\AssertTest" classname="Tests.Unit.Assertions.AssertTest" assertions="1" time="0.005166"/>
          <testcase name="`Validation Assertions` → `Happy Paths` → validates url formats with data set &quot;('http://localhost/')&quot;" file="tests/Unit/Assertions/AssertTest.php::`Validation Assertions` → `Happy Paths` → validates url formats with data set &quot;('http://localhost/')&quot;" class="Tests\Unit\Assertions\AssertTest" classname="Tests.Unit.Assertions.AssertTest" assertions="1" time="0.005316"/>
          <testcase name="`Validation Assertions` → `Happy Paths` → validates url formats with data set &quot;('http://myhost123/')&quot;" file="tests/Unit/Assertions/AssertTest.php::`Validation Assertions` → `Happy Paths` → validates url formats with data set &quot;('http://myhost123/')&quot;" class="Tests\Unit\Assertions\AssertTest" classname="Tests.Unit.Assertions.AssertTest" assertions="1" time="0.005277"/>
          <testcase name="`Validation Assertions` → `Happy Paths` → validates url formats with data set &quot;('http://127.0.0.1/')&quot;" file="tests/Unit/Assertions/AssertTest.php::`Validation Assertions` → `Happy Paths` → validates url formats with data set &quot;('http://127.0.0.1/')&quot;" class="Tests\Unit\Assertions\AssertTest" classname="Tests.Unit.Assertions.AssertTest" assertions="1" time="0.005241"/>
          <testcase name="`Validation Assertions` → `Happy Paths` → validates url formats with data set &quot;('http://127.0.0.1:80/')&quot;" file="tests/Unit/Assertions/AssertTest.php::`Validation Assertions` → `Happy Paths` → validates url formats with data set &quot;('http://127.0.0.1:80/')&quot;" class="Tests\Unit\Assertions\AssertTest" classname="Tests.Unit.Assertions.AssertTest" assertions="1" time="0.005404"/>
          <testcase name="`Validation Assertions` → `Happy Paths` → validates url formats with data set &quot;('http://[::1]/')&quot;" file="tests/Unit/Assertions/AssertTest.php::`Validation Assertions` → `Happy Paths` → validates url formats with data set &quot;('http://[::1]/')&quot;" class="Tests\Unit\Assertions\AssertTest" classname="Tests.Unit.Assertions.AssertTest" assertions="1" time="0.005356"/>
          <testcase name="`Validation Assertions` → `Happy Paths` → validates url formats with data set &quot;('http://[::1]:80/')&quot;" file="tests/Unit/Assertions/AssertTest.php::`Validation Assertions` → `Happy Paths` → validates url formats with data set &quot;('http://[::1]:80/')&quot;" class="Tests\Unit\Assertions\AssertTest" classname="Tests.Unit.Assertions.AssertTest" assertions="1" time="0.005373"/>
          <testcase name="`Validation Assertions` → `Happy Paths` → validates url formats with data set &quot;('http://[1:2:3::4:5:6:7]/')&quot;" file="tests/Unit/Assertions/AssertTest.php::`Validation Assertions` → `Happy Paths` → validates url formats with data set &quot;('http://[1:2:3::4:5:6:7]/')&quot;" class="Tests\Unit\Assertions\AssertTest" classname="Tests.Unit.Assertions.AssertTest" assertions="1" time="0.005302"/>
          <testcase name="`Validation Assertions` → `Happy Paths` → validates url formats with data set &quot;('http://sãopaulo.com/')&quot;" file="tests/Unit/Assertions/AssertTest.php::`Validation Assertions` → `Happy Paths` → validates url formats with data set &quot;('http://sãopaulo.com/')&quot;" class="Tests\Unit\Assertions\AssertTest" classname="Tests.Unit.Assertions.AssertTest" assertions="1" time="0.005399"/>
          <testcase name="`Validation Assertions` → `Happy Paths` → validates url formats with data set &quot;('http://xn--sopaulo-xwa.com/')&quot;" file="tests/Unit/Assertions/AssertTest.php::`Validation Assertions` → `Happy Paths` → validates url formats with data set &quot;('http://xn--sopaulo-xwa.com/')&quot;" class="Tests\Unit\Assertions\AssertTest" classname="Tests.Unit.Assertions.AssertTest" assertions="1" time="0.005441"/>
          <testcase name="`Validation Assertions` → `Happy Paths` → validates url formats with data set &quot;('http://sãopaulo.com.br/')&quot;" file="tests/Unit/Assertions/AssertTest.php::`Validation Assertions` → `Happy Paths` → validates url formats with data set &quot;('http://sãopaulo.com.br/')&quot;" class="Tests\Unit\Assertions\AssertTest" classname="Tests.Unit.Assertions.AssertTest" assertions="1" time="0.005316"/>
          <testcase name="`Validation Assertions` → `Happy Paths` → validates url formats with data set &quot;('http://xn--sopaulo-xwa.com.br/')&quot;" file="tests/Unit/Assertions/AssertTest.php::`Validation Assertions` → `Happy Paths` → validates url formats with data set &quot;('http://xn--sopaulo-xwa.com.br/')&quot;" class="Tests\Unit\Assertions\AssertTest" classname="Tests.Unit.Assertions.AssertTest" assertions="1" time="0.005313"/>
          <testcase name="`Validation Assertions` → `Happy Paths` → validates url formats with data set &quot;('http://пример.испытание/')&quot;" file="tests/Unit/Assertions/AssertTest.php::`Validation Assertions` → `Happy Paths` → validates url formats with data set &quot;('http://пример.испытание/')&quot;" class="Tests\Unit\Assertions\AssertTest" classname="Tests.Unit.Assertions.AssertTest" assertions="1" time="0.005577"/>
          <testcase name="`Validation Assertions` → `Happy Paths` → validates url formats with data set &quot;('http://xn--e1afmkfd.xn--80akhbyknj4f/')&quot;" file="tests/Unit/Assertions/AssertTest.php::`Validation Assertions` → `Happy Paths` → validates url formats with data set &quot;('http://xn--e1afmkfd.xn--80akhbyknj4f/')&quot;" class="Tests\Unit\Assertions\AssertTest" classname="Tests.Unit.Assertions.AssertTest" assertions="1" time="0.005486"/>
          <testcase name="`Validation Assertions` → `Happy Paths` → validates url formats with data set &quot;('http://مثال.إختبار/')&quot;" file="tests/Unit/Assertions/AssertTest.php::`Validation Assertions` → `Happy Paths` → validates url formats with data set &quot;('http://مثال.إختبار/')&quot;" class="Tests\Unit\Assertions\AssertTest" classname="Tests.Unit.Assertions.AssertTest" assertions="1" time="0.005410"/>
          <testcase name="`Validation Assertions` → `Happy Paths` → validates url formats with data set &quot;('http://xn--mgbh0fb.xn--kgbechtv/')&quot;" file="tests/Unit/Assertions/AssertTest.php::`Validation Assertions` → `Happy Paths` → validates url formats with data set &quot;('http://xn--mgbh0fb.xn--kgbechtv/')&quot;" class="Tests\Unit\Assertions\AssertTest" classname="Tests.Unit.Assertions.AssertTest" assertions="1" time="0.005489"/>
          <testcase name="`Validation Assertions` → `Happy Paths` → validates url formats with data set &quot;('http://例子.测试/')&quot;" file="tests/Unit/Assertions/AssertTest.php::`Validation Assertions` → `Happy Paths` → validates url formats with data set &quot;('http://例子.测试/')&quot;" class="Tests\Unit\Assertions\AssertTest" classname="Tests.Unit.Assertions.AssertTest" assertions="1" time="0.005534"/>
          <testcase name="`Validation Assertions` → `Happy Paths` → validates url formats with data set &quot;('http://xn--fsqu00a.xn--0zwm56d/')&quot;" file="tests/Unit/Assertions/AssertTest.php::`Validation Assertions` → `Happy Paths` → validates url formats with data set &quot;('http://xn--fsqu00a.xn--0zwm56d/')&quot;" class="Tests\Unit\Assertions\AssertTest" classname="Tests.Unit.Assertions.AssertTest" assertions="1" time="0.005395"/>
          <testcase name="`Validation Assertions` → `Happy Paths` → validates url formats with data set &quot;('http://例子.測試/')&quot;" file="tests/Unit/Assertions/AssertTest.php::`Validation Assertions` → `Happy Paths` → validates url formats with data set &quot;('http://例子.測試/')&quot;" class="Tests\Unit\Assertions\AssertTest" classname="Tests.Unit.Assertions.AssertTest" assertions="1" time="0.005489"/>
          <testcase name="`Validation Assertions` → `Happy Paths` → validates url formats with data set &quot;('http://xn--fsqu00a.xn--g6w251d/')&quot;" file="tests/Unit/Assertions/AssertTest.php::`Validation Assertions` → `Happy Paths` → validates url formats with data set &quot;('http://xn--fsqu00a.xn--g6w251d/')&quot;" class="Tests\Unit\Assertions\AssertTest" classname="Tests.Unit.Assertions.AssertTest" assertions="1" time="0.005500"/>
          <testcase name="`Validation Assertions` → `Happy Paths` → validates url formats with data set &quot;('http://例え.テスト/')&quot;" file="tests/Unit/Assertions/AssertTest.php::`Validation Assertions` → `Happy Paths` → validates url formats with data set &quot;('http://例え.テスト/')&quot;" class="Tests\Unit\Assertions\AssertTest" classname="Tests.Unit.Assertions.AssertTest" assertions="1" time="0.005501"/>
          <testcase name="`Validation Assertions` → `Happy Paths` → validates url formats with data set &quot;('http://xn--r8jz45g.xn--zckzah/')&quot;" file="tests/Unit/Assertions/AssertTest.php::`Validation Assertions` → `Happy Paths` → validates url formats with data set &quot;('http://xn--r8jz45g.xn--zckzah/')&quot;" class="Tests\Unit\Assertions\AssertTest" classname="Tests.Unit.Assertions.AssertTest" assertions="1" time="0.005457"/>
          <testcase name="`Validation Assertions` → `Happy Paths` → validates url formats with data set &quot;('http://مثال.آزمایشی/')&quot;" file="tests/Unit/Assertions/AssertTest.php::`Validation Assertions` → `Happy Paths` → validates url formats with data set &quot;('http://مثال.آزمایشی/')&quot;" class="Tests\Unit\Assertions\AssertTest" classname="Tests.Unit.Assertions.AssertTest" assertions="1" time="0.005523"/>
          <testcase name="`Validation Assertions` → `Happy Paths` → validates url formats with data set &quot;('http://xn--mgbh0fb.xn--hgbk6aj7f53bba/')&quot;" file="tests/Unit/Assertions/AssertTest.php::`Validation Assertions` → `Happy Paths` → validates url formats with data set &quot;('http://xn--mgbh0fb.xn--hgbk6aj7f53bba/')&quot;" class="Tests\Unit\Assertions\AssertTest" classname="Tests.Unit.Assertions.AssertTest" assertions="1" time="0.005542"/>
          <testcase name="`Validation Assertions` → `Happy Paths` → validates url formats with data set &quot;('http://실례.테스트/')&quot;" file="tests/Unit/Assertions/AssertTest.php::`Validation Assertions` → `Happy Paths` → validates url formats with data set &quot;('http://실례.테스트/')&quot;" class="Tests\Unit\Assertions\AssertTest" classname="Tests.Unit.Assertions.AssertTest" assertions="1" time="0.005451"/>
          <testcase name="`Validation Assertions` → `Happy Paths` → validates url formats with data set &quot;('http://xn--9n2bp8q.xn--9t4b11yi5a/')&quot;" file="tests/Unit/Assertions/AssertTest.php::`Validation Assertions` → `Happy Paths` → validates url formats with data set &quot;('http://xn--9n2bp8q.xn--9t4b11yi5a/')&quot;" class="Tests\Unit\Assertions\AssertTest" classname="Tests.Unit.Assertions.AssertTest" assertions="1" time="0.005464"/>
          <testcase name="`Validation Assertions` → `Happy Paths` → validates url formats with data set &quot;('http://العربية.idn.icann.org/')&quot;" file="tests/Unit/Assertions/AssertTest.php::`Validation Assertions` → `Happy Paths` → validates url formats with data set &quot;('http://العربية.idn.icann.org/')&quot;" class="Tests\Unit\Assertions\AssertTest" classname="Tests.Unit.Assertions.AssertTest" assertions="1" time="0.005566"/>
          <testcase name="`Validation Assertions` → `Happy Paths` → validates url formats with data set &quot;('http://xn--ogb.idn.icann.org/')&quot;" file="tests/Unit/Assertions/AssertTest.php::`Validation Assertions` → `Happy Paths` → validates url formats with data set &quot;('http://xn--ogb.idn.icann.org/')&quot;" class="Tests\Unit\Assertions\AssertTest" classname="Tests.Unit.Assertions.AssertTest" assertions="1" time="0.005531"/>
          <testcase name="`Validation Assertions` → `Happy Paths` → validates url formats with data set &quot;('http://xn--e1afmkfd.xn--80akh…fmkfd/')&quot;" file="tests/Unit/Assertions/AssertTest.php::`Validation Assertions` → `Happy Paths` → validates url formats with data set &quot;('http://xn--e1afmkfd.xn--80akh…fmkfd/')&quot;" class="Tests\Unit\Assertions\AssertTest" classname="Tests.Unit.Assertions.AssertTest" assertions="1" time="0.005561"/>
          <testcase name="`Validation Assertions` → `Happy Paths` → validates url formats with data set &quot;('http://xn--espaa-rta.xn--ca-ol-fsay5a/')&quot;" file="tests/Unit/Assertions/AssertTest.php::`Validation Assertions` → `Happy Paths` → validates url formats with data set &quot;('http://xn--espaa-rta.xn--ca-ol-fsay5a/')&quot;" class="Tests\Unit\Assertions\AssertTest" classname="Tests.Unit.Assertions.AssertTest" assertions="1" time="0.005622"/>
          <testcase name="`Validation Assertions` → `Happy Paths` → validates url formats with data set &quot;('http://xn--d1abbgf6aiiy.xn--p1ai/')&quot;" file="tests/Unit/Assertions/AssertTest.php::`Validation Assertions` → `Happy Paths` → validates url formats with data set &quot;('http://xn--d1abbgf6aiiy.xn--p1ai/')&quot;" class="Tests\Unit\Assertions\AssertTest" classname="Tests.Unit.Assertions.AssertTest" assertions="1" time="0.005698"/>
          <testcase name="`Validation Assertions` → `Happy Paths` → validates url formats with data set &quot;('http://☎.com/')&quot;" file="tests/Unit/Assertions/AssertTest.php::`Validation Assertions` → `Happy Paths` → validates url formats with data set &quot;('http://☎.com/')&quot;" class="Tests\Unit\Assertions\AssertTest" classname="Tests.Unit.Assertions.AssertTest" assertions="1" time="0.005647"/>
          <testcase name="`Validation Assertions` → `Happy Paths` → validates url formats with data set &quot;('http://username:password@symfony.com')&quot;" file="tests/Unit/Assertions/AssertTest.php::`Validation Assertions` → `Happy Paths` → validates url formats with data set &quot;('http://username:password@symfony.com')&quot;" class="Tests\Unit\Assertions\AssertTest" classname="Tests.Unit.Assertions.AssertTest" assertions="1" time="0.005579"/>
          <testcase name="`Validation Assertions` → `Happy Paths` → validates url formats with data set &quot;('http://user.name:password@symfony.com')&quot;" file="tests/Unit/Assertions/AssertTest.php::`Validation Assertions` → `Happy Paths` → validates url formats with data set &quot;('http://user.name:password@symfony.com')&quot;" class="Tests\Unit\Assertions\AssertTest" classname="Tests.Unit.Assertions.AssertTest" assertions="1" time="0.005794"/>
          <testcase name="`Validation Assertions` → `Happy Paths` → validates url formats with data set &quot;('http://username:pass.word@symfony.com')&quot;" file="tests/Unit/Assertions/AssertTest.php::`Validation Assertions` → `Happy Paths` → validates url formats with data set &quot;('http://username:pass.word@symfony.com')&quot;" class="Tests\Unit\Assertions\AssertTest" classname="Tests.Unit.Assertions.AssertTest" assertions="1" time="0.005804"/>
          <testcase name="`Validation Assertions` → `Happy Paths` → validates url formats with data set &quot;('http://user.name:pass.word@symfony.com')&quot;" file="tests/Unit/Assertions/AssertTest.php::`Validation Assertions` → `Happy Paths` → validates url formats with data set &quot;('http://user.name:pass.word@symfony.com')&quot;" class="Tests\Unit\Assertions\AssertTest" classname="Tests.Unit.Assertions.AssertTest" assertions="1" time="0.005595"/>
          <testcase name="`Validation Assertions` → `Happy Paths` → validates url formats with data set &quot;('http://user-name@symfony.com')&quot;" file="tests/Unit/Assertions/AssertTest.php::`Validation Assertions` → `Happy Paths` → validates url formats with data set &quot;('http://user-name@symfony.com')&quot;" class="Tests\Unit\Assertions\AssertTest" classname="Tests.Unit.Assertions.AssertTest" assertions="1" time="0.005741"/>
          <testcase name="`Validation Assertions` → `Happy Paths` → validates url formats with data set &quot;('http://symfony.com?')&quot;" file="tests/Unit/Assertions/AssertTest.php::`Validation Assertions` → `Happy Paths` → validates url formats with data set &quot;('http://symfony.com?')&quot;" class="Tests\Unit\Assertions\AssertTest" classname="Tests.Unit.Assertions.AssertTest" assertions="1" time="0.005766"/>
          <testcase name="`Validation Assertions` → `Happy Paths` → validates url formats with data set &quot;('http://symfony.com?query=1')&quot;" file="tests/Unit/Assertions/AssertTest.php::`Validation Assertions` → `Happy Paths` → validates url formats with data set &quot;('http://symfony.com?query=1')&quot;" class="Tests\Unit\Assertions\AssertTest" classname="Tests.Unit.Assertions.AssertTest" assertions="1" time="0.005672"/>
          <testcase name="`Validation Assertions` → `Happy Paths` → validates url formats with data set &quot;('http://symfony.com/?query=1')&quot;" file="tests/Unit/Assertions/AssertTest.php::`Validation Assertions` → `Happy Paths` → validates url formats with data set &quot;('http://symfony.com/?query=1')&quot;" class="Tests\Unit\Assertions\AssertTest" classname="Tests.Unit.Assertions.AssertTest" assertions="1" time="0.005766"/>
          <testcase name="`Validation Assertions` → `Happy Paths` → validates url formats with data set &quot;('http://symfony.com#')&quot;" file="tests/Unit/Assertions/AssertTest.php::`Validation Assertions` → `Happy Paths` → validates url formats with data set &quot;('http://symfony.com#')&quot;" class="Tests\Unit\Assertions\AssertTest" classname="Tests.Unit.Assertions.AssertTest" assertions="1" time="0.005814"/>
          <testcase name="`Validation Assertions` → `Happy Paths` → validates url formats with data set &quot;('http://symfony.com#fragment')&quot;" file="tests/Unit/Assertions/AssertTest.php::`Validation Assertions` → `Happy Paths` → validates url formats with data set &quot;('http://symfony.com#fragment')&quot;" class="Tests\Unit\Assertions\AssertTest" classname="Tests.Unit.Assertions.AssertTest" assertions="1" time="0.005771"/>
          <testcase name="`Validation Assertions` → `Happy Paths` → validates url formats with data set &quot;('http://symfony.com/#fragment')&quot;" file="tests/Unit/Assertions/AssertTest.php::`Validation Assertions` → `Happy Paths` → validates url formats with data set &quot;('http://symfony.com/#fragment')&quot;" class="Tests\Unit\Assertions\AssertTest" classname="Tests.Unit.Assertions.AssertTest" assertions="1" time="0.006009"/>
          <testcase name="`Validation Assertions` → `Happy Paths` → validates url formats with data set &quot;('http://symfony.com?query[]=1')&quot;" file="tests/Unit/Assertions/AssertTest.php::`Validation Assertions` → `Happy Paths` → validates url formats with data set &quot;('http://symfony.com?query[]=1')&quot;" class="Tests\Unit\Assertions\AssertTest" classname="Tests.Unit.Assertions.AssertTest" assertions="1" time="0.005783"/>
          <testcase name="`Validation Assertions` → `Happy Paths` → validates url formats with data set &quot;('http://symfony.com/?query[]=1')&quot;" file="tests/Unit/Assertions/AssertTest.php::`Validation Assertions` → `Happy Paths` → validates url formats with data set &quot;('http://symfony.com/?query[]=1')&quot;" class="Tests\Unit\Assertions\AssertTest" classname="Tests.Unit.Assertions.AssertTest" assertions="1" time="0.005720"/>
          <testcase name="`Validation Assertions` → `Happy Paths` → validates url formats with data set &quot;('http://symfony.com?query[1]=1')&quot;" file="tests/Unit/Assertions/AssertTest.php::`Validation Assertions` → `Happy Paths` → validates url formats with data set &quot;('http://symfony.com?query[1]=1')&quot;" class="Tests\Unit\Assertions\AssertTest" classname="Tests.Unit.Assertions.AssertTest" assertions="1" time="0.005875"/>
          <testcase name="`Validation Assertions` → `Happy Paths` → validates url formats with data set &quot;('http://symfony.com/?query[2]=1')&quot;" file="tests/Unit/Assertions/AssertTest.php::`Validation Assertions` → `Happy Paths` → validates url formats with data set &quot;('http://symfony.com/?query[2]=1')&quot;" class="Tests\Unit\Assertions\AssertTest" classname="Tests.Unit.Assertions.AssertTest" assertions="1" time="0.005763"/>
          <testcase name="`Validation Assertions` → `Happy Paths` → validates url formats with data set &quot;('http://symfony.com?query[1][]=1')&quot;" file="tests/Unit/Assertions/AssertTest.php::`Validation Assertions` → `Happy Paths` → validates url formats with data set &quot;('http://symfony.com?query[1][]=1')&quot;" class="Tests\Unit\Assertions\AssertTest" classname="Tests.Unit.Assertions.AssertTest" assertions="1" time="0.005734"/>
          <testcase name="`Validation Assertions` → `Happy Paths` → validates url formats with data set &quot;('http://symfony.com/?query[2][]=1')&quot;" file="tests/Unit/Assertions/AssertTest.php::`Validation Assertions` → `Happy Paths` → validates url formats with data set &quot;('http://symfony.com/?query[2][]=1')&quot;" class="Tests\Unit\Assertions\AssertTest" classname="Tests.Unit.Assertions.AssertTest" assertions="1" time="0.005869"/>
          <testcase name="`Validation Assertions` → `Happy Paths` → validates url formats with data set &quot;('http://symfony.com?query[1][3]=1')&quot;" file="tests/Unit/Assertions/AssertTest.php::`Validation Assertions` → `Happy Paths` → validates url formats with data set &quot;('http://symfony.com?query[1][3]=1')&quot;" class="Tests\Unit\Assertions\AssertTest" classname="Tests.Unit.Assertions.AssertTest" assertions="1" time="0.005653"/>
          <testcase name="`Validation Assertions` → `Happy Paths` → validates url formats with data set &quot;('http://symfony.com/?query[2][4]=1')&quot;" file="tests/Unit/Assertions/AssertTest.php::`Validation Assertions` → `Happy Paths` → validates url formats with data set &quot;('http://symfony.com/?query[2][4]=1')&quot;" class="Tests\Unit\Assertions\AssertTest" classname="Tests.Unit.Assertions.AssertTest" assertions="1" time="0.006864"/>
          <testcase name="`Validation Assertions` → `Happy Paths` → validates url formats with data set &quot;('http://symfony.com?query[1][3…][7]=2')&quot;" file="tests/Unit/Assertions/AssertTest.php::`Validation Assertions` → `Happy Paths` → validates url formats with data set &quot;('http://symfony.com?query[1][3…][7]=2')&quot;" class="Tests\Unit\Assertions\AssertTest" classname="Tests.Unit.Assertions.AssertTest" assertions="1" time="0.005929"/>
          <testcase name="`Validation Assertions` → `Happy Paths` → validates url formats with data set &quot;('http://symfony.com/?query[2][…][8]=2')&quot;" file="tests/Unit/Assertions/AssertTest.php::`Validation Assertions` → `Happy Paths` → validates url formats with data set &quot;('http://symfony.com/?query[2][…][8]=2')&quot;" class="Tests\Unit\Assertions\AssertTest" classname="Tests.Unit.Assertions.AssertTest" assertions="1" time="0.005842"/>
        </testsuite>
        <testsuite name="`Validation Assertions` → `Happy Paths` → validates uuid for" tests="7" assertions="7" errors="0" failures="0" skipped="0" time="0.041017">
          <testcase name="`Validation Assertions` → `Happy Paths` → validates uuid formats with data set &quot;('ff6f8cb0-c57d-11e1-9b21-0800200c9a66')&quot;" file="tests/Unit/Assertions/AssertTest.php::`Validation Assertions` → `Happy Paths` → validates uuid formats with data set &quot;('ff6f8cb0-c57d-11e1-9b21-0800200c9a66')&quot;" class="Tests\Unit\Assertions\AssertTest" classname="Tests.Unit.Assertions.AssertTest" assertions="1" time="0.005803"/>
          <testcase name="`Validation Assertions` → `Happy Paths` → validates uuid formats with data set &quot;('ff6f8cb0-c57d-21e1-9b21-0800200c9a66')&quot;" file="tests/Unit/Assertions/AssertTest.php::`Validation Assertions` → `Happy Paths` → validates uuid formats with data set &quot;('ff6f8cb0-c57d-21e1-9b21-0800200c9a66')&quot;" class="Tests\Unit\Assertions\AssertTest" classname="Tests.Unit.Assertions.AssertTest" assertions="1" time="0.005778"/>
          <testcase name="`Validation Assertions` → `Happy Paths` → validates uuid formats with data set &quot;('ff6f8cb0-c57d-31e1-9b21-0800200c9a66')&quot;" file="tests/Unit/Assertions/AssertTest.php::`Validation Assertions` → `Happy Paths` → validates uuid formats with data set &quot;('ff6f8cb0-c57d-31e1-9b21-0800200c9a66')&quot;" class="Tests\Unit\Assertions\AssertTest" classname="Tests.Unit.Assertions.AssertTest" assertions="1" time="0.005908"/>
          <testcase name="`Validation Assertions` → `Happy Paths` → validates uuid formats with data set &quot;('ff6f8cb0-c57d-41e1-9b21-0800200c9a66')&quot;" file="tests/Unit/Assertions/AssertTest.php::`Validation Assertions` → `Happy Paths` → validates uuid formats with data set &quot;('ff6f8cb0-c57d-41e1-9b21-0800200c9a66')&quot;" class="Tests\Unit\Assertions\AssertTest" classname="Tests.Unit.Assertions.AssertTest" assertions="1" time="0.005888"/>
          <testcase name="`Validation Assertions` → `Happy Paths` → validates uuid formats with data set &quot;('ff6f8cb0-c57d-51e1-9b21-0800200c9a66')&quot;" file="tests/Unit/Assertions/AssertTest.php::`Validation Assertions` → `Happy Paths` → validates uuid formats with data set &quot;('ff6f8cb0-c57d-51e1-9b21-0800200c9a66')&quot;" class="Tests\Unit\Assertions\AssertTest" classname="Tests.Unit.Assertions.AssertTest" assertions="1" time="0.005854"/>
          <testcase name="`Validation Assertions` → `Happy Paths` → validates uuid formats with data set &quot;('FF6F8CB0-C57D-11E1-9B21-0800200C9A66')&quot;" file="tests/Unit/Assertions/AssertTest.php::`Validation Assertions` → `Happy Paths` → validates uuid formats with data set &quot;('FF6F8CB0-C57D-11E1-9B21-0800200C9A66')&quot;" class="Tests\Unit\Assertions\AssertTest" classname="Tests.Unit.Assertions.AssertTest" assertions="1" time="0.005915"/>
          <testcase name="`Validation Assertions` → `Happy Paths` → validates uuid formats with data set &quot;('00000000-0000-0000-0000-000000000000')&quot;" file="tests/Unit/Assertions/AssertTest.php::`Validation Assertions` → `Happy Paths` → validates uuid formats with data set &quot;('00000000-0000-0000-0000-000000000000')&quot;" class="Tests\Unit\Assertions\AssertTest" classname="Tests.Unit.Assertions.AssertTest" assertions="1" time="0.005871"/>
        </testsuite>
        <testsuite name="`Validation Assertions` → `Happy Paths` → validates e164 phone num" tests="3" assertions="3" errors="0" failures="0" skipped="0" time="0.017641">
          <testcase name="`Validation Assertions` → `Happy Paths` → validates e164 phone numbers with data set &quot;('+33626525690')&quot;" file="tests/Unit/Assertions/AssertTest.php::`Validation Assertions` → `Happy Paths` → validates e164 phone numbers with data set &quot;('+33626525690')&quot;" class="Tests\Unit\Assertions\AssertTest" classname="Tests.Unit.Assertions.AssertTest" assertions="1" time="0.005859"/>
          <testcase name="`Validation Assertions` → `Happy Paths` → validates e164 phone numbers with data set &quot;('33626525690')&quot;" file="tests/Unit/Assertions/AssertTest.php::`Validation Assertions` → `Happy Paths` → validates e164 phone numbers with data set &quot;('33626525690')&quot;" class="Tests\Unit\Assertions\AssertTest" classname="Tests.Unit.Assertions.AssertTest" assertions="1" time="0.005890"/>
          <testcase name="`Validation Assertions` → `Happy Paths` → validates e164 phone numbers with data set &quot;('+16174552211')&quot;" file="tests/Unit/Assertions/AssertTest.php::`Validation Assertions` → `Happy Paths` → validates e164 phone numbers with data set &quot;('+16174552211')&quot;" class="Tests\Unit\Assertions\AssertTest" classname="Tests.Unit.Assertions.AssertTest" assertions="1" time="0.005892"/>
        </testsuite>
        <testsuite name="`Validation Assertions` → `Happy Paths` → validates json str" tests="4" assertions="4" errors="0" failures="0" skipped="0" time="0.023863">
          <testcase name="`Validation Assertions` → `Happy Paths` → validates json strings with data set &quot;dataset &quot;»null« value&quot;&quot;" file="tests/Unit/Assertions/AssertTest.php::`Validation Assertions` → `Happy Paths` → validates json strings with data set &quot;dataset &quot;»null« value&quot;&quot;" class="Tests\Unit\Assertions\AssertTest" classname="Tests.Unit.Assertions.AssertTest" assertions="1" time="0.005848"/>
          <testcase name="`Validation Assertions` → `Happy Paths` → validates json strings with data set &quot;dataset &quot;»false« value&quot;&quot;" file="tests/Unit/Assertions/AssertTest.php::`Validation Assertions` → `Happy Paths` → validates json strings with data set &quot;dataset &quot;»false« value&quot;&quot;" class="Tests\Unit\Assertions\AssertTest" classname="Tests.Unit.Assertions.AssertTest" assertions="1" time="0.006006"/>
          <testcase name="`Validation Assertions` → `Happy Paths` → validates json strings with data set &quot;dataset &quot;array value&quot;&quot;" file="tests/Unit/Assertions/AssertTest.php::`Validation Assertions` → `Happy Paths` → validates json strings with data set &quot;dataset &quot;array value&quot;&quot;" class="Tests\Unit\Assertions\AssertTest" classname="Tests.Unit.Assertions.AssertTest" assertions="1" time="0.006018"/>
          <testcase name="`Validation Assertions` → `Happy Paths` → validates json strings with data set &quot;dataset &quot;object value&quot;&quot;" file="tests/Unit/Assertions/AssertTest.php::`Validation Assertions` → `Happy Paths` → validates json strings with data set &quot;dataset &quot;object value&quot;&quot;" class="Tests\Unit\Assertions\AssertTest" classname="Tests.Unit.Assertions.AssertTest" assertions="1" time="0.005990"/>
        </testsuite>
        <testcase name="`Validation Assertions` → `Happy Paths` → validates float values coerced to json strings" file="tests/Unit/Assertions/AssertTest.php::`Validation Assertions` → `Happy Paths` → validates float values coerced to json strings" class="Tests\Unit\Assertions\AssertTest" classname="Tests.Unit.Assertions.AssertTest" assertions="2" time="0.006074"/>
        <testsuite name="`Validation Assertions` → `Happy Paths` → validates ip addre" tests="4" assertions="4" errors="0" failures="0" skipped="0" time="0.024009">
          <testcase name="`Validation Assertions` → `Happy Paths` → validates ip addresses with data set &quot;('0.0.0.0')&quot;" file="tests/Unit/Assertions/AssertTest.php::`Validation Assertions` → `Happy Paths` → validates ip addresses with data set &quot;('0.0.0.0')&quot;" class="Tests\Unit\Assertions\AssertTest" classname="Tests.Unit.Assertions.AssertTest" assertions="1" time="0.006090"/>
          <testcase name="`Validation Assertions` → `Happy Paths` → validates ip addresses with data set &quot;('14.32.152.216')&quot;" file="tests/Unit/Assertions/AssertTest.php::`Validation Assertions` → `Happy Paths` → validates ip addresses with data set &quot;('14.32.152.216')&quot;" class="Tests\Unit\Assertions\AssertTest" classname="Tests.Unit.Assertions.AssertTest" assertions="1" time="0.005944"/>
          <testcase name="`Validation Assertions` → `Happy Paths` → validates ip addresses with data set &quot;('255.255.255.255')&quot;" file="tests/Unit/Assertions/AssertTest.php::`Validation Assertions` → `Happy Paths` → validates ip addresses with data set &quot;('255.255.255.255')&quot;" class="Tests\Unit\Assertions\AssertTest" classname="Tests.Unit.Assertions.AssertTest" assertions="1" time="0.005983"/>
          <testcase name="`Validation Assertions` → `Happy Paths` → validates ip addresses with data set &quot;('2001:db8:85a3:8d3:1319:8a2e:370:7348')&quot;" file="tests/Unit/Assertions/AssertTest.php::`Validation Assertions` → `Happy Paths` → validates ip addresses with data set &quot;('2001:db8:85a3:8d3:1319:8a2e:370:7348')&quot;" class="Tests\Unit\Assertions\AssertTest" classname="Tests.Unit.Assertions.AssertTest" assertions="1" time="0.005992"/>
        </testsuite>
        <testcase name="`Validation Assertions` → `Happy Paths` → validates ipv4 addresses" file="tests/Unit/Assertions/AssertTest.php::`Validation Assertions` → `Happy Paths` → validates ipv4 addresses" class="Tests\Unit\Assertions\AssertTest" classname="Tests.Unit.Assertions.AssertTest" assertions="1" time="0.006009"/>
        <testcase name="`Validation Assertions` → `Happy Paths` → validates ipv6 addresses" file="tests/Unit/Assertions/AssertTest.php::`Validation Assertions` → `Happy Paths` → validates ipv6 addresses" class="Tests\Unit\Assertions\AssertTest" classname="Tests.Unit.Assertions.AssertTest" assertions="1" time="0.006000"/>
        <testsuite name="`Validation Assertions` → `Happy Paths` → validates date for" tests="4" assertions="4" errors="0" failures="0" skipped="0" time="0.024873">
          <testcase name="`Validation Assertions` → `Happy Paths` → validates date formats with data set &quot;('2012-03-13', 'Y-m-d')&quot;" file="tests/Unit/Assertions/AssertTest.php::`Validation Assertions` → `Happy Paths` → validates date formats with data set &quot;('2012-03-13', 'Y-m-d')&quot;" class="Tests\Unit\Assertions\AssertTest" classname="Tests.Unit.Assertions.AssertTest" assertions="1" time="0.006095"/>
          <testcase name="`Validation Assertions` → `Happy Paths` → validates date formats with data set &quot;('29.02.2012 12:03:36.432563', 'd.m.Y H:i:s.u')&quot;" file="tests/Unit/Assertions/AssertTest.php::`Validation Assertions` → `Happy Paths` → validates date formats with data set &quot;('29.02.2012 12:03:36.432563', 'd.m.Y H:i:s.u')&quot;" class="Tests\Unit\Assertions\AssertTest" classname="Tests.Unit.Assertions.AssertTest" assertions="1" time="0.006149"/>
          <testcase name="`Validation Assertions` → `Happy Paths` → validates date formats with data set &quot;('13.08.2015 17:08:23 Thu Thurs…TC UTC', 'd.m.Y H:i:s D l S z F M n y H u e T')&quot;" file="tests/Unit/Assertions/AssertTest.php::`Validation Assertions` → `Happy Paths` → validates date formats with data set &quot;('13.08.2015 17:08:23 Thu Thurs…TC UTC', 'd.m.Y H:i:s D l S z F M n y H u e T')&quot;" class="Tests\Unit\Assertions\AssertTest" classname="Tests.Unit.Assertions.AssertTest" assertions="1" time="0.006228"/>
          <testcase name="`Validation Assertions` → `Happy Paths` → validates date formats with data set &quot;('1439486158', 'U')&quot;" file="tests/Unit/Assertions/AssertTest.php::`Validation Assertions` → `Happy Paths` → validates date formats with data set &quot;('1439486158', 'U')&quot;" class="Tests\Unit\Assertions\AssertTest" classname="Tests.Unit.Assertions.AssertTest" assertions="1" time="0.006401"/>
        </testsuite>
        <testcase name="`Validation Assertions` → `Happy Paths` → validates base64 encoded strings" file="tests/Unit/Assertions/AssertTest.php::`Validation Assertions` → `Happy Paths` → validates base64 encoded strings" class="Tests\Unit\Assertions\AssertTest" classname="Tests.Unit.Assertions.AssertTest" assertions="1" time="0.006436"/>
        <testcase name="`Validation Assertions` → `Sad Paths` → rejects invalid email addresses" file="tests/Unit/Assertions/AssertTest.php::`Validation Assertions` → `Sad Paths` → rejects invalid email addresses" class="Tests\Unit\Assertions\AssertTest" classname="Tests.Unit.Assertions.AssertTest" assertions="2" time="0.006404"/>
        <testsuite name="`Validation Assertions` → `Sad Paths` → rejects invalid url for" tests="17" assertions="34" errors="0" failures="0" skipped="0" time="0.108936">
          <testcase name="`Validation Assertions` → `Sad Paths` → rejects invalid url formats with data set &quot;('google.com')&quot;" file="tests/Unit/Assertions/AssertTest.php::`Validation Assertions` → `Sad Paths` → rejects invalid url formats with data set &quot;('google.com')&quot;" class="Tests\Unit\Assertions\AssertTest" classname="Tests.Unit.Assertions.AssertTest" assertions="2" time="0.006322"/>
          <testcase name="`Validation Assertions` → `Sad Paths` → rejects invalid url formats with data set &quot;('://google.com')&quot;" file="tests/Unit/Assertions/AssertTest.php::`Validation Assertions` → `Sad Paths` → rejects invalid url formats with data set &quot;('://google.com')&quot;" class="Tests\Unit\Assertions\AssertTest" classname="Tests.Unit.Assertions.AssertTest" assertions="2" time="0.006127"/>
          <testcase name="`Validation Assertions` → `Sad Paths` → rejects invalid url formats with data set &quot;('http ://google.com')&quot;" file="tests/Unit/Assertions/AssertTest.php::`Validation Assertions` → `Sad Paths` → rejects invalid url formats with data set &quot;('http ://google.com')&quot;" class="Tests\Unit\Assertions\AssertTest" classname="Tests.Unit.Assertions.AssertTest" assertions="2" time="0.006234"/>
          <testcase name="`Validation Assertions` → `Sad Paths` → rejects invalid url formats with data set &quot;('http:/google.com')&quot;" file="tests/Unit/Assertions/AssertTest.php::`Validation Assertions` → `Sad Paths` → rejects invalid url formats with data set &quot;('http:/google.com')&quot;" class="Tests\Unit\Assertions\AssertTest" classname="Tests.Unit.Assertions.AssertTest" assertions="2" time="0.006234"/>
          <testcase name="`Validation Assertions` → `Sad Paths` → rejects invalid url formats with data set &quot;('http://goog_le.com')&quot;" file="tests/Unit/Assertions/AssertTest.php::`Validation Assertions` → `Sad Paths` → rejects invalid url formats with data set &quot;('http://goog_le.com')&quot;" class="Tests\Unit\Assertions\AssertTest" classname="Tests.Unit.Assertions.AssertTest" assertions="2" time="0.006767"/>
          <testcase name="`Validation Assertions` → `Sad Paths` → rejects invalid url formats with data set &quot;('http://google.com::aa')&quot;" file="tests/Unit/Assertions/AssertTest.php::`Validation Assertions` → `Sad Paths` → rejects invalid url formats with data set &quot;('http://google.com::aa')&quot;" class="Tests\Unit\Assertions\AssertTest" classname="Tests.Unit.Assertions.AssertTest" assertions="2" time="0.007336"/>
          <testcase name="`Validation Assertions` → `Sad Paths` → rejects invalid url formats with data set &quot;('http://google.com:aa')&quot;" file="tests/Unit/Assertions/AssertTest.php::`Validation Assertions` → `Sad Paths` → rejects invalid url formats with data set &quot;('http://google.com:aa')&quot;" class="Tests\Unit\Assertions\AssertTest" classname="Tests.Unit.Assertions.AssertTest" assertions="2" time="0.006851"/>
          <testcase name="`Validation Assertions` → `Sad Paths` → rejects invalid url formats with data set &quot;('ftp://google.fr')&quot;" file="tests/Unit/Assertions/AssertTest.php::`Validation Assertions` → `Sad Paths` → rejects invalid url formats with data set &quot;('ftp://google.fr')&quot;" class="Tests\Unit\Assertions\AssertTest" classname="Tests.Unit.Assertions.AssertTest" assertions="2" time="0.006373"/>
          <testcase name="`Validation Assertions` → `Sad Paths` → rejects invalid url formats with data set &quot;('faked://google.fr')&quot;" file="tests/Unit/Assertions/AssertTest.php::`Validation Assertions` → `Sad Paths` → rejects invalid url formats with data set &quot;('faked://google.fr')&quot;" class="Tests\Unit\Assertions\AssertTest" classname="Tests.Unit.Assertions.AssertTest" assertions="2" time="0.006271"/>
          <testcase name="`Validation Assertions` → `Sad Paths` → rejects invalid url formats with data set &quot;('http://127.0.0.1:aa/')&quot;" file="tests/Unit/Assertions/AssertTest.php::`Validation Assertions` → `Sad Paths` → rejects invalid url formats with data set &quot;('http://127.0.0.1:aa/')&quot;" class="Tests\Unit\Assertions\AssertTest" classname="Tests.Unit.Assertions.AssertTest" assertions="2" time="0.006292"/>
          <testcase name="`Validation Assertions` → `Sad Paths` → rejects invalid url formats with data set &quot;('ftp://[::1]/')&quot;" file="tests/Unit/Assertions/AssertTest.php::`Validation Assertions` → `Sad Paths` → rejects invalid url formats with data set &quot;('ftp://[::1]/')&quot;" class="Tests\Unit\Assertions\AssertTest" classname="Tests.Unit.Assertions.AssertTest" assertions="2" time="0.006353"/>
          <testcase name="`Validation Assertions` → `Sad Paths` → rejects invalid url formats with data set &quot;('http://[::1')&quot;" file="tests/Unit/Assertions/AssertTest.php::`Validation Assertions` → `Sad Paths` → rejects invalid url formats with data set &quot;('http://[::1')&quot;" class="Tests\Unit\Assertions\AssertTest" classname="Tests.Unit.Assertions.AssertTest" assertions="2" time="0.006267"/>
          <testcase name="`Validation Assertions` → `Sad Paths` → rejects invalid url formats with data set &quot;('http://hello.☎/')&quot;" file="tests/Unit/Assertions/AssertTest.php::`Validation Assertions` → `Sad Paths` → rejects invalid url formats with data set &quot;('http://hello.☎/')&quot;" class="Tests\Unit\Assertions\AssertTest" classname="Tests.Unit.Assertions.AssertTest" assertions="2" time="0.006356"/>
          <testcase name="`Validation Assertions` → `Sad Paths` → rejects invalid url formats with data set &quot;('http://:password@symfony.com')&quot;" file="tests/Unit/Assertions/AssertTest.php::`Validation Assertions` → `Sad Paths` → rejects invalid url formats with data set &quot;('http://:password@symfony.com')&quot;" class="Tests\Unit\Assertions\AssertTest" classname="Tests.Unit.Assertions.AssertTest" assertions="2" time="0.006462"/>
          <testcase name="`Validation Assertions` → `Sad Paths` → rejects invalid url formats with data set &quot;('http://:password@@symfony.com')&quot;" file="tests/Unit/Assertions/AssertTest.php::`Validation Assertions` → `Sad Paths` → rejects invalid url formats with data set &quot;('http://:password@@symfony.com')&quot;" class="Tests\Unit\Assertions\AssertTest" classname="Tests.Unit.Assertions.AssertTest" assertions="2" time="0.006067"/>
          <testcase name="`Validation Assertions` → `Sad Paths` → rejects invalid url formats with data set &quot;('http://username:passwordsymfony.com')&quot;" file="tests/Unit/Assertions/AssertTest.php::`Validation Assertions` → `Sad Paths` → rejects invalid url formats with data set &quot;('http://username:passwordsymfony.com')&quot;" class="Tests\Unit\Assertions\AssertTest" classname="Tests.Unit.Assertions.AssertTest" assertions="2" time="0.006263"/>
          <testcase name="`Validation Assertions` → `Sad Paths` → rejects invalid url formats with data set &quot;('http://usern@me:password@symfony.com')&quot;" file="tests/Unit/Assertions/AssertTest.php::`Validation Assertions` → `Sad Paths` → rejects invalid url formats with data set &quot;('http://usern@me:password@symfony.com')&quot;" class="Tests\Unit\Assertions\AssertTest" classname="Tests.Unit.Assertions.AssertTest" assertions="2" time="0.006359"/>
        </testsuite>
        <testsuite name="`Validation Assertions` → `Sad Paths` → rejects invalid uuid for" tests="5" assertions="10" errors="0" failures="0" skipped="0" time="0.031674">
          <testcase name="`Validation Assertions` → `Sad Paths` → rejects invalid uuid formats with data set &quot;('zf6f8cb0-c57d-11e1-9b21-0800200c9a66')&quot;" file="tests/Unit/Assertions/AssertTest.php::`Validation Assertions` → `Sad Paths` → rejects invalid uuid formats with data set &quot;('zf6f8cb0-c57d-11e1-9b21-0800200c9a66')&quot;" class="Tests\Unit\Assertions\AssertTest" classname="Tests.Unit.Assertions.AssertTest" assertions="2" time="0.006263"/>
          <testcase name="`Validation Assertions` → `Sad Paths` → rejects invalid uuid formats with data set &quot;('af6f8cb0c57d11e19b210800200c9a66')&quot;" file="tests/Unit/Assertions/AssertTest.php::`Validation Assertions` → `Sad Paths` → rejects invalid uuid formats with data set &quot;('af6f8cb0c57d11e19b210800200c9a66')&quot;" class="Tests\Unit\Assertions\AssertTest" classname="Tests.Unit.Assertions.AssertTest" assertions="2" time="0.006447"/>
          <testcase name="`Validation Assertions` → `Sad Paths` → rejects invalid uuid formats with data set &quot;('ff6f8cb0-c57da-51e1-9b21-0800200c9a66')&quot;" file="tests/Unit/Assertions/AssertTest.php::`Validation Assertions` → `Sad Paths` → rejects invalid uuid formats with data set &quot;('ff6f8cb0-c57da-51e1-9b21-0800200c9a66')&quot;" class="Tests\Unit\Assertions\AssertTest" classname="Tests.Unit.Assertions.AssertTest" assertions="2" time="0.006342"/>
          <testcase name="`Validation Assertions` → `Sad Paths` → rejects invalid uuid formats with data set &quot;('af6f8cb-c57d-11e1-9b21-0800200c9a66')&quot;" file="tests/Unit/Assertions/AssertTest.php::`Validation Assertions` → `Sad Paths` → rejects invalid uuid formats with data set &quot;('af6f8cb-c57d-11e1-9b21-0800200c9a66')&quot;" class="Tests\Unit\Assertions\AssertTest" classname="Tests.Unit.Assertions.AssertTest" assertions="2" time="0.006282"/>
          <testcase name="`Validation Assertions` → `Sad Paths` → rejects invalid uuid formats with data set &quot;('3f6f8cb0-c57d-11e1-9b21-0800200c9a6')&quot;" file="tests/Unit/Assertions/AssertTest.php::`Validation Assertions` → `Sad Paths` → rejects invalid uuid formats with data set &quot;('3f6f8cb0-c57d-11e1-9b21-0800200c9a6')&quot;" class="Tests\Unit\Assertions\AssertTest" classname="Tests.Unit.Assertions.AssertTest" assertions="2" time="0.006340"/>
        </testsuite>
        <testsuite name="`Validation Assertions` → `Sad Paths` → rejects invalid e164 phone num" tests="2" assertions="4" errors="0" failures="0" skipped="0" time="0.012763">
          <testcase name="`Validation Assertions` → `Sad Paths` → rejects invalid e164 phone numbers with data set &quot;('+3362652569e')&quot;" file="tests/Unit/Assertions/AssertTest.php::`Validation Assertions` → `Sad Paths` → rejects invalid e164 phone numbers with data set &quot;('+3362652569e')&quot;" class="Tests\Unit\Assertions\AssertTest" classname="Tests.Unit.Assertions.AssertTest" assertions="2" time="0.006428"/>
          <testcase name="`Validation Assertions` → `Sad Paths` → rejects invalid e164 phone numbers with data set &quot;('+3361231231232652569')&quot;" file="tests/Unit/Assertions/AssertTest.php::`Validation Assertions` → `Sad Paths` → rejects invalid e164 phone numbers with data set &quot;('+3361231231232652569')&quot;" class="Tests\Unit\Assertions\AssertTest" classname="Tests.Unit.Assertions.AssertTest" assertions="2" time="0.006334"/>
        </testsuite>
        <testsuite name="`Validation Assertions` → `Sad Paths` → rejects invalid json str" tests="2" assertions="4" errors="0" failures="0" skipped="0" time="0.012781">
          <testcase name="`Validation Assertions` → `Sad Paths` → rejects invalid json strings with data set &quot;dataset &quot;no json string&quot;&quot;" file="tests/Unit/Assertions/AssertTest.php::`Validation Assertions` → `Sad Paths` → rejects invalid json strings with data set &quot;dataset &quot;no json string&quot;&quot;" class="Tests\Unit\Assertions\AssertTest" classname="Tests.Unit.Assertions.AssertTest" assertions="2" time="0.006387"/>
          <testcase name="`Validation Assertions` → `Sad Paths` → rejects invalid json strings with data set &quot;dataset &quot;error in json string&quot;&quot;" file="tests/Unit/Assertions/AssertTest.php::`Validation Assertions` → `Sad Paths` → rejects invalid json strings with data set &quot;dataset &quot;error in json string&quot;&quot;" class="Tests\Unit\Assertions\AssertTest" classname="Tests.Unit.Assertions.AssertTest" assertions="2" time="0.006394"/>
        </testsuite>
        <testcase name="`Validation Assertions` → `Sad Paths` → rejects object in json string validation" file="tests/Unit/Assertions/AssertTest.php::`Validation Assertions` → `Sad Paths` → rejects object in json string validation" class="Tests\Unit\Assertions\AssertTest" classname="Tests.Unit.Assertions.AssertTest" assertions="2" time="0.006489"/>
        <testcase name="`Validation Assertions` → `Sad Paths` → rejects array in json string validation" file="tests/Unit/Assertions/AssertTest.php::`Validation Assertions` → `Sad Paths` → rejects array in json string validation" class="Tests\Unit\Assertions\AssertTest" classname="Tests.Unit.Assertions.AssertTest" assertions="2" time="0.006434"/>
        <testcase name="`Validation Assertions` → `Sad Paths` → rejects resource in json string validation" file="tests/Unit/Assertions/AssertTest.php::`Validation Assertions` → `Sad Paths` → rejects resource in json string validation" class="Tests\Unit\Assertions\AssertTest" classname="Tests.Unit.Assertions.AssertTest" assertions="2" time="0.006566"/>
        <testsuite name="`Validation Assertions` → `Sad Paths` → rejects invalid ip addre" tests="7" assertions="14" errors="0" failures="0" skipped="0" time="0.045555">
          <testcase name="`Validation Assertions` → `Sad Paths` → rejects invalid ip addresses with data set &quot;('invalid ip address')&quot;" file="tests/Unit/Assertions/AssertTest.php::`Validation Assertions` → `Sad Paths` → rejects invalid ip addresses with data set &quot;('invalid ip address')&quot;" class="Tests\Unit\Assertions\AssertTest" classname="Tests.Unit.Assertions.AssertTest" assertions="2" time="0.006659"/>
          <testcase name="`Validation Assertions` → `Sad Paths` → rejects invalid ip addresses with data set &quot;('14.32.152,216')&quot;" file="tests/Unit/Assertions/AssertTest.php::`Validation Assertions` → `Sad Paths` → rejects invalid ip addresses with data set &quot;('14.32.152,216')&quot;" class="Tests\Unit\Assertions\AssertTest" classname="Tests.Unit.Assertions.AssertTest" assertions="2" time="0.006512"/>
          <testcase name="`Validation Assertions` → `Sad Paths` → rejects invalid ip addresses with data set &quot;('14.32.256.216')&quot;" file="tests/Unit/Assertions/AssertTest.php::`Validation Assertions` → `Sad Paths` → rejects invalid ip addresses with data set &quot;('14.32.256.216')&quot;" class="Tests\Unit\Assertions\AssertTest" classname="Tests.Unit.Assertions.AssertTest" assertions="2" time="0.006557"/>
          <testcase name="`Validation Assertions` → `Sad Paths` → rejects invalid ip addresses with data set &quot;('192.168.0.10', 8388608)&quot;" file="tests/Unit/Assertions/AssertTest.php::`Validation Assertions` → `Sad Paths` → rejects invalid ip addresses with data set &quot;('192.168.0.10', 8388608)&quot;" class="Tests\Unit\Assertions\AssertTest" classname="Tests.Unit.Assertions.AssertTest" assertions="2" time="0.006373"/>
          <testcase name="`Validation Assertions` → `Sad Paths` → rejects invalid ip addresses with data set &quot;('127.0.0.1', 4194304)&quot;" file="tests/Unit/Assertions/AssertTest.php::`Validation Assertions` → `Sad Paths` → rejects invalid ip addresses with data set &quot;('127.0.0.1', 4194304)&quot;" class="Tests\Unit\Assertions\AssertTest" classname="Tests.Unit.Assertions.AssertTest" assertions="2" time="0.006499"/>
          <testcase name="`Validation Assertions` → `Sad Paths` → rejects invalid ip addresses with data set &quot;('2001:db8:85a3:8d3:1319:8g2e:370:7348')&quot;" file="tests/Unit/Assertions/AssertTest.php::`Validation Assertions` → `Sad Paths` → rejects invalid ip addresses with data set &quot;('2001:db8:85a3:8d3:1319:8g2e:370:7348')&quot;" class="Tests\Unit\Assertions\AssertTest" classname="Tests.Unit.Assertions.AssertTest" assertions="2" time="0.006499"/>
          <testcase name="`Validation Assertions` → `Sad Paths` → rejects invalid ip addresses with data set &quot;('fdb9:75b9:9e69:5d08:1:1:1:1', 8388608)&quot;" file="tests/Unit/Assertions/AssertTest.php::`Validation Assertions` → `Sad Paths` → rejects invalid ip addresses with data set &quot;('fdb9:75b9:9e69:5d08:1:1:1:1', 8388608)&quot;" class="Tests\Unit\Assertions\AssertTest" classname="Tests.Unit.Assertions.AssertTest" assertions="2" time="0.006456"/>
        </testsuite>
        <testcase name="`Validation Assertions` → `Sad Paths` → rejects ipv6 addresses when ipv4 expected" file="tests/Unit/Assertions/AssertTest.php::`Validation Assertions` → `Sad Paths` → rejects ipv6 addresses when ipv4 expected" class="Tests\Unit\Assertions\AssertTest" classname="Tests.Unit.Assertions.AssertTest" assertions="2" time="0.006691"/>
        <testcase name="`Validation Assertions` → `Sad Paths` → rejects ipv4 addresses when ipv6 expected" file="tests/Unit/Assertions/AssertTest.php::`Validation Assertions` → `Sad Paths` → rejects ipv4 addresses when ipv6 expected" class="Tests\Unit\Assertions\AssertTest" classname="Tests.Unit.Assertions.AssertTest" assertions="2" time="0.006639"/>
        <testsuite name="`Validation Assertions` → `Sad Paths` → rejects invalid date for" tests="3" assertions="6" errors="0" failures="0" skipped="0" time="0.020007">
          <testcase name="`Validation Assertions` → `Sad Paths` → rejects invalid date formats with data set &quot;('this is not the date', 'Y-m-d')&quot;" file="tests/Unit/Assertions/AssertTest.php::`Validation Assertions` → `Sad Paths` → rejects invalid date formats with data set &quot;('this is not the date', 'Y-m-d')&quot;" class="Tests\Unit\Assertions\AssertTest" classname="Tests.Unit.Assertions.AssertTest" assertions="2" time="0.006642"/>
          <testcase name="`Validation Assertions` → `Sad Paths` → rejects invalid date formats with data set &quot;('2011-02-29', 'Y-m-d')&quot;" file="tests/Unit/Assertions/AssertTest.php::`Validation Assertions` → `Sad Paths` → rejects invalid date formats with data set &quot;('2011-02-29', 'Y-m-d')&quot;" class="Tests\Unit\Assertions\AssertTest" classname="Tests.Unit.Assertions.AssertTest" assertions="2" time="0.006774"/>
          <testcase name="`Validation Assertions` → `Sad Paths` → rejects invalid date formats with data set &quot;('2012.02.29 12:60:36.432563', 'Y.m.d H:i:s.u')&quot;" file="tests/Unit/Assertions/AssertTest.php::`Validation Assertions` → `Sad Paths` → rejects invalid date formats with data set &quot;('2012.02.29 12:60:36.432563', 'Y.m.d H:i:s.u')&quot;" class="Tests\Unit\Assertions\AssertTest" classname="Tests.Unit.Assertions.AssertTest" assertions="2" time="0.006591"/>
        </testsuite>
        <testcase name="`Validation Assertions` → `Sad Paths` → rejects invalid base64 strings" file="tests/Unit/Assertions/AssertTest.php::`Validation Assertions` → `Sad Paths` → rejects invalid base64 strings" class="Tests\Unit\Assertions\AssertTest" classname="Tests.Unit.Assertions.AssertTest" assertions="2" time="0.006864"/>
        <testcase name="`Object Assertions` → `Happy Paths` → validates objects" file="tests/Unit/Assertions/AssertTest.php::`Object Assertions` → `Happy Paths` → validates objects" class="Tests\Unit\Assertions\AssertTest" classname="Tests.Unit.Assertions.AssertTest" assertions="1" time="0.006761"/>
        <testcase name="`Object Assertions` → `Happy Paths` → validates instance of class" file="tests/Unit/Assertions/AssertTest.php::`Object Assertions` → `Happy Paths` → validates instance of class" class="Tests\Unit\Assertions\AssertTest" classname="Tests.Unit.Assertions.AssertTest" assertions="1" time="0.006598"/>
        <testcase name="`Object Assertions` → `Happy Paths` → validates not instance of class" file="tests/Unit/Assertions/AssertTest.php::`Object Assertions` → `Happy Paths` → validates not instance of class" class="Tests\Unit\Assertions\AssertTest" classname="Tests.Unit.Assertions.AssertTest" assertions="1" time="0.006868"/>
        <testcase name="`Object Assertions` → `Happy Paths` → validates subclass of parent" file="tests/Unit/Assertions/AssertTest.php::`Object Assertions` → `Happy Paths` → validates subclass of parent" class="Tests\Unit\Assertions\AssertTest" classname="Tests.Unit.Assertions.AssertTest" assertions="1" time="0.007130"/>
        <testcase name="`Object Assertions` → `Happy Paths` → validates class exists" file="tests/Unit/Assertions/AssertTest.php::`Object Assertions` → `Happy Paths` → validates class exists" class="Tests\Unit\Assertions\AssertTest" classname="Tests.Unit.Assertions.AssertTest" assertions="1" time="0.007140"/>
        <testcase name="`Object Assertions` → `Happy Paths` → validates interface exists" file="tests/Unit/Assertions/AssertTest.php::`Object Assertions` → `Happy Paths` → validates interface exists" class="Tests\Unit\Assertions\AssertTest" classname="Tests.Unit.Assertions.AssertTest" assertions="1" time="0.007910"/>
        <testcase name="`Object Assertions` → `Happy Paths` → validates class implements interface" file="tests/Unit/Assertions/AssertTest.php::`Object Assertions` → `Happy Paths` → validates class implements interface" class="Tests\Unit\Assertions\AssertTest" classname="Tests.Unit.Assertions.AssertTest" assertions="1" time="0.006770"/>
        <testcase name="`Object Assertions` → `Happy Paths` → validates object implements interface" file="tests/Unit/Assertions/AssertTest.php::`Object Assertions` → `Happy Paths` → validates object implements interface" class="Tests\Unit\Assertions\AssertTest" classname="Tests.Unit.Assertions.AssertTest" assertions="1" time="0.007655"/>
        <testcase name="`Object Assertions` → `Happy Paths` → validates method exists on object" file="tests/Unit/Assertions/AssertTest.php::`Object Assertions` → `Happy Paths` → validates method exists on object" class="Tests\Unit\Assertions\AssertTest" classname="Tests.Unit.Assertions.AssertTest" assertions="1" time="0.007250"/>
        <testcase name="`Object Assertions` → `Happy Paths` → validates closure throws expected exception" file="tests/Unit/Assertions/AssertTest.php::`Object Assertions` → `Happy Paths` → validates closure throws expected exception" class="Tests\Unit\Assertions\AssertTest" classname="Tests.Unit.Assertions.AssertTest" assertions="1" time="0.007169"/>
        <testcase name="`Object Assertions` → `Happy Paths` → validates callable functions" file="tests/Unit/Assertions/AssertTest.php::`Object Assertions` → `Happy Paths` → validates callable functions" class="Tests\Unit\Assertions\AssertTest" classname="Tests.Unit.Assertions.AssertTest" assertions="5" time="0.007282"/>
        <testcase name="`Object Assertions` → `Happy Paths` → validates custom satisfy callback" file="tests/Unit/Assertions/AssertTest.php::`Object Assertions` → `Happy Paths` → validates custom satisfy callback" class="Tests\Unit\Assertions\AssertTest" classname="Tests.Unit.Assertions.AssertTest" assertions="2" time="0.007138"/>
        <testcase name="`Object Assertions` → `Happy Paths` → validates traversable objects" file="tests/Unit/Assertions/AssertTest.php::`Object Assertions` → `Happy Paths` → validates traversable objects" class="Tests\Unit\Assertions\AssertTest" classname="Tests.Unit.Assertions.AssertTest" assertions="1" time="0.007037"/>
        <testcase name="`Object Assertions` → `Happy Paths` → validates countable objects" file="tests/Unit/Assertions/AssertTest.php::`Object Assertions` → `Happy Paths` → validates countable objects" class="Tests\Unit\Assertions\AssertTest" classname="Tests.Unit.Assertions.AssertTest" assertions="2" time="0.006860"/>
        <testcase name="`Object Assertions` → `Happy Paths` → validates array accessible objects" file="tests/Unit/Assertions/AssertTest.php::`Object Assertions` → `Happy Paths` → validates array accessible objects" class="Tests\Unit\Assertions\AssertTest" classname="Tests.Unit.Assertions.AssertTest" assertions="1" time="0.007366"/>
        <testcase name="`Object Assertions` → `Happy Paths` → validates object or class name" file="tests/Unit/Assertions/AssertTest.php::`Object Assertions` → `Happy Paths` → validates object or class name" class="Tests\Unit\Assertions\AssertTest" classname="Tests.Unit.Assertions.AssertTest" assertions="2" time="0.006882"/>
        <testcase name="`Object Assertions` → `Happy Paths` → validates property exists on object" file="tests/Unit/Assertions/AssertTest.php::`Object Assertions` → `Happy Paths` → validates property exists on object" class="Tests\Unit\Assertions\AssertTest" classname="Tests.Unit.Assertions.AssertTest" assertions="1" time="0.007057"/>
        <testcase name="`Object Assertions` → `Happy Paths` → validates multiple properties exist on object" file="tests/Unit/Assertions/AssertTest.php::`Object Assertions` → `Happy Paths` → validates multiple properties exist on object" class="Tests\Unit\Assertions\AssertTest" classname="Tests.Unit.Assertions.AssertTest" assertions="1" time="0.007056"/>
        <testcase name="`Object Assertions` → `Happy Paths` → validates property does not exist on object" file="tests/Unit/Assertions/AssertTest.php::`Object Assertions` → `Happy Paths` → validates property does not exist on object" class="Tests\Unit\Assertions\AssertTest" classname="Tests.Unit.Assertions.AssertTest" assertions="1" time="0.007284"/>
        <testcase name="`Object Assertions` → `Happy Paths` → validates property does not exist on class" file="tests/Unit/Assertions/AssertTest.php::`Object Assertions` → `Happy Paths` → validates property does not exist on class" class="Tests\Unit\Assertions\AssertTest" classname="Tests.Unit.Assertions.AssertTest" assertions="1" time="0.007248"/>
        <testcase name="`Object Assertions` → `Happy Paths` → validates method does not exist on object" file="tests/Unit/Assertions/AssertTest.php::`Object Assertions` → `Happy Paths` → validates method does not exist on object" class="Tests\Unit\Assertions\AssertTest" classname="Tests.Unit.Assertions.AssertTest" assertions="1" time="0.007130"/>
        <testcase name="`Object Assertions` → `Happy Paths` → validates method does not exist on class" file="tests/Unit/Assertions/AssertTest.php::`Object Assertions` → `Happy Paths` → validates method does not exist on class" class="Tests\Unit\Assertions\AssertTest" classname="Tests.Unit.Assertions.AssertTest" assertions="1" time="0.007096"/>
        <testcase name="`Object Assertions` → `Sad Paths` → rejects non-object values" file="tests/Unit/Assertions/AssertTest.php::`Object Assertions` → `Sad Paths` → rejects non-object values" class="Tests\Unit\Assertions\AssertTest" classname="Tests.Unit.Assertions.AssertTest" assertions="2" time="0.007423"/>
        <testcase name="`Object Assertions` → `Sad Paths` → rejects incorrect instance of class" file="tests/Unit/Assertions/AssertTest.php::`Object Assertions` → `Sad Paths` → rejects incorrect instance of class" class="Tests\Unit\Assertions\AssertTest" classname="Tests.Unit.Assertions.AssertTest" assertions="2" time="0.008689"/>
        <testcase name="`Object Assertions` → `Sad Paths` → rejects same instance when not expected" file="tests/Unit/Assertions/AssertTest.php::`Object Assertions` → `Sad Paths` → rejects same instance when not expected" class="Tests\Unit\Assertions\AssertTest" classname="Tests.Unit.Assertions.AssertTest" assertions="2" time="0.007746"/>
        <testcase name="`Object Assertions` → `Sad Paths` → rejects incorrect subclass of parent" file="tests/Unit/Assertions/AssertTest.php::`Object Assertions` → `Sad Paths` → rejects incorrect subclass of parent" class="Tests\Unit\Assertions\AssertTest" classname="Tests.Unit.Assertions.AssertTest" assertions="2" time="0.007413"/>
        <testcase name="`Object Assertions` → `Sad Paths` → rejects non-existent class" file="tests/Unit/Assertions/AssertTest.php::`Object Assertions` → `Sad Paths` → rejects non-existent class" class="Tests\Unit\Assertions\AssertTest" classname="Tests.Unit.Assertions.AssertTest" assertions="2" time="0.007325"/>
        <testcase name="`Object Assertions` → `Sad Paths` → rejects float values coerced to string in class validation" file="tests/Unit/Assertions/AssertTest.php::`Object Assertions` → `Sad Paths` → rejects float values coerced to string in class validation" class="Tests\Unit\Assertions\AssertTest" classname="Tests.Unit.Assertions.AssertTest" assertions="2" time="0.007230"/>
        <testcase name="`Object Assertions` → `Sad Paths` → rejects object in class validation" file="tests/Unit/Assertions/AssertTest.php::`Object Assertions` → `Sad Paths` → rejects object in class validation" class="Tests\Unit\Assertions\AssertTest" classname="Tests.Unit.Assertions.AssertTest" assertions="2" time="0.007371"/>
        <testcase name="`Object Assertions` → `Sad Paths` → rejects array in class validation" file="tests/Unit/Assertions/AssertTest.php::`Object Assertions` → `Sad Paths` → rejects array in class validation" class="Tests\Unit\Assertions\AssertTest" classname="Tests.Unit.Assertions.AssertTest" assertions="2" time="0.007304"/>
        <testcase name="`Object Assertions` → `Sad Paths` → rejects resource in class validation" file="tests/Unit/Assertions/AssertTest.php::`Object Assertions` → `Sad Paths` → rejects resource in class validation" class="Tests\Unit\Assertions\AssertTest" classname="Tests.Unit.Assertions.AssertTest" assertions="2" time="0.007237"/>
        <testcase name="`Object Assertions` → `Sad Paths` → rejects non-existent interface" file="tests/Unit/Assertions/AssertTest.php::`Object Assertions` → `Sad Paths` → rejects non-existent interface" class="Tests\Unit\Assertions\AssertTest" classname="Tests.Unit.Assertions.AssertTest" assertions="2" time="0.007333"/>
        <testcase name="`Object Assertions` → `Sad Paths` → rejects float values coerced to string in interface validation" file="tests/Unit/Assertions/AssertTest.php::`Object Assertions` → `Sad Paths` → rejects float values coerced to string in interface validation" class="Tests\Unit\Assertions\AssertTest" classname="Tests.Unit.Assertions.AssertTest" assertions="2" time="0.007223"/>
        <testcase name="`Object Assertions` → `Sad Paths` → rejects object in interface validation" file="tests/Unit/Assertions/AssertTest.php::`Object Assertions` → `Sad Paths` → rejects object in interface validation" class="Tests\Unit\Assertions\AssertTest" classname="Tests.Unit.Assertions.AssertTest" assertions="2" time="0.007408"/>
        <testcase name="`Object Assertions` → `Sad Paths` → rejects array in interface validation" file="tests/Unit/Assertions/AssertTest.php::`Object Assertions` → `Sad Paths` → rejects array in interface validation" class="Tests\Unit\Assertions\AssertTest" classname="Tests.Unit.Assertions.AssertTest" assertions="2" time="0.007293"/>
        <testcase name="`Object Assertions` → `Sad Paths` → rejects resource in interface validation" file="tests/Unit/Assertions/AssertTest.php::`Object Assertions` → `Sad Paths` → rejects resource in interface validation" class="Tests\Unit\Assertions\AssertTest" classname="Tests.Unit.Assertions.AssertTest" assertions="2" time="0.007097"/>
        <testcase name="`Object Assertions` → `Sad Paths` → rejects class not implementing interface" file="tests/Unit/Assertions/AssertTest.php::`Object Assertions` → `Sad Paths` → rejects class not implementing interface" class="Tests\Unit\Assertions\AssertTest" classname="Tests.Unit.Assertions.AssertTest" assertions="2" time="0.007304"/>
        <testcase name="`Object Assertions` → `Sad Paths` → rejects object not implementing interface" file="tests/Unit/Assertions/AssertTest.php::`Object Assertions` → `Sad Paths` → rejects object not implementing interface" class="Tests\Unit\Assertions\AssertTest" classname="Tests.Unit.Assertions.AssertTest" assertions="2" time="0.007191"/>
        <testcase name="`Object Assertions` → `Sad Paths` → rejects invalid class in interface check" file="tests/Unit/Assertions/AssertTest.php::`Object Assertions` → `Sad Paths` → rejects invalid class in interface check" class="Tests\Unit\Assertions\AssertTest" classname="Tests.Unit.Assertions.AssertTest" assertions="3" time="0.007221"/>
        <testcase name="`Object Assertions` → `Sad Paths` → rejects non-existent method on object" file="tests/Unit/Assertions/AssertTest.php::`Object Assertions` → `Sad Paths` → rejects non-existent method on object" class="Tests\Unit\Assertions\AssertTest" classname="Tests.Unit.Assertions.AssertTest" assertions="2" time="0.006984"/>
        <testcase name="`Object Assertions` → `Sad Paths` → rejects non-existent method with custom message" file="tests/Unit/Assertions/AssertTest.php::`Object Assertions` → `Sad Paths` → rejects non-existent method with custom message" class="Tests\Unit\Assertions\AssertTest" classname="Tests.Unit.Assertions.AssertTest" assertions="2" time="0.007260"/>
        <testcase name="`Object Assertions` → `Sad Paths` → rejects non-callable values" file="tests/Unit/Assertions/AssertTest.php::`Object Assertions` → `Sad Paths` → rejects non-callable values" class="Tests\Unit\Assertions\AssertTest" classname="Tests.Unit.Assertions.AssertTest" assertions="2" time="0.007439"/>
        <testcase name="`Object Assertions` → `Sad Paths` → rejects values not satisfying callback" file="tests/Unit/Assertions/AssertTest.php::`Object Assertions` → `Sad Paths` → rejects values not satisfying callback" class="Tests\Unit\Assertions\AssertTest" classname="Tests.Unit.Assertions.AssertTest" assertions="2" time="0.007235"/>
        <testcase name="`Object Assertions` → `Sad Paths` → rejects closure that does not throw exception" file="tests/Unit/Assertions/AssertTest.php::`Object Assertions` → `Sad Paths` → rejects closure that does not throw exception" class="Tests\Unit\Assertions\AssertTest" classname="Tests.Unit.Assertions.AssertTest" assertions="2" time="0.007256"/>
        <testcase name="`Object Assertions` → `Sad Paths` → rejects closure that throws wrong exception type" file="tests/Unit/Assertions/AssertTest.php::`Object Assertions` → `Sad Paths` → rejects closure that throws wrong exception type" class="Tests\Unit\Assertions\AssertTest" classname="Tests.Unit.Assertions.AssertTest" assertions="2" time="0.007327"/>
        <testcase name="`Object Assertions` → `Sad Paths` → rejects closure throwing parent when child expected" file="tests/Unit/Assertions/AssertTest.php::`Object Assertions` → `Sad Paths` → rejects closure throwing parent when child expected" class="Tests\Unit\Assertions\AssertTest" classname="Tests.Unit.Assertions.AssertTest" assertions="2" time="0.007205"/>
        <testcase name="`Object Assertions` → `Sad Paths` → rejects non-traversable values" file="tests/Unit/Assertions/AssertTest.php::`Object Assertions` → `Sad Paths` → rejects non-traversable values" class="Tests\Unit\Assertions\AssertTest" classname="Tests.Unit.Assertions.AssertTest" assertions="2" time="0.007287"/>
        <testcase name="`Object Assertions` → `Sad Paths` → rejects non-traversable values with custom message" file="tests/Unit/Assertions/AssertTest.php::`Object Assertions` → `Sad Paths` → rejects non-traversable values with custom message" class="Tests\Unit\Assertions\AssertTest" classname="Tests.Unit.Assertions.AssertTest" assertions="2" time="0.007394"/>
        <testcase name="`Object Assertions` → `Sad Paths` → rejects non-countable values" file="tests/Unit/Assertions/AssertTest.php::`Object Assertions` → `Sad Paths` → rejects non-countable values" class="Tests\Unit\Assertions\AssertTest" classname="Tests.Unit.Assertions.AssertTest" assertions="2" time="0.007507"/>
        <testcase name="`Object Assertions` → `Sad Paths` → rejects non-array-accessible values" file="tests/Unit/Assertions/AssertTest.php::`Object Assertions` → `Sad Paths` → rejects non-array-accessible values" class="Tests\Unit\Assertions\AssertTest" classname="Tests.Unit.Assertions.AssertTest" assertions="2" time="0.007315"/>
        <testcase name="`Object Assertions` → `Sad Paths` → rejects invalid class name" file="tests/Unit/Assertions/AssertTest.php::`Object Assertions` → `Sad Paths` → rejects invalid class name" class="Tests\Unit\Assertions\AssertTest" classname="Tests.Unit.Assertions.AssertTest" assertions="1" time="0.007396"/>
        <testcase name="`Object Assertions` → `Sad Paths` → rejects non-existent property on object" file="tests/Unit/Assertions/AssertTest.php::`Object Assertions` → `Sad Paths` → rejects non-existent property on object" class="Tests\Unit\Assertions\AssertTest" classname="Tests.Unit.Assertions.AssertTest" assertions="2" time="0.007161"/>
        <testsuite name="`Object Assertions` → `Sad Paths` → rejects when some properties do not exist on ob" tests="2" assertions="4" errors="0" failures="0" skipped="0" time="0.014865">
          <testcase name="`Object Assertions` → `Sad Paths` → rejects when some properties do not exist on object with data set &quot;(['invalidProperty'])&quot;" file="tests/Unit/Assertions/AssertTest.php::`Object Assertions` → `Sad Paths` → rejects when some properties do not exist on object with data set &quot;(['invalidProperty'])&quot;" class="Tests\Unit\Assertions\AssertTest" classname="Tests.Unit.Assertions.AssertTest" assertions="2" time="0.007449"/>
          <testcase name="`Object Assertions` → `Sad Paths` → rejects when some properties do not exist on object with data set &quot;(['invalidProperty', 'anotherInvalidProperty'])&quot;" file="tests/Unit/Assertions/AssertTest.php::`Object Assertions` → `Sad Paths` → rejects when some properties do not exist on object with data set &quot;(['invalidProperty', 'anotherInvalidProperty'])&quot;" class="Tests\Unit\Assertions\AssertTest" classname="Tests.Unit.Assertions.AssertTest" assertions="2" time="0.007416"/>
        </testsuite>
        <testcase name="`Object Assertions` → `Sad Paths` → rejects existing property when not expected on object" file="tests/Unit/Assertions/AssertTest.php::`Object Assertions` → `Sad Paths` → rejects existing property when not expected on object" class="Tests\Unit\Assertions\AssertTest" classname="Tests.Unit.Assertions.AssertTest" assertions="2" time="0.007494"/>
        <testcase name="`Object Assertions` → `Sad Paths` → rejects existing property when not expected on class" file="tests/Unit/Assertions/AssertTest.php::`Object Assertions` → `Sad Paths` → rejects existing property when not expected on class" class="Tests\Unit\Assertions\AssertTest" classname="Tests.Unit.Assertions.AssertTest" assertions="2" time="0.007504"/>
        <testcase name="`Object Assertions` → `Sad Paths` → rejects existing method when not expected on object" file="tests/Unit/Assertions/AssertTest.php::`Object Assertions` → `Sad Paths` → rejects existing method when not expected on object" class="Tests\Unit\Assertions\AssertTest" classname="Tests.Unit.Assertions.AssertTest" assertions="2" time="0.007424"/>
        <testcase name="`Object Assertions` → `Sad Paths` → rejects existing method when not expected on class" file="tests/Unit/Assertions/AssertTest.php::`Object Assertions` → `Sad Paths` → rejects existing method when not expected on class" class="Tests\Unit\Assertions\AssertTest" classname="Tests.Unit.Assertions.AssertTest" assertions="2" time="0.007445"/>
        <testcase name="`System Assertions` → `Happy Paths` → validates file exists" file="tests/Unit/Assertions/AssertTest.php::`System Assertions` → `Happy Paths` → validates file exists" class="Tests\Unit\Assertions\AssertTest" classname="Tests.Unit.Assertions.AssertTest" assertions="1" time="0.007341"/>
        <testcase name="`System Assertions` → `Happy Paths` → validates directory exists" file="tests/Unit/Assertions/AssertTest.php::`System Assertions` → `Happy Paths` → validates directory exists" class="Tests\Unit\Assertions\AssertTest" classname="Tests.Unit.Assertions.AssertTest" assertions="1" time="0.007610"/>
        <testcase name="`System Assertions` → `Happy Paths` → validates file is readable" file="tests/Unit/Assertions/AssertTest.php::`System Assertions` → `Happy Paths` → validates file is readable" class="Tests\Unit\Assertions\AssertTest" classname="Tests.Unit.Assertions.AssertTest" assertions="1" time="0.007525"/>
        <testcase name="`System Assertions` → `Happy Paths` → validates directory is writeable" file="tests/Unit/Assertions/AssertTest.php::`System Assertions` → `Happy Paths` → validates directory is writeable" class="Tests\Unit\Assertions\AssertTest" classname="Tests.Unit.Assertions.AssertTest" assertions="1" time="0.007576"/>
        <testcase name="`System Assertions` → `Happy Paths` → validates extension is loaded" file="tests/Unit/Assertions/AssertTest.php::`System Assertions` → `Happy Paths` → validates extension is loaded" class="Tests\Unit\Assertions\AssertTest" classname="Tests.Unit.Assertions.AssertTest" assertions="1" time="0.007499"/>
        <testcase name="`System Assertions` → `Happy Paths` → validates constant is defined" file="tests/Unit/Assertions/AssertTest.php::`System Assertions` → `Happy Paths` → validates constant is defined" class="Tests\Unit\Assertions\AssertTest" classname="Tests.Unit.Assertions.AssertTest" assertions="1" time="0.007632"/>
        <testcase name="`System Assertions` → `Happy Paths` → validates version comparison" file="tests/Unit/Assertions/AssertTest.php::`System Assertions` → `Happy Paths` → validates version comparison" class="Tests\Unit\Assertions\AssertTest" classname="Tests.Unit.Assertions.AssertTest" assertions="1" time="0.007637"/>
        <testcase name="`System Assertions` → `Happy Paths` → validates php version comparison" file="tests/Unit/Assertions/AssertTest.php::`System Assertions` → `Happy Paths` → validates php version comparison" class="Tests\Unit\Assertions\AssertTest" classname="Tests.Unit.Assertions.AssertTest" assertions="1" time="0.007663"/>
        <testcase name="`System Assertions` → `Happy Paths` → validates extension version comparison" file="tests/Unit/Assertions/AssertTest.php::`System Assertions` → `Happy Paths` → validates extension version comparison" class="Tests\Unit\Assertions\AssertTest" classname="Tests.Unit.Assertions.AssertTest" assertions="1" time="0.007496"/>
        <testcase name="`System Assertions` → `Happy Paths` → validates resource type" file="tests/Unit/Assertions/AssertTest.php::`System Assertions` → `Happy Paths` → validates resource type" class="Tests\Unit\Assertions\AssertTest" classname="Tests.Unit.Assertions.AssertTest" assertions="1" time="0.007621"/>
        <testcase name="`System Assertions` → `Sad Paths` → rejects empty filename" file="tests/Unit/Assertions/AssertTest.php::`System Assertions` → `Sad Paths` → rejects empty filename" class="Tests\Unit\Assertions\AssertTest" classname="Tests.Unit.Assertions.AssertTest" assertions="2" time="0.007631"/>
        <testcase name="`System Assertions` → `Sad Paths` → rejects non-existent file" file="tests/Unit/Assertions/AssertTest.php::`System Assertions` → `Sad Paths` → rejects non-existent file" class="Tests\Unit\Assertions\AssertTest" classname="Tests.Unit.Assertions.AssertTest" assertions="2" time="0.007489"/>
        <testcase name="`System Assertions` → `Sad Paths` → rejects non-existent directory" file="tests/Unit/Assertions/AssertTest.php::`System Assertions` → `Sad Paths` → rejects non-existent directory" class="Tests\Unit\Assertions\AssertTest" classname="Tests.Unit.Assertions.AssertTest" assertions="2" time="0.007681"/>
        <testcase name="`System Assertions` → `Sad Paths` → rejects non-readable path" file="tests/Unit/Assertions/AssertTest.php::`System Assertions` → `Sad Paths` → rejects non-readable path" class="Tests\Unit\Assertions\AssertTest" classname="Tests.Unit.Assertions.AssertTest" assertions="2" time="0.007579"/>
        <testcase name="`System Assertions` → `Sad Paths` → rejects non-writeable path" file="tests/Unit/Assertions/AssertTest.php::`System Assertions` → `Sad Paths` → rejects non-writeable path" class="Tests\Unit\Assertions\AssertTest" classname="Tests.Unit.Assertions.AssertTest" assertions="2" time="0.007510"/>
        <testcase name="`System Assertions` → `Sad Paths` → rejects extension not loaded" file="tests/Unit/Assertions/AssertTest.php::`System Assertions` → `Sad Paths` → rejects extension not loaded" class="Tests\Unit\Assertions\AssertTest" classname="Tests.Unit.Assertions.AssertTest" assertions="1" time="0.007690"/>
        <testcase name="`System Assertions` → `Sad Paths` → rejects undefined constant" file="tests/Unit/Assertions/AssertTest.php::`System Assertions` → `Sad Paths` → rejects undefined constant" class="Tests\Unit\Assertions\AssertTest" classname="Tests.Unit.Assertions.AssertTest" assertions="1" time="0.007724"/>
        <testcase name="`System Assertions` → `Sad Paths` → rejects invalid version comparison" file="tests/Unit/Assertions/AssertTest.php::`System Assertions` → `Sad Paths` → rejects invalid version comparison" class="Tests\Unit\Assertions\AssertTest" classname="Tests.Unit.Assertions.AssertTest" assertions="1" time="0.007732"/>
        <testcase name="`System Assertions` → `Sad Paths` → rejects invalid version operator" file="tests/Unit/Assertions/AssertTest.php::`System Assertions` → `Sad Paths` → rejects invalid version operator" class="Tests\Unit\Assertions\AssertTest" classname="Tests.Unit.Assertions.AssertTest" assertions="1" time="0.007795"/>
        <testcase name="`System Assertions` → `Sad Paths` → rejects invalid php version comparison" file="tests/Unit/Assertions/AssertTest.php::`System Assertions` → `Sad Paths` → rejects invalid php version comparison" class="Tests\Unit\Assertions\AssertTest" classname="Tests.Unit.Assertions.AssertTest" assertions="1" time="0.007862"/>
        <testcase name="`System Assertions` → `Sad Paths` → rejects invalid extension version comparison" file="tests/Unit/Assertions/AssertTest.php::`System Assertions` → `Sad Paths` → rejects invalid extension version comparison" class="Tests\Unit\Assertions\AssertTest" classname="Tests.Unit.Assertions.AssertTest" assertions="1" time="0.007818"/>
        <testcase name="`System Assertions` → `Sad Paths` → rejects non-resource values" file="tests/Unit/Assertions/AssertTest.php::`System Assertions` → `Sad Paths` → rejects non-resource values" class="Tests\Unit\Assertions\AssertTest" classname="Tests.Unit.Assertions.AssertTest" assertions="1" time="0.007815"/>
        <testcase name="`Advanced Assertions` → `Happy Paths` → applies assertion to all array elements" file="tests/Unit/Assertions/AssertTest.php::`Advanced Assertions` → `Happy Paths` → applies assertion to all array elements" class="Tests\Unit\Assertions\AssertTest" classname="Tests.Unit.Assertions.AssertTest" assertions="1" time="0.007779"/>
        <testcase name="`Advanced Assertions` → `Happy Paths` → applies complex assertion to all array elements" file="tests/Unit/Assertions/AssertTest.php::`Advanced Assertions` → `Happy Paths` → applies complex assertion to all array elements" class="Tests\Unit\Assertions\AssertTest" classname="Tests.Unit.Assertions.AssertTest" assertions="1" time="0.007798"/>
        <testcase name="`Advanced Assertions` → `Happy Paths` → allows null or validates value" file="tests/Unit/Assertions/AssertTest.php::`Advanced Assertions` → `Happy Paths` → allows null or validates value" class="Tests\Unit\Assertions\AssertTest" classname="Tests.Unit.Assertions.AssertTest" assertions="2" time="0.007903"/>
        <testcase name="`Advanced Assertions` → `Sad Paths` → rejects when any array element fails assertion" file="tests/Unit/Assertions/AssertTest.php::`Advanced Assertions` → `Sad Paths` → rejects when any array element fails assertion" class="Tests\Unit\Assertions\AssertTest" classname="Tests.Unit.Assertions.AssertTest" assertions="2" time="0.007824"/>
        <testcase name="`Advanced Assertions` → `Sad Paths` → rejects when any array element fails complex assertion" file="tests/Unit/Assertions/AssertTest.php::`Advanced Assertions` → `Sad Paths` → rejects when any array element fails complex assertion" class="Tests\Unit\Assertions\AssertTest" classname="Tests.Unit.Assertions.AssertTest" assertions="2" time="0.007913"/>
        <testcase name="`Advanced Assertions` → `Sad Paths` → rejects all assertion without value" file="tests/Unit/Assertions/AssertTest.php::`Advanced Assertions` → `Sad Paths` → rejects all assertion without value" class="Tests\Unit\Assertions\AssertTest" classname="Tests.Unit.Assertions.AssertTest" assertions="1" time="0.007865"/>
        <testcase name="`Advanced Assertions` → `Sad Paths` → rejects all assertion with non-traversable value" file="tests/Unit/Assertions/AssertTest.php::`Advanced Assertions` → `Sad Paths` → rejects all assertion with non-traversable value" class="Tests\Unit\Assertions\AssertTest" classname="Tests.Unit.Assertions.AssertTest" assertions="2" time="0.007800"/>
        <testcase name="`Advanced Assertions` → `Sad Paths` → rejects nullOr assertion without value" file="tests/Unit/Assertions/AssertTest.php::`Advanced Assertions` → `Sad Paths` → rejects nullOr assertion without value" class="Tests\Unit\Assertions\AssertTest" classname="Tests.Unit.Assertions.AssertTest" assertions="2" time="0.007567"/>
        <testcase name="`Advanced Assertions` → `Sad Paths` → rejects failed nullOr method call" file="tests/Unit/Assertions/AssertTest.php::`Advanced Assertions` → `Sad Paths` → rejects failed nullOr method call" class="Tests\Unit\Assertions\AssertTest" classname="Tests.Unit.Assertions.AssertTest" assertions="2" time="0.007773"/>
        <testcase name="`Exception Details` → `Edge Cases` → provides value and constraints in exception" file="tests/Unit/Assertions/AssertTest.php::`Exception Details` → `Edge Cases` → provides value and constraints in exception" class="Tests\Unit\Assertions\AssertTest" classname="Tests.Unit.Assertions.AssertTest" assertions="2" time="0.008012"/>
        <testcase name="`Stringify Behavior` → `Edge Cases` → truncates string values longer than 100 characters" file="tests/Unit/Assertions/AssertTest.php::`Stringify Behavior` → `Edge Cases` → truncates string values longer than 100 characters" class="Tests\Unit\Assertions\AssertTest" classname="Tests.Unit.Assertions.AssertTest" assertions="2" time="0.008023"/>
        <testcase name="`Stringify Behavior` → `Edge Cases` → truncates multibyte strings correctly" file="tests/Unit/Assertions/AssertTest.php::`Stringify Behavior` → `Edge Cases` → truncates multibyte strings correctly" class="Tests\Unit\Assertions\AssertTest" classname="Tests.Unit.Assertions.AssertTest" assertions="3" time="0.008491"/>
        <testcase name="`Stringify Behavior` → `Edge Cases` → reports resource type in error messages" file="tests/Unit/Assertions/AssertTest.php::`Stringify Behavior` → `Edge Cases` → reports resource type in error messages" class="Tests\Unit\Assertions\AssertTest" classname="Tests.Unit.Assertions.AssertTest" assertions="3" time="0.007597"/>
      </testsuite>
      <testsuite name="Tests\Unit\Assertions\AssertionChainFunctionsTest" file="tests/Unit/Assertions/AssertionChainFunctionsTest.php" tests="9" assertions="11" errors="0" failures="0" skipped="0" time="0.915919">
        <testcase name="`Happy Path` → that() returns assertion chain instance" file="tests/Unit/Assertions/AssertionChainFunctionsTest.php::`Happy Path` → that() returns assertion chain instance" class="Tests\Unit\Assertions\AssertionChainFunctionsTest" classname="Tests.Unit.Assertions.AssertionChainFunctionsTest" assertions="1" time="0.904214"/>
        <testcase name="`Happy Path` → assertion chain shifts arguments by one for comparisons" file="tests/Unit/Assertions/AssertionChainFunctionsTest.php::`Happy Path` → assertion chain shifts arguments by one for comparisons" class="Tests\Unit\Assertions\AssertionChainFunctionsTest" classname="Tests.Unit.Assertions.AssertionChainFunctionsTest" assertions="1" time="0.001301"/>
        <testcase name="`Happy Path` → assertion chain uses default error message when provided" file="tests/Unit/Assertions/AssertionChainFunctionsTest.php::`Happy Path` → assertion chain uses default error message when provided" class="Tests\Unit\Assertions\AssertionChainFunctionsTest" classname="Tests.Unit.Assertions.AssertionChainFunctionsTest" assertions="2" time="0.001055"/>
        <testcase name="`Happy Path` → nullOr() skips assertions when value is null" file="tests/Unit/Assertions/AssertionChainFunctionsTest.php::`Happy Path` → nullOr() skips assertions when value is null" class="Tests\Unit\Assertions\AssertionChainFunctionsTest" classname="Tests.Unit.Assertions.AssertionChainFunctionsTest" assertions="1" time="0.001031"/>
        <testcase name="`Happy Path` → all() validates all array elements" file="tests/Unit/Assertions/AssertionChainFunctionsTest.php::`Happy Path` → all() validates all array elements" class="Tests\Unit\Assertions\AssertionChainFunctionsTest" classname="Tests.Unit.Assertions.AssertionChainFunctionsTest" assertions="1" time="0.001039"/>
        <testcase name="`Happy Path` → thatAll() shortcut validates all array elements" file="tests/Unit/Assertions/AssertionChainFunctionsTest.php::`Happy Path` → thatAll() shortcut validates all array elements" class="Tests\Unit\Assertions\AssertionChainFunctionsTest" classname="Tests.Unit.Assertions.AssertionChainFunctionsTest" assertions="1" time="0.001051"/>
        <testcase name="`Happy Path` → thatNullOr() shortcut skips assertions for null values" file="tests/Unit/Assertions/AssertionChainFunctionsTest.php::`Happy Path` → thatNullOr() shortcut skips assertions for null values" class="Tests\Unit\Assertions\AssertionChainFunctionsTest" classname="Tests.Unit.Assertions.AssertionChainFunctionsTest" assertions="1" time="0.003810"/>
        <testcase name="`Happy Path` → satisfy() shortcut accepts custom validation callback" file="tests/Unit/Assertions/AssertionChainFunctionsTest.php::`Happy Path` → satisfy() shortcut accepts custom validation callback" class="Tests\Unit\Assertions\AssertionChainFunctionsTest" classname="Tests.Unit.Assertions.AssertionChainFunctionsTest" assertions="1" time="0.001244"/>
        <testcase name="`Sad Path` → unknown assertion method throws RuntimeException" file="tests/Unit/Assertions/AssertionChainFunctionsTest.php::`Sad Path` → unknown assertion method throws RuntimeException" class="Tests\Unit\Assertions\AssertionChainFunctionsTest" classname="Tests.Unit.Assertions.AssertionChainFunctionsTest" assertions="2" time="0.001175"/>
      </testsuite>
      <testsuite name="Tests\Unit\Assertions\AssertionChainTest" file="tests/Unit/Assertions/AssertionChainTest.php" tests="33" assertions="41" errors="0" failures="0" skipped="0" time="0.048344">
        <testcase name="`Happy Path` → Assert::that() returns assertion chain instance" file="tests/Unit/Assertions/AssertionChainTest.php::`Happy Path` → Assert::that() returns assertion chain instance" class="Tests\Unit\Assertions\AssertionChainTest" classname="Tests.Unit.Assertions.AssertionChainTest" assertions="1" time="0.006303"/>
        <testcase name="`Happy Path` → assertion chain shifts arguments by one for comparisons" file="tests/Unit/Assertions/AssertionChainTest.php::`Happy Path` → assertion chain shifts arguments by one for comparisons" class="Tests\Unit\Assertions\AssertionChainTest" classname="Tests.Unit.Assertions.AssertionChainTest" assertions="1" time="0.001112"/>
        <testcase name="`Happy Path` → assertion chain uses default error message when provided" file="tests/Unit/Assertions/AssertionChainTest.php::`Happy Path` → assertion chain uses default error message when provided" class="Tests\Unit\Assertions\AssertionChainTest" classname="Tests.Unit.Assertions.AssertionChainTest" assertions="2" time="0.001099"/>
        <testcase name="`Happy Path` → nullOr() skips assertions when value is null" file="tests/Unit/Assertions/AssertionChainTest.php::`Happy Path` → nullOr() skips assertions when value is null" class="Tests\Unit\Assertions\AssertionChainTest" classname="Tests.Unit.Assertions.AssertionChainTest" assertions="1" time="0.001062"/>
        <testcase name="`Happy Path` → all() validates all array elements" file="tests/Unit/Assertions/AssertionChainTest.php::`Happy Path` → all() validates all array elements" class="Tests\Unit\Assertions\AssertionChainTest" classname="Tests.Unit.Assertions.AssertionChainTest" assertions="1" time="0.001062"/>
        <testcase name="`Happy Path` → thatAll() shortcut validates all array elements" file="tests/Unit/Assertions/AssertionChainTest.php::`Happy Path` → thatAll() shortcut validates all array elements" class="Tests\Unit\Assertions\AssertionChainTest" classname="Tests.Unit.Assertions.AssertionChainTest" assertions="1" time="0.001144"/>
        <testcase name="`Happy Path` → thatNullOr() shortcut skips assertions for null values" file="tests/Unit/Assertions/AssertionChainTest.php::`Happy Path` → thatNullOr() shortcut skips assertions for null values" class="Tests\Unit\Assertions\AssertionChainTest" classname="Tests.Unit.Assertions.AssertionChainTest" assertions="1" time="0.001117"/>
        <testcase name="`Happy Path` → satisfy() shortcut accepts custom validation callback" file="tests/Unit/Assertions/AssertionChainTest.php::`Happy Path` → satisfy() shortcut accepts custom validation callback" class="Tests\Unit\Assertions\AssertionChainTest" classname="Tests.Unit.Assertions.AssertionChainTest" assertions="1" time="0.001126"/>
        <testcase name="`Happy Path` → custom assertion class is used when set on chain" file="tests/Unit/Assertions/AssertionChainTest.php::`Happy Path` → custom assertion class is used when set on chain" class="Tests\Unit\Assertions\AssertionChainTest" classname="Tests.Unit.Assertions.AssertionChainTest" assertions="1" time="0.001359"/>
        <testcase name="`Happy Path` → not() negates the next assertion - passes when assertion fails" file="tests/Unit/Assertions/AssertionChainTest.php::`Happy Path` → not() negates the next assertion - passes when assertion fails" class="Tests\Unit\Assertions\AssertionChainTest" classname="Tests.Unit.Assertions.AssertionChainTest" assertions="1" time="0.001151"/>
        <testcase name="`Happy Path` → not() negates string assertion" file="tests/Unit/Assertions/AssertionChainTest.php::`Happy Path` → not() negates string assertion" class="Tests\Unit\Assertions\AssertionChainTest" classname="Tests.Unit.Assertions.AssertionChainTest" assertions="1" time="0.001161"/>
        <testcase name="`Happy Path` → not() negates integer assertion" file="tests/Unit/Assertions/AssertionChainTest.php::`Happy Path` → not() negates integer assertion" class="Tests\Unit\Assertions\AssertionChainTest" classname="Tests.Unit.Assertions.AssertionChainTest" assertions="1" time="0.001161"/>
        <testcase name="`Happy Path` → not() negates null assertion" file="tests/Unit/Assertions/AssertionChainTest.php::`Happy Path` → not() negates null assertion" class="Tests\Unit\Assertions\AssertionChainTest" classname="Tests.Unit.Assertions.AssertionChainTest" assertions="1" time="0.001167"/>
        <testcase name="`Happy Path` → not() negates boolean assertion" file="tests/Unit/Assertions/AssertionChainTest.php::`Happy Path` → not() negates boolean assertion" class="Tests\Unit\Assertions\AssertionChainTest" classname="Tests.Unit.Assertions.AssertionChainTest" assertions="1" time="0.001180"/>
        <testcase name="`Happy Path` → not() negates same assertion" file="tests/Unit/Assertions/AssertionChainTest.php::`Happy Path` → not() negates same assertion" class="Tests\Unit\Assertions\AssertionChainTest" classname="Tests.Unit.Assertions.AssertionChainTest" assertions="1" time="0.001255"/>
        <testcase name="`Happy Path` → not() negates greaterThan assertion" file="tests/Unit/Assertions/AssertionChainTest.php::`Happy Path` → not() negates greaterThan assertion" class="Tests\Unit\Assertions\AssertionChainTest" classname="Tests.Unit.Assertions.AssertionChainTest" assertions="1" time="0.001242"/>
        <testcase name="`Happy Path` → not() negates lessThan assertion" file="tests/Unit/Assertions/AssertionChainTest.php::`Happy Path` → not() negates lessThan assertion" class="Tests\Unit\Assertions\AssertionChainTest" classname="Tests.Unit.Assertions.AssertionChainTest" assertions="1" time="0.001216"/>
        <testcase name="`Happy Path` → not() negates contains assertion" file="tests/Unit/Assertions/AssertionChainTest.php::`Happy Path` → not() negates contains assertion" class="Tests\Unit\Assertions\AssertionChainTest" classname="Tests.Unit.Assertions.AssertionChainTest" assertions="1" time="0.001255"/>
        <testcase name="`Happy Path` → not() negates startsWith assertion" file="tests/Unit/Assertions/AssertionChainTest.php::`Happy Path` → not() negates startsWith assertion" class="Tests\Unit\Assertions\AssertionChainTest" classname="Tests.Unit.Assertions.AssertionChainTest" assertions="1" time="0.001328"/>
        <testcase name="`Happy Path` → not() negates endsWith assertion" file="tests/Unit/Assertions/AssertionChainTest.php::`Happy Path` → not() negates endsWith assertion" class="Tests\Unit\Assertions\AssertionChainTest" classname="Tests.Unit.Assertions.AssertionChainTest" assertions="1" time="0.001266"/>
        <testcase name="`Happy Path` → not() works with method chaining" file="tests/Unit/Assertions/AssertionChainTest.php::`Happy Path` → not() works with method chaining" class="Tests\Unit\Assertions\AssertionChainTest" classname="Tests.Unit.Assertions.AssertionChainTest" assertions="1" time="0.003058"/>
        <testcase name="`Sad Path` → unknown assertion method throws RuntimeException" file="tests/Unit/Assertions/AssertionChainTest.php::`Sad Path` → unknown assertion method throws RuntimeException" class="Tests\Unit\Assertions\AssertionChainTest" classname="Tests.Unit.Assertions.AssertionChainTest" assertions="2" time="0.001362"/>
        <testsuite name="`Sad Path` → setAssertionClassName rejects invalid assertion class" tests="5" assertions="5" errors="0" failures="0" skipped="0" time="0.006642">
          <testcase name="`Sad Path` → setAssertionClassName rejects invalid assertion classes with data set &quot;dataset &quot;null&quot;&quot;" file="tests/Unit/Assertions/AssertionChainTest.php::`Sad Path` → setAssertionClassName rejects invalid assertion classes with data set &quot;dataset &quot;null&quot;&quot;" class="Tests\Unit\Assertions\AssertionChainTest" classname="Tests.Unit.Assertions.AssertionChainTest" assertions="1" time="0.001331"/>
          <testcase name="`Sad Path` → setAssertionClassName rejects invalid assertion classes with data set &quot;dataset &quot;string&quot;&quot;" file="tests/Unit/Assertions/AssertionChainTest.php::`Sad Path` → setAssertionClassName rejects invalid assertion classes with data set &quot;dataset &quot;string&quot;&quot;" class="Tests\Unit\Assertions\AssertionChainTest" classname="Tests.Unit.Assertions.AssertionChainTest" assertions="1" time="0.001326"/>
          <testcase name="`Sad Path` → setAssertionClassName rejects invalid assertion classes with data set &quot;dataset &quot;array&quot;&quot;" file="tests/Unit/Assertions/AssertionChainTest.php::`Sad Path` → setAssertionClassName rejects invalid assertion classes with data set &quot;dataset &quot;array&quot;&quot;" class="Tests\Unit\Assertions\AssertionChainTest" classname="Tests.Unit.Assertions.AssertionChainTest" assertions="1" time="0.001330"/>
          <testcase name="`Sad Path` → setAssertionClassName rejects invalid assertion classes with data set &quot;dataset &quot;object&quot;&quot;" file="tests/Unit/Assertions/AssertionChainTest.php::`Sad Path` → setAssertionClassName rejects invalid assertion classes with data set &quot;dataset &quot;object&quot;&quot;" class="Tests\Unit\Assertions\AssertionChainTest" classname="Tests.Unit.Assertions.AssertionChainTest" assertions="1" time="0.001331"/>
          <testcase name="`Sad Path` → setAssertionClassName rejects invalid assertion classes with data set &quot;dataset &quot;other class&quot;&quot;" file="tests/Unit/Assertions/AssertionChainTest.php::`Sad Path` → setAssertionClassName rejects invalid assertion classes with data set &quot;dataset &quot;other class&quot;&quot;" class="Tests\Unit\Assertions\AssertionChainTest" classname="Tests.Unit.Assertions.AssertionChainTest" assertions="1" time="0.001324"/>
        </testsuite>
        <testcase name="`Sad Path` → not() throws when negated assertion passes" file="tests/Unit/Assertions/AssertionChainTest.php::`Sad Path` → not() throws when negated assertion passes" class="Tests\Unit\Assertions\AssertionChainTest" classname="Tests.Unit.Assertions.AssertionChainTest" assertions="2" time="0.001420"/>
        <testcase name="`Sad Path` → not() throws when negated string assertion passes" file="tests/Unit/Assertions/AssertionChainTest.php::`Sad Path` → not() throws when negated string assertion passes" class="Tests\Unit\Assertions\AssertionChainTest" classname="Tests.Unit.Assertions.AssertionChainTest" assertions="2" time="0.001399"/>
        <testcase name="`Sad Path` → not() throws when negated integer assertion passes" file="tests/Unit/Assertions/AssertionChainTest.php::`Sad Path` → not() throws when negated integer assertion passes" class="Tests\Unit\Assertions\AssertionChainTest" classname="Tests.Unit.Assertions.AssertionChainTest" assertions="2" time="0.001403"/>
        <testcase name="`Sad Path` → not() throws when negated null assertion passes" file="tests/Unit/Assertions/AssertionChainTest.php::`Sad Path` → not() throws when negated null assertion passes" class="Tests\Unit\Assertions\AssertionChainTest" classname="Tests.Unit.Assertions.AssertionChainTest" assertions="2" time="0.001418"/>
        <testcase name="`Sad Path` → not() throws when negated greaterThan assertion passes" file="tests/Unit/Assertions/AssertionChainTest.php::`Sad Path` → not() throws when negated greaterThan assertion passes" class="Tests\Unit\Assertions\AssertionChainTest" classname="Tests.Unit.Assertions.AssertionChainTest" assertions="2" time="0.001435"/>
        <testcase name="`Sad Path` → not() throws when negated contains assertion passes" file="tests/Unit/Assertions/AssertionChainTest.php::`Sad Path` → not() throws when negated contains assertion passes" class="Tests\Unit\Assertions\AssertionChainTest" classname="Tests.Unit.Assertions.AssertionChainTest" assertions="2" time="0.001444"/>
      </testsuite>
      <testsuite name="Tests\Unit\Assertions\CustomAssertionClassTest" file="tests/Unit/Assertions/CustomAssertionClassTest.php" tests="8" assertions="9" errors="0" failures="0" skipped="0" time="0.019802">
        <testcase name="`Happy Path` → custom assertion class uses custom exception" file="tests/Unit/Assertions/CustomAssertionClassTest.php::`Happy Path` → custom assertion class uses custom exception" class="Tests\Unit\Assertions\CustomAssertionClassTest" classname="Tests.Unit.Assertions.CustomAssertionClassTest" assertions="1" time="0.011733"/>
        <testcase name="`Happy Path` → custom assertion class is called for assertion chains" file="tests/Unit/Assertions/CustomAssertionClassTest.php::`Happy Path` → custom assertion class is called for assertion chains" class="Tests\Unit\Assertions\CustomAssertionClassTest" classname="Tests.Unit.Assertions.CustomAssertionClassTest" assertions="2" time="0.001090"/>
        <testcase name="`Happy Path` → custom lazy assertion uses custom assertion class" file="tests/Unit/Assertions/CustomAssertionClassTest.php::`Happy Path` → custom lazy assertion uses custom assertion class" class="Tests\Unit\Assertions\CustomAssertionClassTest" classname="Tests.Unit.Assertions.CustomAssertionClassTest" assertions="1" time="0.001254"/>
        <testcase name="`Happy Path` → custom lazy assertion exception contains only custom assertion exceptions" file="tests/Unit/Assertions/CustomAssertionClassTest.php::`Happy Path` → custom lazy assertion exception contains only custom assertion exceptions" class="Tests\Unit\Assertions\CustomAssertionClassTest" classname="Tests.Unit.Assertions.CustomAssertionClassTest" assertions="1" time="0.001168"/>
        <testcase name="`Happy Path` → custom lazy assertion uses tryAll() per chain" file="tests/Unit/Assertions/CustomAssertionClassTest.php::`Happy Path` → custom lazy assertion uses tryAll() per chain" class="Tests\Unit\Assertions\CustomAssertionClassTest" classname="Tests.Unit.Assertions.CustomAssertionClassTest" assertions="1" time="0.001217"/>
        <testcase name="`Happy Path` → custom lazy assertion uses tryAll() globally" file="tests/Unit/Assertions/CustomAssertionClassTest.php::`Happy Path` → custom lazy assertion uses tryAll() globally" class="Tests\Unit\Assertions\CustomAssertionClassTest" classname="Tests.Unit.Assertions.CustomAssertionClassTest" assertions="1" time="0.001119"/>
        <testcase name="`Sad Path` → custom lazy assertion throws custom exception on validation failure" file="tests/Unit/Assertions/CustomAssertionClassTest.php::`Sad Path` → custom lazy assertion throws custom exception on validation failure" class="Tests\Unit\Assertions\CustomAssertionClassTest" classname="Tests.Unit.Assertions.CustomAssertionClassTest" assertions="1" time="0.001095"/>
        <testcase name="`Sad Path` → custom lazy assertion throws custom exception when first assertion passes" file="tests/Unit/Assertions/CustomAssertionClassTest.php::`Sad Path` → custom lazy assertion throws custom exception when first assertion passes" class="Tests\Unit\Assertions\CustomAssertionClassTest" classname="Tests.Unit.Assertions.CustomAssertionClassTest" assertions="1" time="0.001126"/>
      </testsuite>
      <testsuite name="Tests\Unit\Assertions\LazyArrayTest" file="tests/Unit/Assertions/LazyArrayTest.php" tests="1" assertions="1" errors="0" failures="0" skipped="0" time="0.008049">
        <testcase name="`Happy Path` → lazy assertion validates multiple array fields successfully" file="tests/Unit/Assertions/LazyArrayTest.php::`Happy Path` → lazy assertion validates multiple array fields successfully" class="Tests\Unit\Assertions\LazyArrayTest" classname="Tests.Unit.Assertions.LazyArrayTest" assertions="1" time="0.008049"/>
      </testsuite>
      <testsuite name="Tests\Unit\Assertions\LazyAssertionTest" file="tests/Unit/Assertions/LazyAssertionTest.php" tests="12" assertions="21" errors="0" failures="0" skipped="0" time="0.018508">
        <testcase name="`Happy Path` → verifyNow() returns true when all assertions pass" file="tests/Unit/Assertions/LazyAssertionTest.php::`Happy Path` → verifyNow() returns true when all assertions pass" class="Tests\Unit\Assertions\LazyAssertionTest" classname="Tests.Unit.Assertions.LazyAssertionTest" assertions="1" time="0.006051"/>
        <testcase name="`Happy Path` → lazy assertion exception can return all error messages" file="tests/Unit/Assertions/LazyAssertionTest.php::`Happy Path` → lazy assertion exception can return all error messages" class="Tests\Unit\Assertions\LazyAssertionTest" classname="Tests.Unit.Assertions.LazyAssertionTest" assertions="1" time="0.001071"/>
        <testcase name="`Happy Path` → tryAll() reports all assertion failures in chain" file="tests/Unit/Assertions/LazyAssertionTest.php::`Happy Path` → tryAll() reports all assertion failures in chain" class="Tests\Unit\Assertions\LazyAssertionTest" classname="Tests.Unit.Assertions.LazyAssertionTest" assertions="1" time="0.001062"/>
        <testcase name="`Happy Path` → tryAll() on lazy reports all failures across chains" file="tests/Unit/Assertions/LazyAssertionTest.php::`Happy Path` → tryAll() on lazy reports all failures across chains" class="Tests\Unit\Assertions\LazyAssertionTest" classname="Tests.Unit.Assertions.LazyAssertionTest" assertions="2" time="0.001082"/>
        <testcase name="`Happy Path` → custom exception class can be set on lazy assertion" file="tests/Unit/Assertions/LazyAssertionTest.php::`Happy Path` → custom exception class can be set on lazy assertion" class="Tests\Unit\Assertions\LazyAssertionTest" classname="Tests.Unit.Assertions.LazyAssertionTest" assertions="2" time="0.001086"/>
        <testcase name="`Happy Path` → lazy assertion exception extends InvalidArgumentException" file="tests/Unit/Assertions/LazyAssertionTest.php::`Happy Path` → lazy assertion exception extends InvalidArgumentException" class="Tests\Unit\Assertions\LazyAssertionTest" classname="Tests.Unit.Assertions.LazyAssertionTest" assertions="2" time="0.001138"/>
        <testcase name="`Sad Path` → lazy assertion collects all assertion failures" file="tests/Unit/Assertions/LazyAssertionTest.php::`Sad Path` → lazy assertion collects all assertion failures" class="Tests\Unit\Assertions\LazyAssertionTest" classname="Tests.Unit.Assertions.LazyAssertionTest" assertions="2" time="0.001098"/>
        <testcase name="`Sad Path` → lazy assertion skips remaining assertions in chain after failure" file="tests/Unit/Assertions/LazyAssertionTest.php::`Sad Path` → lazy assertion skips remaining assertions in chain after failure" class="Tests\Unit\Assertions\LazyAssertionTest" classname="Tests.Unit.Assertions.LazyAssertionTest" assertions="2" time="0.001107"/>
        <testcase name="`Sad Path` → tryAll() followed by that() still skips after first failure in new chain" file="tests/Unit/Assertions/LazyAssertionTest.php::`Sad Path` → tryAll() followed by that() still skips after first failure in new chain" class="Tests\Unit\Assertions\LazyAssertionTest" classname="Tests.Unit.Assertions.LazyAssertionTest" assertions="2" time="0.001138"/>
        <testcase name="`Sad Path` → tryAll() with multiple chains reports all failures" file="tests/Unit/Assertions/LazyAssertionTest.php::`Sad Path` → tryAll() with multiple chains reports all failures" class="Tests\Unit\Assertions\LazyAssertionTest" classname="Tests.Unit.Assertions.LazyAssertionTest" assertions="2" time="0.001154"/>
        <testcase name="`Sad Path` → setExceptionClass rejects invalid exception class" file="tests/Unit/Assertions/LazyAssertionTest.php::`Sad Path` → setExceptionClass rejects invalid exception class" class="Tests\Unit\Assertions\LazyAssertionTest" classname="Tests.Unit.Assertions.LazyAssertionTest" assertions="2" time="0.001262"/>
        <testcase name="`Sad Path` → setAssertClass rejects invalid assertion class" file="tests/Unit/Assertions/LazyAssertionTest.php::`Sad Path` → setAssertClass rejects invalid assertion class" class="Tests\Unit\Assertions\LazyAssertionTest" classname="Tests.Unit.Assertions.LazyAssertionTest" assertions="2" time="0.001259"/>
      </testsuite>
      <testsuite name="Tests\Unit\Assertions\LazyFunctionAssertionTest" file="tests/Unit/Assertions/LazyFunctionAssertionTest.php" tests="10" assertions="17" errors="0" failures="0" skipped="0" time="0.019015">
        <testcase name="`Happy Path` → verifyNow() returns true when all assertions pass" file="tests/Unit/Assertions/LazyFunctionAssertionTest.php::`Happy Path` → verifyNow() returns true when all assertions pass" class="Tests\Unit\Assertions\LazyFunctionAssertionTest" classname="Tests.Unit.Assertions.LazyFunctionAssertionTest" assertions="1" time="0.008615"/>
        <testcase name="`Happy Path` → lazy assertion exception can return all error messages" file="tests/Unit/Assertions/LazyFunctionAssertionTest.php::`Happy Path` → lazy assertion exception can return all error messages" class="Tests\Unit\Assertions\LazyFunctionAssertionTest" classname="Tests.Unit.Assertions.LazyFunctionAssertionTest" assertions="1" time="0.001263"/>
        <testcase name="`Happy Path` → tryAll() reports all assertion failures in chain" file="tests/Unit/Assertions/LazyFunctionAssertionTest.php::`Happy Path` → tryAll() reports all assertion failures in chain" class="Tests\Unit\Assertions\LazyFunctionAssertionTest" classname="Tests.Unit.Assertions.LazyFunctionAssertionTest" assertions="1" time="0.001191"/>
        <testcase name="`Happy Path` → tryAll() on lazy reports all failures across chains" file="tests/Unit/Assertions/LazyFunctionAssertionTest.php::`Happy Path` → tryAll() on lazy reports all failures across chains" class="Tests\Unit\Assertions\LazyFunctionAssertionTest" classname="Tests.Unit.Assertions.LazyFunctionAssertionTest" assertions="2" time="0.001221"/>
        <testcase name="`Happy Path` → custom exception class can be set on lazy assertion" file="tests/Unit/Assertions/LazyFunctionAssertionTest.php::`Happy Path` → custom exception class can be set on lazy assertion" class="Tests\Unit\Assertions\LazyFunctionAssertionTest" classname="Tests.Unit.Assertions.LazyFunctionAssertionTest" assertions="2" time="0.001101"/>
        <testcase name="`Happy Path` → lazy assertion exception extends InvalidArgumentException" file="tests/Unit/Assertions/LazyFunctionAssertionTest.php::`Happy Path` → lazy assertion exception extends InvalidArgumentException" class="Tests\Unit\Assertions\LazyFunctionAssertionTest" classname="Tests.Unit.Assertions.LazyFunctionAssertionTest" assertions="2" time="0.001094"/>
        <testcase name="`Sad Path` → lazy assertion collects all assertion failures" file="tests/Unit/Assertions/LazyFunctionAssertionTest.php::`Sad Path` → lazy assertion collects all assertion failures" class="Tests\Unit\Assertions\LazyFunctionAssertionTest" classname="Tests.Unit.Assertions.LazyFunctionAssertionTest" assertions="2" time="0.001124"/>
        <testcase name="`Sad Path` → lazy assertion skips remaining assertions in chain after failure" file="tests/Unit/Assertions/LazyFunctionAssertionTest.php::`Sad Path` → lazy assertion skips remaining assertions in chain after failure" class="Tests\Unit\Assertions\LazyFunctionAssertionTest" classname="Tests.Unit.Assertions.LazyFunctionAssertionTest" assertions="2" time="0.001142"/>
        <testcase name="`Sad Path` → tryAll() followed by that() still skips after first failure in new chain" file="tests/Unit/Assertions/LazyFunctionAssertionTest.php::`Sad Path` → tryAll() followed by that() still skips after first failure in new chain" class="Tests\Unit\Assertions\LazyFunctionAssertionTest" classname="Tests.Unit.Assertions.LazyFunctionAssertionTest" assertions="2" time="0.001111"/>
        <testcase name="`Sad Path` → tryAll() with multiple chains reports all failures" file="tests/Unit/Assertions/LazyFunctionAssertionTest.php::`Sad Path` → tryAll() with multiple chains reports all failures" class="Tests\Unit\Assertions\LazyFunctionAssertionTest" classname="Tests.Unit.Assertions.LazyFunctionAssertionTest" assertions="2" time="0.001153"/>
      </testsuite>
      <testsuite name="Tests\Unit\Exceptions\AssertionExceptionCallbackTest" file="tests/Unit/Exceptions/AssertionExceptionCallbackTest.php" tests="4" assertions="8" errors="0" failures="0" skipped="0" time="0.011897">
        <testcase name="`Happy Path` → custom error message via callback for simple assertion" file="tests/Unit/Exceptions/AssertionExceptionCallbackTest.php::`Happy Path` → custom error message via callback for simple assertion" class="Tests\Unit\Exceptions\AssertionExceptionCallbackTest" classname="Tests.Unit.Exceptions.AssertionExceptionCallbackTest" assertions="2" time="0.008786"/>
        <testcase name="`Happy Path` → custom error message via callback when regex fails at string type check" file="tests/Unit/Exceptions/AssertionExceptionCallbackTest.php::`Happy Path` → custom error message via callback when regex fails at string type check" class="Tests\Unit\Exceptions\AssertionExceptionCallbackTest" classname="Tests.Unit.Exceptions.AssertionExceptionCallbackTest" assertions="2" time="0.001020"/>
        <testcase name="`Happy Path` → custom error message via callback when regex fails at pattern match" file="tests/Unit/Exceptions/AssertionExceptionCallbackTest.php::`Happy Path` → custom error message via callback when regex fails at pattern match" class="Tests\Unit\Exceptions\AssertionExceptionCallbackTest" classname="Tests.Unit.Exceptions.AssertionExceptionCallbackTest" assertions="2" time="0.001033"/>
        <testcase name="`Happy Path` → custom error message via callback for method with default parameter" file="tests/Unit/Exceptions/AssertionExceptionCallbackTest.php::`Happy Path` → custom error message via callback for method with default parameter" class="Tests\Unit\Exceptions\AssertionExceptionCallbackTest" classname="Tests.Unit.Exceptions.AssertionExceptionCallbackTest" assertions="2" time="0.001058"/>
      </testsuite>
      <testsuite name="Tests\Unit\Exceptions\AssertionFailedExceptionTest" file="tests/Unit/Exceptions/AssertionFailedExceptionTest.php" tests="4" assertions="4" errors="0" failures="0" skipped="0" time="0.011474">
        <testsuite name="`Happy Path` → exception classes implement Throwable interfa" tests="4" assertions="4" errors="0" failures="0" skipped="0" time="0.011474">
          <testcase name="`Happy Path` → exception classes implement Throwable interface with data set &quot;dataset &quot;AssertionFailedException&quot;&quot;" file="tests/Unit/Exceptions/AssertionFailedExceptionTest.php::`Happy Path` → exception classes implement Throwable interface with data set &quot;dataset &quot;AssertionFailedException&quot;&quot;" class="Tests\Unit\Exceptions\AssertionFailedExceptionTest" classname="Tests.Unit.Exceptions.AssertionFailedExceptionTest" assertions="1" time="0.006955"/>
          <testcase name="`Happy Path` → exception classes implement Throwable interface with data set &quot;dataset &quot;LazyAssertionException&quot;&quot;" file="tests/Unit/Exceptions/AssertionFailedExceptionTest.php::`Happy Path` → exception classes implement Throwable interface with data set &quot;dataset &quot;LazyAssertionException&quot;&quot;" class="Tests\Unit\Exceptions\AssertionFailedExceptionTest" classname="Tests.Unit.Exceptions.AssertionFailedExceptionTest" assertions="1" time="0.001078"/>
          <testcase name="`Happy Path` → exception classes implement Throwable interface with data set &quot;dataset &quot;CustomException&quot;&quot;" file="tests/Unit/Exceptions/AssertionFailedExceptionTest.php::`Happy Path` → exception classes implement Throwable interface with data set &quot;dataset &quot;CustomException&quot;&quot;" class="Tests\Unit\Exceptions\AssertionFailedExceptionTest" classname="Tests.Unit.Exceptions.AssertionFailedExceptionTest" assertions="1" time="0.001073"/>
          <testcase name="`Happy Path` → exception classes implement Throwable interface with data set &quot;dataset &quot;CustomLazyAssertionException&quot;&quot;" file="tests/Unit/Exceptions/AssertionFailedExceptionTest.php::`Happy Path` → exception classes implement Throwable interface with data set &quot;dataset &quot;CustomLazyAssertionException&quot;&quot;" class="Tests\Unit\Exceptions\AssertionFailedExceptionTest" classname="Tests.Unit.Exceptions.AssertionFailedExceptionTest" assertions="1" time="0.002368"/>
        </testsuite>
      </testsuite>
      <testsuite name="Tests\Unit\Expectations\CollectionExpectationsTest" file="tests/Unit/Expectations/CollectionExpectationsTest.php" tests="14" assertions="21" errors="0" failures="0" skipped="0" time="0.022326">
        <testcase name="`Collection Expectations` → `Array/Collection Methods` → toHaveCount() accepts arrays with exact count" file="tests/Unit/Expectations/CollectionExpectationsTest.php::`Collection Expectations` → `Array/Collection Methods` → toHaveCount() accepts arrays with exact count" class="Tests\Unit\Expectations\CollectionExpectationsTest" classname="Tests.Unit.Expectations.CollectionExpectationsTest" assertions="3" time="0.007456"/>
        <testcase name="`Collection Expectations` → `Array/Collection Methods` → toHaveCount() rejects arrays with different count" file="tests/Unit/Expectations/CollectionExpectationsTest.php::`Collection Expectations` → `Array/Collection Methods` → toHaveCount() rejects arrays with different count" class="Tests\Unit\Expectations\CollectionExpectationsTest" classname="Tests.Unit.Expectations.CollectionExpectationsTest" assertions="1" time="0.001209"/>
        <testcase name="`Collection Expectations` → `Array/Collection Methods` → toHaveKey() accepts arrays with existing key" file="tests/Unit/Expectations/CollectionExpectationsTest.php::`Collection Expectations` → `Array/Collection Methods` → toHaveKey() accepts arrays with existing key" class="Tests\Unit\Expectations\CollectionExpectationsTest" classname="Tests.Unit.Expectations.CollectionExpectationsTest" assertions="3" time="0.001102"/>
        <testcase name="`Collection Expectations` → `Array/Collection Methods` → toHaveKey() rejects arrays without key" file="tests/Unit/Expectations/CollectionExpectationsTest.php::`Collection Expectations` → `Array/Collection Methods` → toHaveKey() rejects arrays without key" class="Tests\Unit\Expectations\CollectionExpectationsTest" classname="Tests.Unit.Expectations.CollectionExpectationsTest" assertions="1" time="0.001078"/>
        <testcase name="`Collection Expectations` → `Array/Collection Methods` → toContain() accepts arrays containing value" file="tests/Unit/Expectations/CollectionExpectationsTest.php::`Collection Expectations` → `Array/Collection Methods` → toContain() accepts arrays containing value" class="Tests\Unit\Expectations\CollectionExpectationsTest" classname="Tests.Unit.Expectations.CollectionExpectationsTest" assertions="3" time="0.001099"/>
        <testcase name="`Collection Expectations` → `Array/Collection Methods` → toContain() rejects arrays not containing value" file="tests/Unit/Expectations/CollectionExpectationsTest.php::`Collection Expectations` → `Array/Collection Methods` → toContain() rejects arrays not containing value" class="Tests\Unit\Expectations\CollectionExpectationsTest" classname="Tests.Unit.Expectations.CollectionExpectationsTest" assertions="1" time="0.001099"/>
        <testcase name="`Collection Expectations` → `Array/Collection Methods` → toHaveCount() works with countable objects" file="tests/Unit/Expectations/CollectionExpectationsTest.php::`Collection Expectations` → `Array/Collection Methods` → toHaveCount() works with countable objects" class="Tests\Unit\Expectations\CollectionExpectationsTest" classname="Tests.Unit.Expectations.CollectionExpectationsTest" assertions="1" time="0.001093"/>
        <testcase name="`Collection Expectations` → `Negation with Collections` → not-&gt;toHaveCount() accepts arrays with different count" file="tests/Unit/Expectations/CollectionExpectationsTest.php::`Collection Expectations` → `Negation with Collections` → not-&gt;toHaveCount() accepts arrays with different count" class="Tests\Unit\Expectations\CollectionExpectationsTest" classname="Tests.Unit.Expectations.CollectionExpectationsTest" assertions="2" time="0.001136"/>
        <testcase name="`Collection Expectations` → `Negation with Collections` → not-&gt;toHaveKey() accepts arrays without key" file="tests/Unit/Expectations/CollectionExpectationsTest.php::`Collection Expectations` → `Negation with Collections` → not-&gt;toHaveKey() accepts arrays without key" class="Tests\Unit\Expectations\CollectionExpectationsTest" classname="Tests.Unit.Expectations.CollectionExpectationsTest" assertions="1" time="0.001113"/>
        <testcase name="`Collection Expectations` → `Negation with Collections` → not-&gt;toContain() accepts arrays without value" file="tests/Unit/Expectations/CollectionExpectationsTest.php::`Collection Expectations` → `Negation with Collections` → not-&gt;toContain() accepts arrays without value" class="Tests\Unit\Expectations\CollectionExpectationsTest" classname="Tests.Unit.Expectations.CollectionExpectationsTest" assertions="1" time="0.001162"/>
        <testcase name="`Collection Expectations` → `Chaining Collection Methods` → can chain multiple collection assertions" file="tests/Unit/Expectations/CollectionExpectationsTest.php::`Collection Expectations` → `Chaining Collection Methods` → can chain multiple collection assertions" class="Tests\Unit\Expectations\CollectionExpectationsTest" classname="Tests.Unit.Expectations.CollectionExpectationsTest" assertions="1" time="0.001164"/>
        <testcase name="`Collection Expectations` → `Chaining Collection Methods` → can mix collection and value checks" file="tests/Unit/Expectations/CollectionExpectationsTest.php::`Collection Expectations` → `Chaining Collection Methods` → can mix collection and value checks" class="Tests\Unit\Expectations\CollectionExpectationsTest" classname="Tests.Unit.Expectations.CollectionExpectationsTest" assertions="1" time="0.001157"/>
        <testcase name="`Collection Expectations` → `Edge Cases` → toHaveLength() works for arrays (alias for toHaveCount)" file="tests/Unit/Expectations/CollectionExpectationsTest.php::`Collection Expectations` → `Edge Cases` → toHaveLength() works for arrays (alias for toHaveCount)" class="Tests\Unit\Expectations\CollectionExpectationsTest" classname="Tests.Unit.Expectations.CollectionExpectationsTest" assertions="1" time="0.001258"/>
        <testcase name="`Collection Expectations` → `Edge Cases` → toContain() requires string or array" file="tests/Unit/Expectations/CollectionExpectationsTest.php::`Collection Expectations` → `Edge Cases` → toContain() requires string or array" class="Tests\Unit\Expectations\CollectionExpectationsTest" classname="Tests.Unit.Expectations.CollectionExpectationsTest" assertions="1" time="0.001200"/>
      </testsuite>
      <testsuite name="Tests\Unit\Expectations\ExpectationTest" file="tests/Unit/Expectations/ExpectationTest.php" tests="20" assertions="35" errors="0" failures="0" skipped="0" time="0.034597">
        <testcase name="`Expectation Foundation` → can be instantiated with a value" file="tests/Unit/Expectations/ExpectationTest.php::`Expectation Foundation` → can be instantiated with a value" class="Tests\Unit\Expectations\ExpectationTest" classname="Tests.Unit.Expectations.ExpectationTest" assertions="1" time="0.008543"/>
        <testcase name="`Expectation Foundation` → global expect() function returns Expectation instance" file="tests/Unit/Expectations/ExpectationTest.php::`Expectation Foundation` → global expect() function returns Expectation instance" class="Tests\Unit\Expectations\ExpectationTest" classname="Tests.Unit.Expectations.ExpectationTest" assertions="1" time="0.001063"/>
        <testcase name="`Expectation Foundation` → throws exception for non-existent property" file="tests/Unit/Expectations/ExpectationTest.php::`Expectation Foundation` → throws exception for non-existent property" class="Tests\Unit\Expectations\ExpectationTest" classname="Tests.Unit.Expectations.ExpectationTest" assertions="0" time="0.004478"/>
        <testcase name="`Core Expectations` → `Happy Paths` → toBe() accepts strictly equal values" file="tests/Unit/Expectations/ExpectationTest.php::`Core Expectations` → `Happy Paths` → toBe() accepts strictly equal values" class="Tests\Unit\Expectations\ExpectationTest" classname="Tests.Unit.Expectations.ExpectationTest" assertions="4" time="0.001280"/>
        <testcase name="`Core Expectations` → `Happy Paths` → toEqual() is alias for toBe()" file="tests/Unit/Expectations/ExpectationTest.php::`Core Expectations` → `Happy Paths` → toEqual() is alias for toBe()" class="Tests\Unit\Expectations\ExpectationTest" classname="Tests.Unit.Expectations.ExpectationTest" assertions="2" time="0.001145"/>
        <testcase name="`Core Expectations` → `Happy Paths` → toBeNull() accepts null" file="tests/Unit/Expectations/ExpectationTest.php::`Core Expectations` → `Happy Paths` → toBeNull() accepts null" class="Tests\Unit\Expectations\ExpectationTest" classname="Tests.Unit.Expectations.ExpectationTest" assertions="1" time="0.001106"/>
        <testcase name="`Core Expectations` → `Happy Paths` → toBeTrue() accepts boolean true" file="tests/Unit/Expectations/ExpectationTest.php::`Core Expectations` → `Happy Paths` → toBeTrue() accepts boolean true" class="Tests\Unit\Expectations\ExpectationTest" classname="Tests.Unit.Expectations.ExpectationTest" assertions="1" time="0.001215"/>
        <testcase name="`Core Expectations` → `Happy Paths` → toBeFalse() accepts boolean false" file="tests/Unit/Expectations/ExpectationTest.php::`Core Expectations` → `Happy Paths` → toBeFalse() accepts boolean false" class="Tests\Unit\Expectations\ExpectationTest" classname="Tests.Unit.Expectations.ExpectationTest" assertions="1" time="0.001154"/>
        <testcase name="`Core Expectations` → `Happy Paths` → toBeTruthy() accepts truthy values" file="tests/Unit/Expectations/ExpectationTest.php::`Core Expectations` → `Happy Paths` → toBeTruthy() accepts truthy values" class="Tests\Unit\Expectations\ExpectationTest" classname="Tests.Unit.Expectations.ExpectationTest" assertions="5" time="0.001146"/>
        <testcase name="`Core Expectations` → `Happy Paths` → toBeFalsy() accepts falsy values" file="tests/Unit/Expectations/ExpectationTest.php::`Core Expectations` → `Happy Paths` → toBeFalsy() accepts falsy values" class="Tests\Unit\Expectations\ExpectationTest" classname="Tests.Unit.Expectations.ExpectationTest" assertions="5" time="0.001176"/>
        <testcase name="`Core Expectations` → `Happy Paths` → toBeEmpty() accepts empty values" file="tests/Unit/Expectations/ExpectationTest.php::`Core Expectations` → `Happy Paths` → toBeEmpty() accepts empty values" class="Tests\Unit\Expectations\ExpectationTest" classname="Tests.Unit.Expectations.ExpectationTest" assertions="3" time="0.001193"/>
        <testcase name="`Core Expectations` → `Sad Paths` → toBe() rejects non-equal values" file="tests/Unit/Expectations/ExpectationTest.php::`Core Expectations` → `Sad Paths` → toBe() rejects non-equal values" class="Tests\Unit\Expectations\ExpectationTest" classname="Tests.Unit.Expectations.ExpectationTest" assertions="1" time="0.001196"/>
        <testcase name="`Core Expectations` → `Sad Paths` → toBeNull() rejects non-null values" file="tests/Unit/Expectations/ExpectationTest.php::`Core Expectations` → `Sad Paths` → toBeNull() rejects non-null values" class="Tests\Unit\Expectations\ExpectationTest" classname="Tests.Unit.Expectations.ExpectationTest" assertions="1" time="0.001191"/>
        <testcase name="`Core Expectations` → `Sad Paths` → toBeTrue() rejects non-true values" file="tests/Unit/Expectations/ExpectationTest.php::`Core Expectations` → `Sad Paths` → toBeTrue() rejects non-true values" class="Tests\Unit\Expectations\ExpectationTest" classname="Tests.Unit.Expectations.ExpectationTest" assertions="1" time="0.001196"/>
        <testcase name="`Core Expectations` → `Sad Paths` → toBeFalse() rejects non-false values" file="tests/Unit/Expectations/ExpectationTest.php::`Core Expectations` → `Sad Paths` → toBeFalse() rejects non-false values" class="Tests\Unit\Expectations\ExpectationTest" classname="Tests.Unit.Expectations.ExpectationTest" assertions="1" time="0.001190"/>
        <testcase name="`Core Expectations` → `Sad Paths` → toBeTruthy() rejects falsy values" file="tests/Unit/Expectations/ExpectationTest.php::`Core Expectations` → `Sad Paths` → toBeTruthy() rejects falsy values" class="Tests\Unit\Expectations\ExpectationTest" classname="Tests.Unit.Expectations.ExpectationTest" assertions="1" time="0.001285"/>
        <testcase name="`Core Expectations` → `Sad Paths` → toBeFalsy() rejects truthy values" file="tests/Unit/Expectations/ExpectationTest.php::`Core Expectations` → `Sad Paths` → toBeFalsy() rejects truthy values" class="Tests\Unit\Expectations\ExpectationTest" classname="Tests.Unit.Expectations.ExpectationTest" assertions="1" time="0.001222"/>
        <testcase name="`Core Expectations` → `Edge Cases` → toBe() uses strict equality" file="tests/Unit/Expectations/ExpectationTest.php::`Core Expectations` → `Edge Cases` → toBe() uses strict equality" class="Tests\Unit\Expectations\ExpectationTest" classname="Tests.Unit.Expectations.ExpectationTest" assertions="1" time="0.001269"/>
        <testcase name="`Core Expectations` → `Edge Cases` → toBeTruthy() uses loose comparison" file="tests/Unit/Expectations/ExpectationTest.php::`Core Expectations` → `Edge Cases` → toBeTruthy() uses loose comparison" class="Tests\Unit\Expectations\ExpectationTest" classname="Tests.Unit.Expectations.ExpectationTest" assertions="2" time="0.001274"/>
        <testcase name="`Core Expectations` → `Edge Cases` → toBeFalsy() uses loose comparison" file="tests/Unit/Expectations/ExpectationTest.php::`Core Expectations` → `Edge Cases` → toBeFalsy() uses loose comparison" class="Tests\Unit\Expectations\ExpectationTest" classname="Tests.Unit.Expectations.ExpectationTest" assertions="2" time="0.001276"/>
      </testsuite>
      <testsuite name="Tests\Unit\Expectations\FormatExpectationsTest" file="tests/Unit/Expectations/FormatExpectationsTest.php" tests="15" assertions="27" errors="0" failures="0" skipped="0" time="0.027008">
        <testcase name="`Format Expectations` → `Email Format` → toBeEmail() accepts valid email addresses" file="tests/Unit/Expectations/FormatExpectationsTest.php::`Format Expectations` → `Email Format` → toBeEmail() accepts valid email addresses" class="Tests\Unit\Expectations\FormatExpectationsTest" classname="Tests.Unit.Expectations.FormatExpectationsTest" assertions="3" time="0.010861"/>
        <testcase name="`Format Expectations` → `Email Format` → toBeEmail() rejects invalid email addresses" file="tests/Unit/Expectations/FormatExpectationsTest.php::`Format Expectations` → `Email Format` → toBeEmail() rejects invalid email addresses" class="Tests\Unit\Expectations\FormatExpectationsTest" classname="Tests.Unit.Expectations.FormatExpectationsTest" assertions="2" time="0.001148"/>
        <testcase name="`Format Expectations` → `Email Format` → not-&gt;toBeEmail() accepts non-email strings" file="tests/Unit/Expectations/FormatExpectationsTest.php::`Format Expectations` → `Email Format` → not-&gt;toBeEmail() accepts non-email strings" class="Tests\Unit\Expectations\FormatExpectationsTest" classname="Tests.Unit.Expectations.FormatExpectationsTest" assertions="1" time="0.001096"/>
        <testcase name="`Format Expectations` → `URL Format` → toBeUrl() accepts valid URLs" file="tests/Unit/Expectations/FormatExpectationsTest.php::`Format Expectations` → `URL Format` → toBeUrl() accepts valid URLs" class="Tests\Unit\Expectations\FormatExpectationsTest" classname="Tests.Unit.Expectations.FormatExpectationsTest" assertions="3" time="0.001098"/>
        <testcase name="`Format Expectations` → `URL Format` → toBeUrl() rejects invalid URLs" file="tests/Unit/Expectations/FormatExpectationsTest.php::`Format Expectations` → `URL Format` → toBeUrl() rejects invalid URLs" class="Tests\Unit\Expectations\FormatExpectationsTest" classname="Tests.Unit.Expectations.FormatExpectationsTest" assertions="2" time="0.001108"/>
        <testcase name="`Format Expectations` → `URL Format` → not-&gt;toBeUrl() accepts non-URL strings" file="tests/Unit/Expectations/FormatExpectationsTest.php::`Format Expectations` → `URL Format` → not-&gt;toBeUrl() accepts non-URL strings" class="Tests\Unit\Expectations\FormatExpectationsTest" classname="Tests.Unit.Expectations.FormatExpectationsTest" assertions="1" time="0.001116"/>
        <testcase name="`Format Expectations` → `UUID Format` → toBeUuid() accepts valid UUIDs" file="tests/Unit/Expectations/FormatExpectationsTest.php::`Format Expectations` → `UUID Format` → toBeUuid() accepts valid UUIDs" class="Tests\Unit\Expectations\FormatExpectationsTest" classname="Tests.Unit.Expectations.FormatExpectationsTest" assertions="2" time="0.001120"/>
        <testcase name="`Format Expectations` → `UUID Format` → toBeUuid() rejects invalid UUIDs" file="tests/Unit/Expectations/FormatExpectationsTest.php::`Format Expectations` → `UUID Format` → toBeUuid() rejects invalid UUIDs" class="Tests\Unit\Expectations\FormatExpectationsTest" classname="Tests.Unit.Expectations.FormatExpectationsTest" assertions="2" time="0.001127"/>
        <testcase name="`Format Expectations` → `UUID Format` → not-&gt;toBeUuid() accepts non-UUID strings" file="tests/Unit/Expectations/FormatExpectationsTest.php::`Format Expectations` → `UUID Format` → not-&gt;toBeUuid() accepts non-UUID strings" class="Tests\Unit\Expectations\FormatExpectationsTest" classname="Tests.Unit.Expectations.FormatExpectationsTest" assertions="1" time="0.001191"/>
        <testcase name="`Format Expectations` → `JSON Format` → toBeJson() accepts valid JSON strings" file="tests/Unit/Expectations/FormatExpectationsTest.php::`Format Expectations` → `JSON Format` → toBeJson() accepts valid JSON strings" class="Tests\Unit\Expectations\FormatExpectationsTest" classname="Tests.Unit.Expectations.FormatExpectationsTest" assertions="4" time="0.001168"/>
        <testcase name="`Format Expectations` → `JSON Format` → toBeJson() rejects invalid JSON" file="tests/Unit/Expectations/FormatExpectationsTest.php::`Format Expectations` → `JSON Format` → toBeJson() rejects invalid JSON" class="Tests\Unit\Expectations\FormatExpectationsTest" classname="Tests.Unit.Expectations.FormatExpectationsTest" assertions="2" time="0.001160"/>
        <testcase name="`Format Expectations` → `JSON Format` → not-&gt;toBeJson() accepts non-JSON strings" file="tests/Unit/Expectations/FormatExpectationsTest.php::`Format Expectations` → `JSON Format` → not-&gt;toBeJson() accepts non-JSON strings" class="Tests\Unit\Expectations\FormatExpectationsTest" classname="Tests.Unit.Expectations.FormatExpectationsTest" assertions="1" time="0.001179"/>
        <testcase name="`Format Expectations` → `Chaining Format Checks` → can chain format with type checks" file="tests/Unit/Expectations/FormatExpectationsTest.php::`Format Expectations` → `Chaining Format Checks` → can chain format with type checks" class="Tests\Unit\Expectations\FormatExpectationsTest" classname="Tests.Unit.Expectations.FormatExpectationsTest" assertions="1" time="0.001195"/>
        <testcase name="`Format Expectations` → `Chaining Format Checks` → can use format checks with collections" file="tests/Unit/Expectations/FormatExpectationsTest.php::`Format Expectations` → `Chaining Format Checks` → can use format checks with collections" class="Tests\Unit\Expectations\FormatExpectationsTest" classname="Tests.Unit.Expectations.FormatExpectationsTest" assertions="1" time="0.001223"/>
        <testcase name="`Format Expectations` → `Chaining Format Checks` → can mix format and conditional checks" file="tests/Unit/Expectations/FormatExpectationsTest.php::`Format Expectations` → `Chaining Format Checks` → can mix format and conditional checks" class="Tests\Unit\Expectations\FormatExpectationsTest" classname="Tests.Unit.Expectations.FormatExpectationsTest" assertions="1" time="0.001219"/>
      </testsuite>
      <testsuite name="Tests\Unit\Expectations\ModifiersTest" file="tests/Unit/Expectations/ModifiersTest.php" tests="22" assertions="23" errors="0" failures="0" skipped="0" time="0.036565">
        <testcase name="`Expectation Modifiers` → `each() Modifier` → each() with callback applies expectation to all items" file="tests/Unit/Expectations/ModifiersTest.php::`Expectation Modifiers` → `each() Modifier` → each() with callback applies expectation to all items" class="Tests\Unit\Expectations\ModifiersTest" classname="Tests.Unit.Expectations.ModifiersTest" assertions="1" time="0.009888"/>
        <testcase name="`Expectation Modifiers` → `each() Modifier` → each() as property applies next assertion to all items" file="tests/Unit/Expectations/ModifiersTest.php::`Expectation Modifiers` → `each() Modifier` → each() as property applies next assertion to all items" class="Tests\Unit\Expectations\ModifiersTest" classname="Tests.Unit.Expectations.ModifiersTest" assertions="2" time="0.001058"/>
        <testcase name="`Expectation Modifiers` → `each() Modifier` → each() can use multiple chained assertions" file="tests/Unit/Expectations/ModifiersTest.php::`Expectation Modifiers` → `each() Modifier` → each() can use multiple chained assertions" class="Tests\Unit\Expectations\ModifiersTest" classname="Tests.Unit.Expectations.ModifiersTest" assertions="1" time="0.001058"/>
        <testcase name="`Expectation Modifiers` → `each() Modifier` → each() receives key as second parameter" file="tests/Unit/Expectations/ModifiersTest.php::`Expectation Modifiers` → `each() Modifier` → each() receives key as second parameter" class="Tests\Unit\Expectations\ModifiersTest" classname="Tests.Unit.Expectations.ModifiersTest" assertions="1" time="0.001077"/>
        <testcase name="`Expectation Modifiers` → `each() Modifier` → each() fails if any item fails assertion" file="tests/Unit/Expectations/ModifiersTest.php::`Expectation Modifiers` → `each() Modifier` → each() fails if any item fails assertion" class="Tests\Unit\Expectations\ModifiersTest" classname="Tests.Unit.Expectations.ModifiersTest" assertions="1" time="0.001082"/>
        <testcase name="`Expectation Modifiers` → `each() Modifier` → each() requires traversable value" file="tests/Unit/Expectations/ModifiersTest.php::`Expectation Modifiers` → `each() Modifier` → each() requires traversable value" class="Tests\Unit\Expectations\ModifiersTest" classname="Tests.Unit.Expectations.ModifiersTest" assertions="1" time="0.001092"/>
        <testcase name="`Expectation Modifiers` → `and() Modifier` → and() without argument continues on same value" file="tests/Unit/Expectations/ModifiersTest.php::`Expectation Modifiers` → `and() Modifier` → and() without argument continues on same value" class="Tests\Unit\Expectations\ModifiersTest" classname="Tests.Unit.Expectations.ModifiersTest" assertions="1" time="0.001130"/>
        <testcase name="`Expectation Modifiers` → `and() Modifier` → and() with argument creates new expectation" file="tests/Unit/Expectations/ModifiersTest.php::`Expectation Modifiers` → `and() Modifier` → and() with argument creates new expectation" class="Tests\Unit\Expectations\ModifiersTest" classname="Tests.Unit.Expectations.ModifiersTest" assertions="1" time="0.001191"/>
        <testcase name="`Expectation Modifiers` → `and() Modifier` → and() chains multiple different values" file="tests/Unit/Expectations/ModifiersTest.php::`Expectation Modifiers` → `and() Modifier` → and() chains multiple different values" class="Tests\Unit\Expectations\ModifiersTest" classname="Tests.Unit.Expectations.ModifiersTest" assertions="1" time="0.001151"/>
        <testcase name="`Expectation Modifiers` → `and() Modifier` → and() preserves original expectation" file="tests/Unit/Expectations/ModifiersTest.php::`Expectation Modifiers` → `and() Modifier` → and() preserves original expectation" class="Tests\Unit\Expectations\ModifiersTest" classname="Tests.Unit.Expectations.ModifiersTest" assertions="0" time="0.002803"/>
        <testcase name="`Expectation Modifiers` → `when() Modifier` → when() executes callback when condition is true" file="tests/Unit/Expectations/ModifiersTest.php::`Expectation Modifiers` → `when() Modifier` → when() executes callback when condition is true" class="Tests\Unit\Expectations\ModifiersTest" classname="Tests.Unit.Expectations.ModifiersTest" assertions="1" time="0.001234"/>
        <testcase name="`Expectation Modifiers` → `when() Modifier` → when() skips callback when condition is false" file="tests/Unit/Expectations/ModifiersTest.php::`Expectation Modifiers` → `when() Modifier` → when() skips callback when condition is false" class="Tests\Unit\Expectations\ModifiersTest" classname="Tests.Unit.Expectations.ModifiersTest" assertions="1" time="0.001284"/>
        <testcase name="`Expectation Modifiers` → `when() Modifier` → when() accepts callable condition" file="tests/Unit/Expectations/ModifiersTest.php::`Expectation Modifiers` → `when() Modifier` → when() accepts callable condition" class="Tests\Unit\Expectations\ModifiersTest" classname="Tests.Unit.Expectations.ModifiersTest" assertions="1" time="0.001241"/>
        <testcase name="`Expectation Modifiers` → `when() Modifier` → when() chains with other expectations" file="tests/Unit/Expectations/ModifiersTest.php::`Expectation Modifiers` → `when() Modifier` → when() chains with other expectations" class="Tests\Unit\Expectations\ModifiersTest" classname="Tests.Unit.Expectations.ModifiersTest" assertions="1" time="0.001212"/>
        <testcase name="`Expectation Modifiers` → `unless() Modifier` → unless() executes callback when condition is false" file="tests/Unit/Expectations/ModifiersTest.php::`Expectation Modifiers` → `unless() Modifier` → unless() executes callback when condition is false" class="Tests\Unit\Expectations\ModifiersTest" classname="Tests.Unit.Expectations.ModifiersTest" assertions="1" time="0.001200"/>
        <testcase name="`Expectation Modifiers` → `unless() Modifier` → unless() skips callback when condition is true" file="tests/Unit/Expectations/ModifiersTest.php::`Expectation Modifiers` → `unless() Modifier` → unless() skips callback when condition is true" class="Tests\Unit\Expectations\ModifiersTest" classname="Tests.Unit.Expectations.ModifiersTest" assertions="1" time="0.001233"/>
        <testcase name="`Expectation Modifiers` → `unless() Modifier` → unless() accepts callable condition" file="tests/Unit/Expectations/ModifiersTest.php::`Expectation Modifiers` → `unless() Modifier` → unless() accepts callable condition" class="Tests\Unit\Expectations\ModifiersTest" classname="Tests.Unit.Expectations.ModifiersTest" assertions="1" time="0.001227"/>
        <testcase name="`Expectation Modifiers` → `unless() Modifier` → unless() is inverse of when()" file="tests/Unit/Expectations/ModifiersTest.php::`Expectation Modifiers` → `unless() Modifier` → unless() is inverse of when()" class="Tests\Unit\Expectations\ModifiersTest" classname="Tests.Unit.Expectations.ModifiersTest" assertions="2" time="0.001272"/>
        <testcase name="`Expectation Modifiers` → `Combining Modifiers` → can combine each() with negation" file="tests/Unit/Expectations/ModifiersTest.php::`Expectation Modifiers` → `Combining Modifiers` → can combine each() with negation" class="Tests\Unit\Expectations\ModifiersTest" classname="Tests.Unit.Expectations.ModifiersTest" assertions="1" time="0.001277"/>
        <testcase name="`Expectation Modifiers` → `Combining Modifiers` → can combine when() with and()" file="tests/Unit/Expectations/ModifiersTest.php::`Expectation Modifiers` → `Combining Modifiers` → can combine when() with and()" class="Tests\Unit\Expectations\ModifiersTest" classname="Tests.Unit.Expectations.ModifiersTest" assertions="1" time="0.001282"/>
        <testcase name="`Expectation Modifiers` → `Combining Modifiers` → can chain multiple conditional modifiers" file="tests/Unit/Expectations/ModifiersTest.php::`Expectation Modifiers` → `Combining Modifiers` → can chain multiple conditional modifiers" class="Tests\Unit\Expectations\ModifiersTest" classname="Tests.Unit.Expectations.ModifiersTest" assertions="1" time="0.001262"/>
        <testcase name="`Expectation Modifiers` → `Combining Modifiers` → each() with when() creates complex conditions" file="tests/Unit/Expectations/ModifiersTest.php::`Expectation Modifiers` → `Combining Modifiers` → each() with when() creates complex conditions" class="Tests\Unit\Expectations\ModifiersTest" classname="Tests.Unit.Expectations.ModifiersTest" assertions="1" time="0.001310"/>
      </testsuite>
      <testsuite name="Tests\Unit\Expectations\NegationTest" file="tests/Unit/Expectations/NegationTest.php" tests="20" assertions="37" errors="0" failures="0" skipped="0" time="0.035201">
        <testcase name="`Negation Modifier (-&gt;not)` → `Happy Paths` → not-&gt;toBe() rejects equal values" file="tests/Unit/Expectations/NegationTest.php::`Negation Modifier (-&gt;not)` → `Happy Paths` → not-&gt;toBe() rejects equal values" class="Tests\Unit\Expectations\NegationTest" classname="Tests.Unit.Expectations.NegationTest" assertions="2" time="0.010729"/>
        <testcase name="`Negation Modifier (-&gt;not)` → `Happy Paths` → not-&gt;toBeNull() accepts non-null values" file="tests/Unit/Expectations/NegationTest.php::`Negation Modifier (-&gt;not)` → `Happy Paths` → not-&gt;toBeNull() accepts non-null values" class="Tests\Unit\Expectations\NegationTest" classname="Tests.Unit.Expectations.NegationTest" assertions="4" time="0.001081"/>
        <testcase name="`Negation Modifier (-&gt;not)` → `Happy Paths` → not-&gt;toBeTrue() accepts non-true values" file="tests/Unit/Expectations/NegationTest.php::`Negation Modifier (-&gt;not)` → `Happy Paths` → not-&gt;toBeTrue() accepts non-true values" class="Tests\Unit\Expectations\NegationTest" classname="Tests.Unit.Expectations.NegationTest" assertions="3" time="0.001060"/>
        <testcase name="`Negation Modifier (-&gt;not)` → `Happy Paths` → not-&gt;toBeFalse() accepts non-false values" file="tests/Unit/Expectations/NegationTest.php::`Negation Modifier (-&gt;not)` → `Happy Paths` → not-&gt;toBeFalse() accepts non-false values" class="Tests\Unit\Expectations\NegationTest" classname="Tests.Unit.Expectations.NegationTest" assertions="3" time="0.001121"/>
        <testcase name="`Negation Modifier (-&gt;not)` → `Happy Paths` → not-&gt;toBeTruthy() accepts falsy values" file="tests/Unit/Expectations/NegationTest.php::`Negation Modifier (-&gt;not)` → `Happy Paths` → not-&gt;toBeTruthy() accepts falsy values" class="Tests\Unit\Expectations\NegationTest" classname="Tests.Unit.Expectations.NegationTest" assertions="4" time="0.001167"/>
        <testcase name="`Negation Modifier (-&gt;not)` → `Happy Paths` → not-&gt;toBeFalsy() accepts truthy values" file="tests/Unit/Expectations/NegationTest.php::`Negation Modifier (-&gt;not)` → `Happy Paths` → not-&gt;toBeFalsy() accepts truthy values" class="Tests\Unit\Expectations\NegationTest" classname="Tests.Unit.Expectations.NegationTest" assertions="4" time="0.001122"/>
        <testcase name="`Negation Modifier (-&gt;not)` → `Happy Paths` → not-&gt;toBeEmpty() accepts non-empty values" file="tests/Unit/Expectations/NegationTest.php::`Negation Modifier (-&gt;not)` → `Happy Paths` → not-&gt;toBeEmpty() accepts non-empty values" class="Tests\Unit\Expectations\NegationTest" classname="Tests.Unit.Expectations.NegationTest" assertions="3" time="0.001203"/>
        <testcase name="`Negation Modifier (-&gt;not)` → `Happy Paths` → not-&gt;toBeString() accepts non-string values" file="tests/Unit/Expectations/NegationTest.php::`Negation Modifier (-&gt;not)` → `Happy Paths` → not-&gt;toBeString() accepts non-string values" class="Tests\Unit\Expectations\NegationTest" classname="Tests.Unit.Expectations.NegationTest" assertions="3" time="0.001217"/>
        <testcase name="`Negation Modifier (-&gt;not)` → `Happy Paths` → not-&gt;toBeInt() accepts non-integer values" file="tests/Unit/Expectations/NegationTest.php::`Negation Modifier (-&gt;not)` → `Happy Paths` → not-&gt;toBeInt() accepts non-integer values" class="Tests\Unit\Expectations\NegationTest" classname="Tests.Unit.Expectations.NegationTest" assertions="3" time="0.001357"/>
        <testcase name="`Negation Modifier (-&gt;not)` → `Happy Paths` → not-&gt;toBeArray() accepts non-array values" file="tests/Unit/Expectations/NegationTest.php::`Negation Modifier (-&gt;not)` → `Happy Paths` → not-&gt;toBeArray() accepts non-array values" class="Tests\Unit\Expectations\NegationTest" classname="Tests.Unit.Expectations.NegationTest" assertions="3" time="0.001382"/>
        <testcase name="`Negation Modifier (-&gt;not)` → `Sad Paths` → not-&gt;toBe() fails when values are equal" file="tests/Unit/Expectations/NegationTest.php::`Negation Modifier (-&gt;not)` → `Sad Paths` → not-&gt;toBe() fails when values are equal" class="Tests\Unit\Expectations\NegationTest" classname="Tests.Unit.Expectations.NegationTest" assertions="0" time="0.001416"/>
        <testcase name="`Negation Modifier (-&gt;not)` → `Sad Paths` → not-&gt;toBeNull() fails when value is null" file="tests/Unit/Expectations/NegationTest.php::`Negation Modifier (-&gt;not)` → `Sad Paths` → not-&gt;toBeNull() fails when value is null" class="Tests\Unit\Expectations\NegationTest" classname="Tests.Unit.Expectations.NegationTest" assertions="0" time="0.001314"/>
        <testcase name="`Negation Modifier (-&gt;not)` → `Sad Paths` → not-&gt;toBeTrue() fails when value is true" file="tests/Unit/Expectations/NegationTest.php::`Negation Modifier (-&gt;not)` → `Sad Paths` → not-&gt;toBeTrue() fails when value is true" class="Tests\Unit\Expectations\NegationTest" classname="Tests.Unit.Expectations.NegationTest" assertions="0" time="0.001417"/>
        <testcase name="`Negation Modifier (-&gt;not)` → `Sad Paths` → not-&gt;toBeFalse() fails when value is false" file="tests/Unit/Expectations/NegationTest.php::`Negation Modifier (-&gt;not)` → `Sad Paths` → not-&gt;toBeFalse() fails when value is false" class="Tests\Unit\Expectations\NegationTest" classname="Tests.Unit.Expectations.NegationTest" assertions="0" time="0.001366"/>
        <testcase name="`Negation Modifier (-&gt;not)` → `Sad Paths` → not-&gt;toBeTruthy() fails when value is truthy" file="tests/Unit/Expectations/NegationTest.php::`Negation Modifier (-&gt;not)` → `Sad Paths` → not-&gt;toBeTruthy() fails when value is truthy" class="Tests\Unit\Expectations\NegationTest" classname="Tests.Unit.Expectations.NegationTest" assertions="0" time="0.001403"/>
        <testcase name="`Negation Modifier (-&gt;not)` → `Sad Paths` → not-&gt;toBeFalsy() fails when value is falsy" file="tests/Unit/Expectations/NegationTest.php::`Negation Modifier (-&gt;not)` → `Sad Paths` → not-&gt;toBeFalsy() fails when value is falsy" class="Tests\Unit\Expectations\NegationTest" classname="Tests.Unit.Expectations.NegationTest" assertions="0" time="0.001391"/>
        <testcase name="`Negation Modifier (-&gt;not)` → `Sad Paths` → not-&gt;toBeString() fails when value is string" file="tests/Unit/Expectations/NegationTest.php::`Negation Modifier (-&gt;not)` → `Sad Paths` → not-&gt;toBeString() fails when value is string" class="Tests\Unit\Expectations\NegationTest" classname="Tests.Unit.Expectations.NegationTest" assertions="0" time="0.001449"/>
        <testcase name="`Negation Modifier (-&gt;not)` → `Edge Cases` → multiple not calls create separate clones" file="tests/Unit/Expectations/NegationTest.php::`Negation Modifier (-&gt;not)` → `Edge Cases` → multiple not calls create separate clones" class="Tests\Unit\Expectations\NegationTest" classname="Tests.Unit.Expectations.NegationTest" assertions="2" time="0.001315"/>
        <testcase name="`Negation Modifier (-&gt;not)` → `Edge Cases` → not property returns new instance" file="tests/Unit/Expectations/NegationTest.php::`Negation Modifier (-&gt;not)` → `Edge Cases` → not property returns new instance" class="Tests\Unit\Expectations\NegationTest" classname="Tests.Unit.Expectations.NegationTest" assertions="2" time="0.001303"/>
        <testcase name="`Negation Modifier (-&gt;not)` → `Edge Cases` → chaining after negation works" file="tests/Unit/Expectations/NegationTest.php::`Negation Modifier (-&gt;not)` → `Edge Cases` → chaining after negation works" class="Tests\Unit\Expectations\NegationTest" classname="Tests.Unit.Expectations.NegationTest" assertions="1" time="0.001387"/>
      </testsuite>
      <testsuite name="Tests\Unit\Expectations\NumericExpectationsTest" file="tests/Unit/Expectations/NumericExpectationsTest.php" tests="15" assertions="32" errors="0" failures="0" skipped="0" time="0.028689">
        <testcase name="`Numeric Expectations` → `Comparison Methods` → toBeGreaterThan() accepts greater values" file="tests/Unit/Expectations/NumericExpectationsTest.php::`Numeric Expectations` → `Comparison Methods` → toBeGreaterThan() accepts greater values" class="Tests\Unit\Expectations\NumericExpectationsTest" classname="Tests.Unit.Expectations.NumericExpectationsTest" assertions="3" time="0.012090"/>
        <testcase name="`Numeric Expectations` → `Comparison Methods` → toBeGreaterThan() rejects equal or lesser values" file="tests/Unit/Expectations/NumericExpectationsTest.php::`Numeric Expectations` → `Comparison Methods` → toBeGreaterThan() rejects equal or lesser values" class="Tests\Unit\Expectations\NumericExpectationsTest" classname="Tests.Unit.Expectations.NumericExpectationsTest" assertions="2" time="0.001125"/>
        <testcase name="`Numeric Expectations` → `Comparison Methods` → toBeGreaterThanOrEqual() accepts greater or equal values" file="tests/Unit/Expectations/NumericExpectationsTest.php::`Numeric Expectations` → `Comparison Methods` → toBeGreaterThanOrEqual() accepts greater or equal values" class="Tests\Unit\Expectations\NumericExpectationsTest" classname="Tests.Unit.Expectations.NumericExpectationsTest" assertions="3" time="0.001239"/>
        <testcase name="`Numeric Expectations` → `Comparison Methods` → toBeGreaterThanOrEqual() rejects lesser values" file="tests/Unit/Expectations/NumericExpectationsTest.php::`Numeric Expectations` → `Comparison Methods` → toBeGreaterThanOrEqual() rejects lesser values" class="Tests\Unit\Expectations\NumericExpectationsTest" classname="Tests.Unit.Expectations.NumericExpectationsTest" assertions="1" time="0.001234"/>
        <testcase name="`Numeric Expectations` → `Comparison Methods` → toBeLessThan() accepts lesser values" file="tests/Unit/Expectations/NumericExpectationsTest.php::`Numeric Expectations` → `Comparison Methods` → toBeLessThan() accepts lesser values" class="Tests\Unit\Expectations\NumericExpectationsTest" classname="Tests.Unit.Expectations.NumericExpectationsTest" assertions="3" time="0.001288"/>
        <testcase name="`Numeric Expectations` → `Comparison Methods` → toBeLessThan() rejects equal or greater values" file="tests/Unit/Expectations/NumericExpectationsTest.php::`Numeric Expectations` → `Comparison Methods` → toBeLessThan() rejects equal or greater values" class="Tests\Unit\Expectations\NumericExpectationsTest" classname="Tests.Unit.Expectations.NumericExpectationsTest" assertions="2" time="0.001182"/>
        <testcase name="`Numeric Expectations` → `Comparison Methods` → toBeLessThanOrEqual() accepts lesser or equal values" file="tests/Unit/Expectations/NumericExpectationsTest.php::`Numeric Expectations` → `Comparison Methods` → toBeLessThanOrEqual() accepts lesser or equal values" class="Tests\Unit\Expectations\NumericExpectationsTest" classname="Tests.Unit.Expectations.NumericExpectationsTest" assertions="3" time="0.001119"/>
        <testcase name="`Numeric Expectations` → `Comparison Methods` → toBeLessThanOrEqual() rejects greater values" file="tests/Unit/Expectations/NumericExpectationsTest.php::`Numeric Expectations` → `Comparison Methods` → toBeLessThanOrEqual() rejects greater values" class="Tests\Unit\Expectations\NumericExpectationsTest" classname="Tests.Unit.Expectations.NumericExpectationsTest" assertions="1" time="0.001126"/>
        <testcase name="`Numeric Expectations` → `Comparison Methods` → toBeBetween() accepts values in range (inclusive)" file="tests/Unit/Expectations/NumericExpectationsTest.php::`Numeric Expectations` → `Comparison Methods` → toBeBetween() accepts values in range (inclusive)" class="Tests\Unit\Expectations\NumericExpectationsTest" classname="Tests.Unit.Expectations.NumericExpectationsTest" assertions="4" time="0.001129"/>
        <testcase name="`Numeric Expectations` → `Comparison Methods` → toBeBetween() rejects values outside range" file="tests/Unit/Expectations/NumericExpectationsTest.php::`Numeric Expectations` → `Comparison Methods` → toBeBetween() rejects values outside range" class="Tests\Unit\Expectations\NumericExpectationsTest" classname="Tests.Unit.Expectations.NumericExpectationsTest" assertions="2" time="0.001211"/>
        <testcase name="`Numeric Expectations` → `Negation with Comparisons` → not-&gt;toBeGreaterThan() accepts equal or lesser values" file="tests/Unit/Expectations/NumericExpectationsTest.php::`Numeric Expectations` → `Negation with Comparisons` → not-&gt;toBeGreaterThan() accepts equal or lesser values" class="Tests\Unit\Expectations\NumericExpectationsTest" classname="Tests.Unit.Expectations.NumericExpectationsTest" assertions="2" time="0.001155"/>
        <testcase name="`Numeric Expectations` → `Negation with Comparisons` → not-&gt;toBeLessThan() accepts equal or greater values" file="tests/Unit/Expectations/NumericExpectationsTest.php::`Numeric Expectations` → `Negation with Comparisons` → not-&gt;toBeLessThan() accepts equal or greater values" class="Tests\Unit\Expectations\NumericExpectationsTest" classname="Tests.Unit.Expectations.NumericExpectationsTest" assertions="2" time="0.001187"/>
        <testcase name="`Numeric Expectations` → `Negation with Comparisons` → not-&gt;toBeBetween() accepts values outside range" file="tests/Unit/Expectations/NumericExpectationsTest.php::`Numeric Expectations` → `Negation with Comparisons` → not-&gt;toBeBetween() accepts values outside range" class="Tests\Unit\Expectations\NumericExpectationsTest" classname="Tests.Unit.Expectations.NumericExpectationsTest" assertions="2" time="0.001184"/>
        <testcase name="`Numeric Expectations` → `Chaining Comparisons` → can chain multiple comparison assertions" file="tests/Unit/Expectations/NumericExpectationsTest.php::`Numeric Expectations` → `Chaining Comparisons` → can chain multiple comparison assertions" class="Tests\Unit\Expectations\NumericExpectationsTest" classname="Tests.Unit.Expectations.NumericExpectationsTest" assertions="1" time="0.001198"/>
        <testcase name="`Numeric Expectations` → `Chaining Comparisons` → can mix comparisons with type checks" file="tests/Unit/Expectations/NumericExpectationsTest.php::`Numeric Expectations` → `Chaining Comparisons` → can mix comparisons with type checks" class="Tests\Unit\Expectations\NumericExpectationsTest" classname="Tests.Unit.Expectations.NumericExpectationsTest" assertions="1" time="0.001223"/>
      </testsuite>
      <testsuite name="Tests\Unit\Expectations\ObjectExpectationsTest" file="tests/Unit/Expectations/ObjectExpectationsTest.php" tests="13" assertions="18" errors="0" failures="0" skipped="0" time="0.025744">
        <testcase name="`Object Expectations` → `Object Structure Methods` → toHaveProperty() accepts objects with existing property" file="tests/Unit/Expectations/ObjectExpectationsTest.php::`Object Expectations` → `Object Structure Methods` → toHaveProperty() accepts objects with existing property" class="Tests\Unit\Expectations\ObjectExpectationsTest" classname="Tests.Unit.Expectations.ObjectExpectationsTest" assertions="2" time="0.010098"/>
        <testcase name="`Object Expectations` → `Object Structure Methods` → toHaveProperty() works with class instances" file="tests/Unit/Expectations/ObjectExpectationsTest.php::`Object Expectations` → `Object Structure Methods` → toHaveProperty() works with class instances" class="Tests\Unit\Expectations\ObjectExpectationsTest" classname="Tests.Unit.Expectations.ObjectExpectationsTest" assertions="2" time="0.001336"/>
        <testcase name="`Object Expectations` → `Object Structure Methods` → toHaveProperty() rejects objects without property" file="tests/Unit/Expectations/ObjectExpectationsTest.php::`Object Expectations` → `Object Structure Methods` → toHaveProperty() rejects objects without property" class="Tests\Unit\Expectations\ObjectExpectationsTest" classname="Tests.Unit.Expectations.ObjectExpectationsTest" assertions="1" time="0.001092"/>
        <testcase name="`Object Expectations` → `Object Structure Methods` → toHaveMethod() accepts objects with existing method" file="tests/Unit/Expectations/ObjectExpectationsTest.php::`Object Expectations` → `Object Structure Methods` → toHaveMethod() accepts objects with existing method" class="Tests\Unit\Expectations\ObjectExpectationsTest" classname="Tests.Unit.Expectations.ObjectExpectationsTest" assertions="2" time="0.001099"/>
        <testcase name="`Object Expectations` → `Object Structure Methods` → toHaveMethod() rejects objects without method" file="tests/Unit/Expectations/ObjectExpectationsTest.php::`Object Expectations` → `Object Structure Methods` → toHaveMethod() rejects objects without method" class="Tests\Unit\Expectations\ObjectExpectationsTest" classname="Tests.Unit.Expectations.ObjectExpectationsTest" assertions="1" time="0.001110"/>
        <testcase name="`Object Expectations` → `Object Structure Methods` → toBeInstanceOf() checks class inheritance" file="tests/Unit/Expectations/ObjectExpectationsTest.php::`Object Expectations` → `Object Structure Methods` → toBeInstanceOf() checks class inheritance" class="Tests\Unit\Expectations\ObjectExpectationsTest" classname="Tests.Unit.Expectations.ObjectExpectationsTest" assertions="2" time="0.001122"/>
        <testcase name="`Object Expectations` → `Negation with Objects` → not-&gt;toHaveProperty() accepts objects without property" file="tests/Unit/Expectations/ObjectExpectationsTest.php::`Object Expectations` → `Negation with Objects` → not-&gt;toHaveProperty() accepts objects without property" class="Tests\Unit\Expectations\ObjectExpectationsTest" classname="Tests.Unit.Expectations.ObjectExpectationsTest" assertions="1" time="0.001174"/>
        <testcase name="`Object Expectations` → `Negation with Objects` → not-&gt;toHaveMethod() accepts objects without method" file="tests/Unit/Expectations/ObjectExpectationsTest.php::`Object Expectations` → `Negation with Objects` → not-&gt;toHaveMethod() accepts objects without method" class="Tests\Unit\Expectations\ObjectExpectationsTest" classname="Tests.Unit.Expectations.ObjectExpectationsTest" assertions="1" time="0.001170"/>
        <testcase name="`Object Expectations` → `Negation with Objects` → not-&gt;toBeInstanceOf() accepts different classes" file="tests/Unit/Expectations/ObjectExpectationsTest.php::`Object Expectations` → `Negation with Objects` → not-&gt;toBeInstanceOf() accepts different classes" class="Tests\Unit\Expectations\ObjectExpectationsTest" classname="Tests.Unit.Expectations.ObjectExpectationsTest" assertions="1" time="0.001184"/>
        <testcase name="`Object Expectations` → `Chaining Object Methods` → can chain multiple object assertions" file="tests/Unit/Expectations/ObjectExpectationsTest.php::`Object Expectations` → `Chaining Object Methods` → can chain multiple object assertions" class="Tests\Unit\Expectations\ObjectExpectationsTest" classname="Tests.Unit.Expectations.ObjectExpectationsTest" assertions="1" time="0.001178"/>
        <testcase name="`Object Expectations` → `Chaining Object Methods` → can mix object and type checks" file="tests/Unit/Expectations/ObjectExpectationsTest.php::`Object Expectations` → `Chaining Object Methods` → can mix object and type checks" class="Tests\Unit\Expectations\ObjectExpectationsTest" classname="Tests.Unit.Expectations.ObjectExpectationsTest" assertions="1" time="0.002592"/>
        <testcase name="`Object Expectations` → `Edge Cases` → toHaveProperty() detects private properties" file="tests/Unit/Expectations/ObjectExpectationsTest.php::`Object Expectations` → `Edge Cases` → toHaveProperty() detects private properties" class="Tests\Unit\Expectations\ObjectExpectationsTest" classname="Tests.Unit.Expectations.ObjectExpectationsTest" assertions="2" time="0.001357"/>
        <testcase name="`Object Expectations` → `Edge Cases` → toHaveMethod() detects inherited methods" file="tests/Unit/Expectations/ObjectExpectationsTest.php::`Object Expectations` → `Edge Cases` → toHaveMethod() detects inherited methods" class="Tests\Unit\Expectations\ObjectExpectationsTest" classname="Tests.Unit.Expectations.ObjectExpectationsTest" assertions="1" time="0.001233"/>
      </testsuite>
      <testsuite name="Tests\Unit\Expectations\StringExpectationsTest" file="tests/Unit/Expectations/StringExpectationsTest.php" tests="16" assertions="28" errors="0" failures="0" skipped="0" time="0.028081">
        <testcase name="`String Expectations` → `String Pattern Methods` → toStartWith() accepts strings with matching prefix" file="tests/Unit/Expectations/StringExpectationsTest.php::`String Expectations` → `String Pattern Methods` → toStartWith() accepts strings with matching prefix" class="Tests\Unit\Expectations\StringExpectationsTest" classname="Tests.Unit.Expectations.StringExpectationsTest" assertions="3" time="0.010374"/>
        <testcase name="`String Expectations` → `String Pattern Methods` → toStartWith() rejects strings without matching prefix" file="tests/Unit/Expectations/StringExpectationsTest.php::`String Expectations` → `String Pattern Methods` → toStartWith() rejects strings without matching prefix" class="Tests\Unit\Expectations\StringExpectationsTest" classname="Tests.Unit.Expectations.StringExpectationsTest" assertions="1" time="0.001179"/>
        <testcase name="`String Expectations` → `String Pattern Methods` → toEndWith() accepts strings with matching suffix" file="tests/Unit/Expectations/StringExpectationsTest.php::`String Expectations` → `String Pattern Methods` → toEndWith() accepts strings with matching suffix" class="Tests\Unit\Expectations\StringExpectationsTest" classname="Tests.Unit.Expectations.StringExpectationsTest" assertions="3" time="0.001167"/>
        <testcase name="`String Expectations` → `String Pattern Methods` → toEndWith() rejects strings without matching suffix" file="tests/Unit/Expectations/StringExpectationsTest.php::`String Expectations` → `String Pattern Methods` → toEndWith() rejects strings without matching suffix" class="Tests\Unit\Expectations\StringExpectationsTest" classname="Tests.Unit.Expectations.StringExpectationsTest" assertions="1" time="0.001164"/>
        <testcase name="`String Expectations` → `String Pattern Methods` → toMatch() accepts strings matching regex" file="tests/Unit/Expectations/StringExpectationsTest.php::`String Expectations` → `String Pattern Methods` → toMatch() accepts strings matching regex" class="Tests\Unit\Expectations\StringExpectationsTest" classname="Tests.Unit.Expectations.StringExpectationsTest" assertions="3" time="0.001155"/>
        <testcase name="`String Expectations` → `String Pattern Methods` → toMatch() rejects strings not matching regex" file="tests/Unit/Expectations/StringExpectationsTest.php::`String Expectations` → `String Pattern Methods` → toMatch() rejects strings not matching regex" class="Tests\Unit\Expectations\StringExpectationsTest" classname="Tests.Unit.Expectations.StringExpectationsTest" assertions="1" time="0.001156"/>
        <testcase name="`String Expectations` → `String Pattern Methods` → toHaveLength() accepts strings with exact length" file="tests/Unit/Expectations/StringExpectationsTest.php::`String Expectations` → `String Pattern Methods` → toHaveLength() accepts strings with exact length" class="Tests\Unit\Expectations\StringExpectationsTest" classname="Tests.Unit.Expectations.StringExpectationsTest" assertions="3" time="0.001128"/>
        <testcase name="`String Expectations` → `String Pattern Methods` → toHaveLength() rejects strings with different length" file="tests/Unit/Expectations/StringExpectationsTest.php::`String Expectations` → `String Pattern Methods` → toHaveLength() rejects strings with different length" class="Tests\Unit\Expectations\StringExpectationsTest" classname="Tests.Unit.Expectations.StringExpectationsTest" assertions="1" time="0.001122"/>
        <testcase name="`String Expectations` → `String Pattern Methods` → toContain() accepts strings containing substring" file="tests/Unit/Expectations/StringExpectationsTest.php::`String Expectations` → `String Pattern Methods` → toContain() accepts strings containing substring" class="Tests\Unit\Expectations\StringExpectationsTest" classname="Tests.Unit.Expectations.StringExpectationsTest" assertions="3" time="0.001157"/>
        <testcase name="`String Expectations` → `String Pattern Methods` → toContain() rejects strings not containing substring" file="tests/Unit/Expectations/StringExpectationsTest.php::`String Expectations` → `String Pattern Methods` → toContain() rejects strings not containing substring" class="Tests\Unit\Expectations\StringExpectationsTest" classname="Tests.Unit.Expectations.StringExpectationsTest" assertions="1" time="0.001155"/>
        <testcase name="`String Expectations` → `Negation with String Methods` → not-&gt;toStartWith() accepts strings without prefix" file="tests/Unit/Expectations/StringExpectationsTest.php::`String Expectations` → `Negation with String Methods` → not-&gt;toStartWith() accepts strings without prefix" class="Tests\Unit\Expectations\StringExpectationsTest" classname="Tests.Unit.Expectations.StringExpectationsTest" assertions="2" time="0.001152"/>
        <testcase name="`String Expectations` → `Negation with String Methods` → not-&gt;toEndWith() accepts strings without suffix" file="tests/Unit/Expectations/StringExpectationsTest.php::`String Expectations` → `Negation with String Methods` → not-&gt;toEndWith() accepts strings without suffix" class="Tests\Unit\Expectations\StringExpectationsTest" classname="Tests.Unit.Expectations.StringExpectationsTest" assertions="2" time="0.001210"/>
        <testcase name="`String Expectations` → `Negation with String Methods` → not-&gt;toMatch() accepts strings not matching regex" file="tests/Unit/Expectations/StringExpectationsTest.php::`String Expectations` → `Negation with String Methods` → not-&gt;toMatch() accepts strings not matching regex" class="Tests\Unit\Expectations\StringExpectationsTest" classname="Tests.Unit.Expectations.StringExpectationsTest" assertions="1" time="0.001263"/>
        <testcase name="`String Expectations` → `Negation with String Methods` → not-&gt;toContain() accepts strings without substring" file="tests/Unit/Expectations/StringExpectationsTest.php::`String Expectations` → `Negation with String Methods` → not-&gt;toContain() accepts strings without substring" class="Tests\Unit\Expectations\StringExpectationsTest" classname="Tests.Unit.Expectations.StringExpectationsTest" assertions="1" time="0.001255"/>
        <testcase name="`String Expectations` → `Chaining String Methods` → can chain multiple string assertions" file="tests/Unit/Expectations/StringExpectationsTest.php::`String Expectations` → `Chaining String Methods` → can chain multiple string assertions" class="Tests\Unit\Expectations\StringExpectationsTest" classname="Tests.Unit.Expectations.StringExpectationsTest" assertions="1" time="0.001215"/>
        <testcase name="`String Expectations` → `Chaining String Methods` → can mix string and pattern checks" file="tests/Unit/Expectations/StringExpectationsTest.php::`String Expectations` → `Chaining String Methods` → can mix string and pattern checks" class="Tests\Unit\Expectations\StringExpectationsTest" classname="Tests.Unit.Expectations.StringExpectationsTest" assertions="1" time="0.001229"/>
      </testsuite>
      <testsuite name="Tests\Unit\Expectations\TypeExpectationsTest" file="tests/Unit/Expectations/TypeExpectationsTest.php" tests="30" assertions="61" errors="0" failures="0" skipped="0" time="0.047166">
        <testcase name="`Type Expectations` → `Happy Paths` → toBeString() accepts string values" file="tests/Unit/Expectations/TypeExpectationsTest.php::`Type Expectations` → `Happy Paths` → toBeString() accepts string values" class="Tests\Unit\Expectations\TypeExpectationsTest" classname="Tests.Unit.Expectations.TypeExpectationsTest" assertions="3" time="0.010411"/>
        <testcase name="`Type Expectations` → `Happy Paths` → toBeInt() accepts integer values" file="tests/Unit/Expectations/TypeExpectationsTest.php::`Type Expectations` → `Happy Paths` → toBeInt() accepts integer values" class="Tests\Unit\Expectations\TypeExpectationsTest" classname="Tests.Unit.Expectations.TypeExpectationsTest" assertions="4" time="0.001250"/>
        <testcase name="`Type Expectations` → `Happy Paths` → toBeFloat() accepts float values" file="tests/Unit/Expectations/TypeExpectationsTest.php::`Type Expectations` → `Happy Paths` → toBeFloat() accepts float values" class="Tests\Unit\Expectations\TypeExpectationsTest" classname="Tests.Unit.Expectations.TypeExpectationsTest" assertions="3" time="0.001150"/>
        <testcase name="`Type Expectations` → `Happy Paths` → toBeBool() accepts boolean values" file="tests/Unit/Expectations/TypeExpectationsTest.php::`Type Expectations` → `Happy Paths` → toBeBool() accepts boolean values" class="Tests\Unit\Expectations\TypeExpectationsTest" classname="Tests.Unit.Expectations.TypeExpectationsTest" assertions="2" time="0.001166"/>
        <testcase name="`Type Expectations` → `Happy Paths` → toBeArray() accepts array values" file="tests/Unit/Expectations/TypeExpectationsTest.php::`Type Expectations` → `Happy Paths` → toBeArray() accepts array values" class="Tests\Unit\Expectations\TypeExpectationsTest" classname="Tests.Unit.Expectations.TypeExpectationsTest" assertions="3" time="0.001126"/>
        <testcase name="`Type Expectations` → `Happy Paths` → toBeObject() accepts object values" file="tests/Unit/Expectations/TypeExpectationsTest.php::`Type Expectations` → `Happy Paths` → toBeObject() accepts object values" class="Tests\Unit\Expectations\TypeExpectationsTest" classname="Tests.Unit.Expectations.TypeExpectationsTest" assertions="2" time="0.001125"/>
        <testcase name="`Type Expectations` → `Happy Paths` → toBeCallable() accepts callable values" file="tests/Unit/Expectations/TypeExpectationsTest.php::`Type Expectations` → `Happy Paths` → toBeCallable() accepts callable values" class="Tests\Unit\Expectations\TypeExpectationsTest" classname="Tests.Unit.Expectations.TypeExpectationsTest" assertions="3" time="0.001163"/>
        <testcase name="`Type Expectations` → `Happy Paths` → toBeIterable() accepts iterable values" file="tests/Unit/Expectations/TypeExpectationsTest.php::`Type Expectations` → `Happy Paths` → toBeIterable() accepts iterable values" class="Tests\Unit\Expectations\TypeExpectationsTest" classname="Tests.Unit.Expectations.TypeExpectationsTest" assertions="2" time="0.001159"/>
        <testcase name="`Type Expectations` → `Happy Paths` → toBeCountable() accepts countable values" file="tests/Unit/Expectations/TypeExpectationsTest.php::`Type Expectations` → `Happy Paths` → toBeCountable() accepts countable values" class="Tests\Unit\Expectations\TypeExpectationsTest" classname="Tests.Unit.Expectations.TypeExpectationsTest" assertions="2" time="0.001167"/>
        <testcase name="`Type Expectations` → `Happy Paths` → toBeNumeric() accepts numeric values" file="tests/Unit/Expectations/TypeExpectationsTest.php::`Type Expectations` → `Happy Paths` → toBeNumeric() accepts numeric values" class="Tests\Unit\Expectations\TypeExpectationsTest" classname="Tests.Unit.Expectations.TypeExpectationsTest" assertions="3" time="0.001171"/>
        <testcase name="`Type Expectations` → `Happy Paths` → toBeScalar() accepts scalar values" file="tests/Unit/Expectations/TypeExpectationsTest.php::`Type Expectations` → `Happy Paths` → toBeScalar() accepts scalar values" class="Tests\Unit\Expectations\TypeExpectationsTest" classname="Tests.Unit.Expectations.TypeExpectationsTest" assertions="4" time="0.001223"/>
        <testcase name="`Type Expectations` → `Happy Paths` → toBeResource() accepts resource values" file="tests/Unit/Expectations/TypeExpectationsTest.php::`Type Expectations` → `Happy Paths` → toBeResource() accepts resource values" class="Tests\Unit\Expectations\TypeExpectationsTest" classname="Tests.Unit.Expectations.TypeExpectationsTest" assertions="1" time="0.001198"/>
        <testcase name="`Type Expectations` → `Sad Paths` → toBeString() rejects non-string values" file="tests/Unit/Expectations/TypeExpectationsTest.php::`Type Expectations` → `Sad Paths` → toBeString() rejects non-string values" class="Tests\Unit\Expectations\TypeExpectationsTest" classname="Tests.Unit.Expectations.TypeExpectationsTest" assertions="1" time="0.001193"/>
        <testcase name="`Type Expectations` → `Sad Paths` → toBeInt() rejects non-integer values" file="tests/Unit/Expectations/TypeExpectationsTest.php::`Type Expectations` → `Sad Paths` → toBeInt() rejects non-integer values" class="Tests\Unit\Expectations\TypeExpectationsTest" classname="Tests.Unit.Expectations.TypeExpectationsTest" assertions="2" time="0.001218"/>
        <testcase name="`Type Expectations` → `Sad Paths` → toBeFloat() rejects non-float values" file="tests/Unit/Expectations/TypeExpectationsTest.php::`Type Expectations` → `Sad Paths` → toBeFloat() rejects non-float values" class="Tests\Unit\Expectations\TypeExpectationsTest" classname="Tests.Unit.Expectations.TypeExpectationsTest" assertions="1" time="0.001251"/>
        <testcase name="`Type Expectations` → `Sad Paths` → toBeBool() rejects non-boolean values" file="tests/Unit/Expectations/TypeExpectationsTest.php::`Type Expectations` → `Sad Paths` → toBeBool() rejects non-boolean values" class="Tests\Unit\Expectations\TypeExpectationsTest" classname="Tests.Unit.Expectations.TypeExpectationsTest" assertions="2" time="0.001232"/>
        <testcase name="`Type Expectations` → `Sad Paths` → toBeArray() rejects non-array values" file="tests/Unit/Expectations/TypeExpectationsTest.php::`Type Expectations` → `Sad Paths` → toBeArray() rejects non-array values" class="Tests\Unit\Expectations\TypeExpectationsTest" classname="Tests.Unit.Expectations.TypeExpectationsTest" assertions="2" time="0.001242"/>
        <testcase name="`Type Expectations` → `Sad Paths` → toBeObject() rejects non-object values" file="tests/Unit/Expectations/TypeExpectationsTest.php::`Type Expectations` → `Sad Paths` → toBeObject() rejects non-object values" class="Tests\Unit\Expectations\TypeExpectationsTest" classname="Tests.Unit.Expectations.TypeExpectationsTest" assertions="1" time="0.001302"/>
        <testcase name="`Type Expectations` → `Sad Paths` → toBeCallable() rejects non-callable values" file="tests/Unit/Expectations/TypeExpectationsTest.php::`Type Expectations` → `Sad Paths` → toBeCallable() rejects non-callable values" class="Tests\Unit\Expectations\TypeExpectationsTest" classname="Tests.Unit.Expectations.TypeExpectationsTest" assertions="2" time="0.001313"/>
        <testcase name="`Type Expectations` → `Sad Paths` → toBeNumeric() rejects non-numeric values" file="tests/Unit/Expectations/TypeExpectationsTest.php::`Type Expectations` → `Sad Paths` → toBeNumeric() rejects non-numeric values" class="Tests\Unit\Expectations\TypeExpectationsTest" classname="Tests.Unit.Expectations.TypeExpectationsTest" assertions="1" time="0.001304"/>
        <testcase name="`Type Expectations` → `Sad Paths` → toBeScalar() rejects non-scalar values" file="tests/Unit/Expectations/TypeExpectationsTest.php::`Type Expectations` → `Sad Paths` → toBeScalar() rejects non-scalar values" class="Tests\Unit\Expectations\TypeExpectationsTest" classname="Tests.Unit.Expectations.TypeExpectationsTest" assertions="2" time="0.001326"/>
        <testcase name="`Type Expectations` → `Edge Cases` → toBeInt() strict check" file="tests/Unit/Expectations/TypeExpectationsTest.php::`Type Expectations` → `Edge Cases` → toBeInt() strict check" class="Tests\Unit\Expectations\TypeExpectationsTest" classname="Tests.Unit.Expectations.TypeExpectationsTest" assertions="1" time="0.001288"/>
        <testcase name="`Type Expectations` → `Edge Cases` → toBeFloat() strict check" file="tests/Unit/Expectations/TypeExpectationsTest.php::`Type Expectations` → `Edge Cases` → toBeFloat() strict check" class="Tests\Unit\Expectations\TypeExpectationsTest" classname="Tests.Unit.Expectations.TypeExpectationsTest" assertions="1" time="0.001325"/>
        <testcase name="`Type Expectations` → `Edge Cases` → toBeBool() strict check" file="tests/Unit/Expectations/TypeExpectationsTest.php::`Type Expectations` → `Edge Cases` → toBeBool() strict check" class="Tests\Unit\Expectations\TypeExpectationsTest" classname="Tests.Unit.Expectations.TypeExpectationsTest" assertions="2" time="0.001314"/>
        <testcase name="`Type Expectations` → `Edge Cases` → type expectations can be chained" file="tests/Unit/Expectations/TypeExpectationsTest.php::`Type Expectations` → `Edge Cases` → type expectations can be chained" class="Tests\Unit\Expectations\TypeExpectationsTest" classname="Tests.Unit.Expectations.TypeExpectationsTest" assertions="1" time="0.001344"/>
        <testcase name="`Type Expectations` → `Edge Cases` → toBeNumeric() accepts string numbers" file="tests/Unit/Expectations/TypeExpectationsTest.php::`Type Expectations` → `Edge Cases` → toBeNumeric() accepts string numbers" class="Tests\Unit\Expectations\TypeExpectationsTest" classname="Tests.Unit.Expectations.TypeExpectationsTest" assertions="2" time="0.001425"/>
        <testcase name="`Type Expectations` → `Negation with Types` → not-&gt;toBeString() accepts non-strings" file="tests/Unit/Expectations/TypeExpectationsTest.php::`Type Expectations` → `Negation with Types` → not-&gt;toBeString() accepts non-strings" class="Tests\Unit\Expectations\TypeExpectationsTest" classname="Tests.Unit.Expectations.TypeExpectationsTest" assertions="2" time="0.001444"/>
        <testcase name="`Type Expectations` → `Negation with Types` → not-&gt;toBeInt() accepts non-integers" file="tests/Unit/Expectations/TypeExpectationsTest.php::`Type Expectations` → `Negation with Types` → not-&gt;toBeInt() accepts non-integers" class="Tests\Unit\Expectations\TypeExpectationsTest" classname="Tests.Unit.Expectations.TypeExpectationsTest" assertions="2" time="0.001391"/>
        <testcase name="`Type Expectations` → `Negation with Types` → not-&gt;toBeFloat() accepts non-floats" file="tests/Unit/Expectations/TypeExpectationsTest.php::`Type Expectations` → `Negation with Types` → not-&gt;toBeFloat() accepts non-floats" class="Tests\Unit\Expectations\TypeExpectationsTest" classname="Tests.Unit.Expectations.TypeExpectationsTest" assertions="2" time="0.001403"/>
        <testcase name="`Type Expectations` → `Negation with Types` → not-&gt;toBeArray() accepts non-arrays" file="tests/Unit/Expectations/TypeExpectationsTest.php::`Type Expectations` → `Negation with Types` → not-&gt;toBeArray() accepts non-arrays" class="Tests\Unit\Expectations\TypeExpectationsTest" classname="Tests.Unit.Expectations.TypeExpectationsTest" assertions="2" time="0.001544"/>
      </testsuite>
      <testsuite name="Tests\Unit\PR142AllowOverridingStringifyTest" file="tests/Unit/PR142_AllowOverridingStringifyTest.php" tests="6" assertions="12" errors="0" failures="0" skipped="0" time="0.017979">
        <testsuite name="`Regression` → custom stringify method formats error messages correctly (PR #14" tests="6" assertions="12" errors="0" failures="0" skipped="0" time="0.017979">
          <testcase name="`Regression` → custom stringify method formats error messages correctly (PR #142) with data set &quot;dataset &quot;Float value&quot;&quot;" file="tests/Unit/PR142_AllowOverridingStringifyTest.php::`Regression` → custom stringify method formats error messages correctly (PR #142) with data set &quot;dataset &quot;Float value&quot;&quot;" class="Tests\Unit\PR142AllowOverridingStringifyTest" classname="Tests.Unit.PR142AllowOverridingStringifyTest" assertions="2" time="0.012338"/>
          <testcase name="`Regression` → custom stringify method formats error messages correctly (PR #142) with data set &quot;dataset &quot;Boolean false&quot;&quot;" file="tests/Unit/PR142_AllowOverridingStringifyTest.php::`Regression` → custom stringify method formats error messages correctly (PR #142) with data set &quot;dataset &quot;Boolean false&quot;&quot;" class="Tests\Unit\PR142AllowOverridingStringifyTest" classname="Tests.Unit.PR142AllowOverridingStringifyTest" assertions="2" time="0.001113"/>
          <testcase name="`Regression` → custom stringify method formats error messages correctly (PR #142) with data set &quot;dataset &quot;Object value&quot;&quot;" file="tests/Unit/PR142_AllowOverridingStringifyTest.php::`Regression` → custom stringify method formats error messages correctly (PR #142) with data set &quot;dataset &quot;Object value&quot;&quot;" class="Tests\Unit\PR142AllowOverridingStringifyTest" classname="Tests.Unit.PR142AllowOverridingStringifyTest" assertions="2" time="0.001081"/>
          <testcase name="`Regression` → custom stringify method formats error messages correctly (PR #142) with data set &quot;dataset &quot;Null value&quot;&quot;" file="tests/Unit/PR142_AllowOverridingStringifyTest.php::`Regression` → custom stringify method formats error messages correctly (PR #142) with data set &quot;dataset &quot;Null value&quot;&quot;" class="Tests\Unit\PR142AllowOverridingStringifyTest" classname="Tests.Unit.PR142AllowOverridingStringifyTest" assertions="2" time="0.001154"/>
          <testcase name="`Regression` → custom stringify method formats error messages correctly (PR #142) with data set &quot;dataset &quot;Integer value&quot;&quot;" file="tests/Unit/PR142_AllowOverridingStringifyTest.php::`Regression` → custom stringify method formats error messages correctly (PR #142) with data set &quot;dataset &quot;Integer value&quot;&quot;" class="Tests\Unit\PR142AllowOverridingStringifyTest" classname="Tests.Unit.PR142AllowOverridingStringifyTest" assertions="2" time="0.001157"/>
          <testcase name="`Regression` → custom stringify method formats error messages correctly (PR #142) with data set &quot;dataset &quot;Boolean true&quot;&quot;" file="tests/Unit/PR142_AllowOverridingStringifyTest.php::`Regression` → custom stringify method formats error messages correctly (PR #142) with data set &quot;dataset &quot;Boolean true&quot;&quot;" class="Tests\Unit\PR142AllowOverridingStringifyTest" classname="Tests.Unit.PR142AllowOverridingStringifyTest" assertions="2" time="0.001135"/>
        </testsuite>
      </testsuite>
    </testsuite>
  </testsuite>
</testsuites>
